Component: ARM Compiler 5.05 update 1 (build 106) Tool: armlink [4d0efa]

==============================================================================

Section Cross References

    main.o(i.assert_nrf_callback) refers to app_error.o(i.app_error_handler) for app_error_handler
    main.o(i.battery_sample) refers to adc.o(i.adc_init) for adc_init
    main.o(i.battery_sample) refers to main.o(i.nrf_delay_us) for nrf_delay_us
    main.o(i.battery_sample) refers to adc.o(i.adc_convert) for adc_convert
    main.o(i.battery_sample) refers to fflti.o(.text) for __aeabi_i2f
    main.o(i.battery_sample) refers to adc.o(i.adc_uninit) for adc_uninit
    main.o(i.battery_sample) refers to f2d.o(.text) for __aeabi_f2d
    main.o(i.battery_sample) refers to printfa.o(i.__0sprintf) for __2sprintf
    main.o(i.battery_sample) refers to segger_rtt_printf.o(i.SEGGER_RTT_printf) for SEGGER_RTT_printf
    main.o(i.battery_sample) refers to main.o(.data) for .data
    main.o(i.battery_sample) refers to main.o(.bss) for .bss
    main.o(i.ble_evt_handler) refers to nrf_log_frontend.o(i.nrf_log_frontend_std_1) for nrf_log_frontend_std_1
    main.o(i.ble_evt_handler) refers to nrf_log_frontend.o(i.nrf_log_frontend_std_0) for nrf_log_frontend_std_0
    main.o(i.ble_evt_handler) refers to bsp.o(i.bsp_indication_set) for bsp_indication_set
    main.o(i.ble_evt_handler) refers to app_error.o(i.app_error_handler_bare) for app_error_handler_bare
    main.o(i.ble_evt_handler) refers to memcpya.o(.text) for __aeabi_memcpy
    main.o(i.ble_evt_handler) refers to nrf_log_frontend.o(log_dynamic_data) for m_nrf_log_app_logs_data_dynamic
    main.o(i.ble_evt_handler) refers to main.o(.data) for .data
    main.o(i.bsp_event_handler) refers to main.o(i.sleep_mode_enter) for sleep_mode_enter
    main.o(i.bsp_event_handler) refers to segger_rtt_printf.o(i.SEGGER_RTT_printf) for SEGGER_RTT_printf
    main.o(i.bsp_event_handler) refers to pwm.o(i.pwm_work_short) for pwm_work_short
    main.o(i.bsp_event_handler) refers to app_error.o(i.app_error_handler_bare) for app_error_handler_bare
    main.o(i.bsp_event_handler) refers to ble_advertising.o(i.ble_advertising_restart_without_whitelist) for ble_advertising_restart_without_whitelist
    main.o(i.bsp_event_handler) refers to main.o(.data) for .data
    main.o(i.bsp_event_handler) refers to main.o(.bss) for .bss
    main.o(i.conn_params_error_handler) refers to app_error.o(i.app_error_handler_bare) for app_error_handler_bare
    main.o(i.gatt_evt_handler) refers to nrf_log_frontend.o(i.nrf_log_frontend_std_2) for nrf_log_frontend_std_2
    main.o(i.gatt_evt_handler) refers to main.o(.data) for .data
    main.o(i.gatt_evt_handler) refers to nrf_log_frontend.o(log_dynamic_data) for m_nrf_log_app_logs_data_dynamic
    main.o(i.gatt_init) refers to nrf_ble_gatt.o(i.nrf_ble_gatt_init) for nrf_ble_gatt_init
    main.o(i.gatt_init) refers to app_error.o(i.app_error_handler_bare) for app_error_handler_bare
    main.o(i.gatt_init) refers to nrf_ble_gatt.o(i.nrf_ble_gatt_att_mtu_periph_set) for nrf_ble_gatt_att_mtu_periph_set
    main.o(i.gatt_init) refers to main.o(i.gatt_evt_handler) for gatt_evt_handler
    main.o(i.gatt_init) refers to main.o(.bss) for .bss
    main.o(i.main) refers to main.o(i.ldo_enable) for ldo_enable
    main.o(i.main) refers to app_timer.o(i.app_timer_init) for app_timer_init
    main.o(i.main) refers to app_error.o(i.app_error_handler_bare) for app_error_handler_bare
    main.o(i.main) refers to nrf_log_frontend.o(i.nrf_log_init) for nrf_log_init
    main.o(i.main) refers to nrf_log_default_backends.o(i.nrf_log_default_backends_init) for nrf_log_default_backends_init
    main.o(i.main) refers to bsp.o(i.bsp_init) for bsp_init
    main.o(i.main) refers to bsp_btn_ble.o(i.bsp_btn_ble_init) for bsp_btn_ble_init
    main.o(i.main) refers to nrf_sdh.o(i.nrf_sdh_enable_request) for nrf_sdh_enable_request
    main.o(i.main) refers to nrf_sdh_ble.o(i.nrf_sdh_ble_default_cfg_set) for nrf_sdh_ble_default_cfg_set
    main.o(i.main) refers to nrf_sdh_ble.o(i.nrf_sdh_ble_enable) for nrf_sdh_ble_enable
    main.o(i.main) refers to main.o(i.gatt_init) for gatt_init
    main.o(i.main) refers to ble_nus.o(i.ble_nus_init) for ble_nus_init
    main.o(i.main) refers to memseta.o(.text) for __aeabi_memclr4
    main.o(i.main) refers to ble_advertising.o(i.ble_advertising_init) for ble_advertising_init
    main.o(i.main) refers to ble_advertising.o(i.ble_advertising_conn_cfg_tag_set) for ble_advertising_conn_cfg_tag_set
    main.o(i.main) refers to ble_conn_params.o(i.ble_conn_params_init) for ble_conn_params_init
    main.o(i.main) refers to ble_advertising.o(i.ble_advertising_start) for ble_advertising_start
    main.o(i.main) refers to oled.o(i.Reset_IC_OLED) for Reset_IC_OLED
    main.o(i.main) refers to oled.o(i.Init_IC_OLED) for Init_IC_OLED
    main.o(i.main) refers to oled.o(i.All_Screen) for All_Screen
[...]
    .bss                                     0x20002db0   Section       24  app_pwm.o(.bss)
    m_pwm_target_value                       0x20002db0   Data          12  app_pwm.o(.bss)
    m_instances                              0x20002dbc   Data          12  app_pwm.o(.bss)
    .bss                                     0x20002dc8   Section       64  nrf_log_backend_rtt.o(.bss)
    m_string_buff                            0x20002dc8   Data          64  nrf_log_backend_rtt.o(.bss)
    .bss                                     0x20002e08   Section      192  nrf_log_frontend.o(.bss)
    mempool_nrf_balloc_pool_mem              0x20002e08   Data         192  nrf_log_frontend.o(.bss)
    .bss                                     0x20002ec8   Section     1056  nrf_log_frontend.o(.bss)
    m_log_data                               0x20002ec8   Data        1056  nrf_log_frontend.o(.bss)
    .bss                                     0x200032e8   Section      648  segger_rtt.o(.bss)
    _acUpBuffer                              0x20003360   Data         512  segger_rtt.o(.bss)
    _acDownBuffer                            0x20003560   Data          16  segger_rtt.o(.bss)
    STACK                                    0x20003570   Section     2048  arm_startup_nrf52810.o(STACK)

    Global Symbols

    Symbol Name                              Value     Ov Type        Size  Object(Section)

    BuildAttributes$$THM_ISAv4$E$P$D$K$B$S$7EM$PE$A:L22UL41UL21$X:L11$S22US41US21$IEEE1$IW$USESV6$~STKCKD$USESV7$~SHL$OTIME$ROPI$EBA8$MICROLIB$REQ8$PRES8$EABIv2 0x00000000   Number         0  anon$$obj.o ABSOLUTE
    __ARM_use_no_argv                        0x00000000   Number         0  main.o ABSOLUTE
    _printf_a                                0x00000000   Number         0  stubs.o ABSOLUTE
    _printf_c                                0x00000000   Number         0  stubs.o ABSOLUTE
    _printf_charcount                        0x00000000   Number         0  stubs.o ABSOLUTE
    _printf_d                                0x00000000   Number         0  stubs.o ABSOLUTE
    _printf_e                                0x00000000   Number         0  stubs.o ABSOLUTE
    _printf_f                                0x00000000   Number         0  stubs.o ABSOLUTE
    _printf_flags                            0x00000000   Number         0  stubs.o ABSOLUTE
    _printf_fp_dec                           0x00000000   Number         0  stubs.o ABSOLUTE
    _printf_fp_hex                           0x00000000   Number         0  stubs.o ABSOLUTE
    _printf_g                                0x00000000   Number         0  stubs.o ABSOLUTE
    _printf_i                                0x00000000   Number         0  stubs.o ABSOLUTE
    _printf_int_dec                          0x00000000   Number         0  stubs.o ABSOLUTE
    _printf_l                                0x00000000   Number         0  stubs.o ABSOLUTE
    _printf_lc                               0x00000000   Number         0  stubs.o ABSOLUTE
    _printf_ll                               0x00000000   Number         0  stubs.o ABSOLUTE
    _printf_lld                              0x00000000   Number         0  stubs.o ABSOLUTE
    _printf_lli                              0x00000000   Number         0  stubs.o ABSOLUTE
    _printf_llo                              0x00000000   Number         0  stubs.o ABSOLUTE
    _printf_llu                              0x00000000   Number         0  stubs.o ABSOLUTE
    _printf_llx                              0x00000000   Number         0  stubs.o ABSOLUTE
    _printf_longlong_dec                     0x00000000   Number         0  stubs.o ABSOLUTE
    _printf_longlong_hex                     0x00000000   Number         0  stubs.o ABSOLUTE
    _printf_longlong_oct                     0x00000000   Number         0  stubs.o ABSOLUTE
    _printf_ls                               0x00000000   Number         0  stubs.o ABSOLUTE
    _printf_mbtowc                           0x00000000   Number         0  stubs.o ABSOLUTE
    _printf_n                                0x00000000   Number         0  stubs.o ABSOLUTE
    _printf_o                                0x00000000   Number         0  stubs.o ABSOLUTE
    _printf_p                                0x00000000   Number         0  stubs.o ABSOLUTE
    _printf_percent                          0x00000000   Number         0  stubs.o ABSOLUTE
    _printf_pre_padding                      0x00000000   Number         0  stubs.o ABSOLUTE
    _printf_return_value                     0x00000000   Number         0  stubs.o ABSOLUTE
    _printf_s                                0x00000000   Number         0  stubs.o ABSOLUTE
    _printf_sizespec                         0x00000000   Number         0  stubs.o ABSOLUTE
    _printf_str                              0x00000000   Number         0  stubs.o ABSOLUTE
    _printf_truncate_signed                  0x00000000   Number         0  stubs.o ABSOLUTE
    _printf_truncate_unsigned                0x00000000   Number         0  stubs.o ABSOLUTE
    _printf_u                                0x00000000   Number         0  stubs.o ABSOLUTE
    _printf_wc                               0x00000000   Number         0  stubs.o ABSOLUTE
    _printf_wctomb                           0x00000000   Number         0  stubs.o ABSOLUTE
    _printf_widthprec                        0x00000000   Number         0  stubs.o ABSOLUTE
    _printf_x                                0x00000000   Number         0  stubs.o ABSOLUTE
    __cpp_initialize__aeabi_                  - Undefined Weak Reference
    __cxa_finalize                            - Undefined Weak Reference
    _clock_init                               - Undefined Weak Reference
    _microlib_exit                            - Undefined Weak Reference
    fs_data$$Base                             - Undefined Reference
    fs_data$$Limit                            - Undefined Reference
    pwr_mgmt_data0$$Base                      - Undefined Reference
    pwr_mgmt_data0$$Limit                     - Undefined Reference
    pwr_mgmt_data1$$Base                      - Undefined Reference
    pwr_mgmt_data1$$Limit                     - Undefined Reference
    pwr_mgmt_data2$$Base                      - Undefined Reference
    pwr_mgmt_data2$$Limit                     - Undefined Reference
    sdh_req_observers1$$Base                  - Undefined Reference
    sdh_req_observers1$$Limit                 - Undefined Reference
    sdh_stack_observers1$$Base                - Undefined Reference
    sdh_stack_observers1$$Limit               - Undefined Reference
    sdh_state_observers1$$Base                - Undefined Reference
    sdh_state_observers1$$Limit               - Undefined Reference
    __Vectors_Size                           0x00000200   Number         0  arm_startup_nrf52810.o ABSOLUTE
    __Vectors                                0x00018000   Data           4  arm_startup_nrf52810.o(RESET)
    __Vectors_End                            0x00018200   Data           0  arm_startup_nrf52810.o(RESET)
    __main                                   0x00018201   Thumb Code     0  entry.o(.ARM.Collect$$$$00000000)
    _main_stk                                0x00018201   Thumb Code     0  entry2.o(.ARM.Collect$$$$00000001)
    _main_scatterload                        0x00018205   Thumb Code     0  entry5.o(.ARM.Collect$$$$00000004)
    __main_after_scatterload                 0x00018209   Thumb Code     0  entry5.o(.ARM.Collect$$$$00000004)
    _main_clock                              0x00018209   Thumb Code     0  entry7b.o(.ARM.Collect$$$$00000008)
    _main_cpp_init                           0x00018209   Thumb Code     0  entry8b.o(.ARM.Collect$$$$0000000A)
    _main_init                               0x00018209   Thumb Code     0  entry9a.o(.ARM.Collect$$$$0000000B)
    __rt_final_cpp                           0x00018211   Thumb Code     0  entry10a.o(.ARM.Collect$$$$0000000D)
    __rt_final_exit                          0x00018211   Thumb Code     0  entry11a.o(.ARM.Collect$$$$0000000F)
    __asm___12_nrf_atfifo_c_51f461e1__nrf_atfifo_wspace_req 0x00018215   Thumb Code    56  nrf_atfifo.o(.emb_text)
    __asm___12_nrf_atfifo_c_51f461e1__nrf_atfifo_wspace_close 0x0001824d   Thumb Code    18  nrf_atfifo.o(.emb_text)
    __asm___12_nrf_atfifo_c_51f461e1__nrf_atfifo_rspace_req 0x0001825f   Thumb Code    58  nrf_atfifo.o(.emb_text)
    __asm___12_nrf_atfifo_c_51f461e1__nrf_atfifo_rspace_close 0x00018299   Thumb Code    18  nrf_atfifo.o(.emb_text)
    __asm___12_nrf_atfifo_c_51f461e1__nrf_atfifo_space_clear 0x000182ab   Thumb Code    50  nrf_atfifo.o(.emb_text)
    __asm___12_nrf_memobj_c_9bb9f865__nrf_atomic_internal_mov 0x000182dd   Thumb Code    24  nrf_memobj.o(.emb_text)
    __asm___12_nrf_memobj_c_9bb9f865__nrf_atomic_internal_orr 0x000182f5   Thumb Code    26  nrf_memobj.o(.emb_text)
    __asm___12_nrf_memobj_c_9bb9f865__nrf_atomic_internal_and 0x0001830f   Thumb Code    26  nrf_memobj.o(.emb_text)
    __asm___12_nrf_memobj_c_9bb9f865__nrf_atomic_internal_eor 0x00018329   Thumb Code    26  nrf_memobj.o(.emb_text)
    __asm___12_nrf_memobj_c_9bb9f865__nrf_atomic_internal_add 0x00018343   Thumb Code    26  nrf_memobj.o(.emb_text)
    __asm___12_nrf_memobj_c_9bb9f865__nrf_atomic_internal_sub 0x0001835d   Thumb Code    26  nrf_memobj.o(.emb_text)
    __asm___18_nrf_log_frontend_c_bc460776__nrf_atomic_internal_mov 0x00018379   Thumb Code    24  nrf_log_frontend.o(.emb_text)
    __asm___18_nrf_log_frontend_c_bc460776__nrf_atomic_internal_orr 0x00018391   Thumb Code    26  nrf_log_frontend.o(.emb_text)
    __asm___18_nrf_log_frontend_c_bc460776__nrf_atomic_internal_and 0x000183ab   Thumb Code    26  nrf_log_frontend.o(.emb_text)
    __asm___18_nrf_log_frontend_c_bc460776__nrf_atomic_internal_eor 0x000183c5   Thumb Code    26  nrf_log_frontend.o(.emb_text)
    __asm___18_nrf_log_frontend_c_bc460776__nrf_atomic_internal_add 0x000183df   Thumb Code    26  nrf_log_frontend.o(.emb_text)
    __asm___18_nrf_log_frontend_c_bc460776__nrf_atomic_internal_sub 0x000183f9   Thumb Code    26  nrf_log_frontend.o(.emb_text)
    Reset_Handler                            0x00018415   Thumb Code     8  arm_startup_nrf52810.o(.text)
    NMI_Handler                              0x0001841d   Thumb Code     2  arm_startup_nrf52810.o(.text)
    HardFault_Handler                        0x0001841f   Thumb Code     2  arm_startup_nrf52810.o(.text)
    MemoryManagement_Handler                 0x00018421   Thumb Code     2  arm_startup_nrf52810.o(.text)
    BusFault_Handler                         0x00018423   Thumb Code     2  arm_startup_nrf52810.o(.text)
    UsageFault_Handler                       0x00018425   Thumb Code     2  arm_startup_nrf52810.o(.text)
    SVC_Handler                              0x00018427   Thumb Code     2  arm_startup_nrf52810.o(.text)
    DebugMon_Handler                         0x00018429   Thumb Code     2  arm_startup_nrf52810.o(.text)
    PendSV_Handler                           0x0001842b   Thumb Code     2  arm_startup_nrf52810.o(.text)
    SysTick_Handler                          0x0001842d   Thumb Code     2  arm_startup_nrf52810.o(.text)
    CCM_AAR_IRQHandler                       0x0001842f   Thumb Code     0  arm_startup_nrf52810.o(.text)
    COMP_IRQHandler                          0x0001842f   Thumb Code     0  arm_startup_nrf52810.o(.text)
    ECB_IRQHandler                           0x0001842f   Thumb Code     0  arm_startup_nrf52810.o(.text)
    PDM_IRQHandler                           0x0001842f   Thumb Code     0  arm_startup_nrf52810.o(.text)
    PWM0_IRQHandler                          0x0001842f   Thumb Code     0  arm_startup_nrf52810.o(.text)
    QDEC_IRQHandler                          0x0001842f   Thumb Code     0  arm_startup_nrf52810.o(.text)
    RADIO_IRQHandler                         0x0001842f   Thumb Code     0  arm_startup_nrf52810.o(.text)
    RNG_IRQHandler                           0x0001842f   Thumb Code     0  arm_startup_nrf52810.o(.text)
    RTC0_IRQHandler                          0x0001842f   Thumb Code     0  arm_startup_nrf52810.o(.text)
    SPIM0_SPIS0_IRQHandler                   0x0001842f   Thumb Code     0  arm_startup_nrf52810.o(.text)
    SWI1_EGU1_IRQHandler                     0x0001842f   Thumb Code     0  arm_startup_nrf52810.o(.text)
    SWI3_IRQHandler                          0x0001842f   Thumb Code     0  arm_startup_nrf52810.o(.text)
    SWI4_IRQHandler                          0x0001842f   Thumb Code     0  arm_startup_nrf52810.o(.text)
    SWI5_IRQHandler                          0x0001842f   Thumb Code     0  arm_startup_nrf52810.o(.text)
    TEMP_IRQHandler                          0x0001842f   Thumb Code     0  arm_startup_nrf52810.o(.text)
    TIMER2_IRQHandler                        0x0001842f   Thumb Code     0  arm_startup_nrf52810.o(.text)
    TWIM0_TWIS0_IRQHandler                   0x0001842f   Thumb Code     0  arm_startup_nrf52810.o(.text)
    WDT_IRQHandler                           0x0001842f   Thumb Code     0  arm_startup_nrf52810.o(.text)
    __aeabi_uldivmod                         0x00018439   Thumb Code    98  uldiv.o(.text)
    __rt_ctype_table                         0x0001849d   Thumb Code     4  ctype_o.o(.text)
    __aeabi_memcpy                           0x000184a5   Thumb Code    36  memcpya.o(.text)
    __aeabi_memcpy4                          0x000184a5   Thumb Code     0  memcpya.o(.text)
    __aeabi_memcpy8                          0x000184a5   Thumb Code     0  memcpya.o(.text)
    __aeabi_memset                           0x000184c9   Thumb Code    14  memseta.o(.text)
    __aeabi_memset4                          0x000184c9   Thumb Code     0  memseta.o(.text)
    __aeabi_memset8                          0x000184c9   Thumb Code     0  memseta.o(.text)
    __aeabi_memclr                           0x000184d7   Thumb Code     4  memseta.o(.text)
    __aeabi_memclr4                          0x000184d7   Thumb Code     0  memseta.o(.text)
    __aeabi_memclr8                          0x000184d7   Thumb Code     0  memseta.o(.text)
    _memset$wrapper                          0x000184db   Thumb Code    18  memseta.o(.text)
    strlen                                   0x000184ed   Thumb Code    14  strlen.o(.text)
    strcpy                                   0x000184fb   Thumb Code    18  strcpy.o(.text)
    __aeabi_llsl                             0x0001850d   Thumb Code    30  llshl.o(.text)
    _ll_shift_l                              0x0001850d   Thumb Code     0  llshl.o(.text)
    __aeabi_llsr                             0x0001852b   Thumb Code    32  llushr.o(.text)
    _ll_ushift_r                             0x0001852b   Thumb Code     0  llushr.o(.text)
    __scatterload                            0x0001854d   Thumb Code    28  init.o(.text)
    __scatterload_rt2                        0x0001854d   Thumb Code     0  init.o(.text)
    __decompress                             0x00018571   Thumb Code     0  __dczerorl2.o(.text)
    __decompress1                            0x00018571   Thumb Code    86  __dczerorl2.o(.text)
    All_Screen                               0x000185c7   Thumb Code    64  oled.o(i.All_Screen)
    GPIOTE_IRQHandler                        0x00018609   Thumb Code   362  nrf_drv_gpiote.o(i.GPIOTE_IRQHandler)
    I2C_START_OLED                           0x0001877d   Thumb Code    42  oled.o(i.I2C_START_OLED)
    I2C_STOP_OLED                            0x000187a7   Thumb Code    42  oled.o(i.I2C_STOP_OLED)
    I2C_Wait_Ack                             0x000187d1   Thumb Code    98  oled.o(i.I2C_Wait_Ack)
    Init_IC_OLED                             0x00018849   Thumb Code   180  oled.o(i.Init_IC_OLED)
    POWER_CLOCK_IRQHandler                   0x00018961   Thumb Code    84  nrf_drv_clock.o(i.POWER_CLOCK_IRQHandler)
    RTC1_IRQHandler                          0x000189b9   Thumb Code    32  app_timer.o(i.RTC1_IRQHandler)
    Reset_IC_OLED                            0x000189dd   Thumb Code    60  oled.o(i.Reset_IC_OLED)
    SAADC_IRQHandler                         0x00018a19   Thumb Code   320  nrf_drv_saadc.o(i.SAADC_IRQHandler)
    SEGGER_RTT_Init                          0x00018b61   Thumb Code     4  segger_rtt.o(i.SEGGER_RTT_Init)
    SEGGER_RTT_Write                         0x00018b65   Thumb Code    54  segger_rtt.o(i.SEGGER_RTT_Write)
    SEGGER_RTT_WriteNoLock                   0x00018ba1   Thumb Code    86  segger_rtt.o(i.SEGGER_RTT_WriteNoLock)
    SEGGER_RTT_printf                        0x00018bfd   Thumb Code    22  segger_rtt_printf.o(i.SEGGER_RTT_printf)
    SEGGER_RTT_vprintf                       0x00018c13   Thumb Code   406  segger_rtt_printf.o(i.SEGGER_RTT_vprintf)
    SWI0_EGU0_IRQHandler                     0x00018da9   Thumb Code     4  app_timer.o(i.SWI0_EGU0_IRQHandler)
    SWI2_IRQHandler                          0x00018dad   Thumb Code     4  nrf_sdh.o(i.SWI2_IRQHandler)
    SystemInit                               0x00018db1   Thumb Code   500  system_nrf52810.o(i.SystemInit)
    TIMER0_IRQHandler                        0x00018fe1   Thumb Code    10  nrf_drv_timer.o(i.TIMER0_IRQHandler)
    TIMER1_IRQHandler                        0x00018ff5   Thumb Code    10  nrf_drv_timer.o(i.TIMER1_IRQHandler)
    UARTE0_IRQHandler                        0x00019009   Thumb Code     8  nrf_drv_uart.o(i.UARTE0_IRQHandler)
    Write_Command                            0x00019019   Thumb Code    46  oled.o(i.Write_Command)
    Write_Data                               0x00019047   Thumb Code    46  oled.o(i.Write_Data)
    Write_IIC_Data_OLED                      0x00019075   Thumb Code    76  oled.o(i.Write_IIC_Data_OLED)
    __scatterload_copy                       0x000193b7   Thumb Code    14  handlers.o(i.__scatterload_copy)
    __scatterload_null                       0x000193c5   Thumb Code     2  handlers.o(i.__scatterload_null)
    __scatterload_zeroinit                   0x000193c7   Thumb Code    14  handlers.o(i.__scatterload_zeroinit)
    app_button_enable                        0x0001944d   Thumb Code    32  app_button.o(i.app_button_enable)
    app_button_init                          0x00019471   Thumb Code    96  app_button.o(i.app_button_init)
    app_error_fault_handler                  0x000194e1   Thumb Code    80  app_error_weak.o(i.app_error_fault_handler)
    app_error_handler_bare                   0x00019559   Thumb Code    22  app_error.o(i.app_error_handler_bare)
    app_fifo_get                             0x0001956f   Thumb Code    22  app_fifo.o(i.app_fifo_get)
    app_fifo_put                             0x00019585   Thumb Code    26  app_fifo.o(i.app_fifo_put)
    app_pwm_busy_check                       0x000195a1   Thumb Code    50  app_pwm.o(i.app_pwm_busy_check)
    app_pwm_channel_duty_set                 0x000195dd   Thumb Code    20  app_pwm.o(i.app_pwm_channel_duty_set)
    app_pwm_channel_duty_ticks_set           0x000195f1   Thumb Code   114  app_pwm.o(i.app_pwm_channel_duty_ticks_set)
    app_pwm_disable                          0x00019761   Thumb Code   120  app_pwm.o(i.app_pwm_disable)
    app_pwm_enable                           0x000197d9   Thumb Code   114  app_pwm.o(i.app_pwm_enable)
    app_pwm_init                             0x00019851   Thumb Code   374  app_pwm.o(i.app_pwm_init)
    app_pwm_uninit                           0x000199dd   Thumb Code    42  app_pwm.o(i.app_pwm_uninit)
    app_timer_create                         0x00019a09   Thumb Code    32  app_timer.o(i.app_timer_create)
    app_timer_init                           0x00019a2d   Thumb Code    70  app_timer.o(i.app_timer_init)
    app_timer_start                          0x00019a81   Thumb Code   128  app_timer.o(i.app_timer_start)
    app_timer_stop                           0x00019b09   Thumb Code    26  app_timer.o(i.app_timer_stop)
    app_uart_put                             0x00019b29   Thumb Code    52  app_uart_fifo.o(i.app_uart_put)
    app_util_critical_region_enter           0x00019b65   Thumb Code    64  app_util_platform.o(i.app_util_critical_region_enter)
    app_util_critical_region_exit            0x00019bad   Thumb Code    46  app_util_platform.o(i.app_util_critical_region_exit)
    ble_advdata_encode                       0x00019bed   Thumb Code   386  ble_advdata.o(i.ble_advdata_encode)
    ble_advdata_set                          0x00019d6f   Thumb Code   104  ble_advdata.o(i.ble_advdata_set)
    ble_advertising_conn_cfg_tag_set         0x00019dd7   Thumb Code     6  ble_advertising.o(i.ble_advertising_conn_cfg_tag_set)
    ble_advertising_init                     0x00019ddd   Thumb Code   310  ble_advertising.o(i.ble_advertising_init)
    ble_advertising_on_ble_evt               0x00019f13   Thumb Code   104  ble_advertising.o(i.ble_advertising_on_ble_evt)
    ble_advertising_on_sys_evt               0x00019f7b   Thumb Code    50  ble_advertising.o(i.ble_advertising_on_sys_evt)
    ble_advertising_restart_without_whitelist 0x00019fad   Thumb Code    60  ble_advertising.o(i.ble_advertising_restart_without_whitelist)
    ble_advertising_start                    0x00019fe9   Thumb Code   458  ble_advertising.o(i.ble_advertising_start)
    ble_conn_params_init                     0x0001a1b5   Thumb Code    90  ble_conn_params.o(i.ble_conn_params_init)
    ble_nus_init                             0x0001a629   Thumb Code    94  ble_nus.o(i.ble_nus_init)
    ble_nus_on_ble_evt                       0x0001a68d   Thumb Code   136  ble_nus.o(i.ble_nus_on_ble_evt)
    ble_srv_is_notification_enabled          0x0001a719   Thumb Code     8  ble_srv_common.o(i.ble_srv_is_notification_enabled)
    bsp_board_button_idx_to_pin              0x0001a721   Thumb Code     6  boards.o(i.bsp_board_button_idx_to_pin)
    bsp_board_button_state_get               0x0001a72d   Thumb Code    28  boards.o(i.bsp_board_button_state_get)
    bsp_board_led_invert                     0x0001a74d   Thumb Code    32  boards.o(i.bsp_board_led_invert)
    bsp_board_led_off                        0x0001a771   Thumb Code    10  boards.o(i.bsp_board_led_off)
    bsp_board_led_on                         0x0001a781   Thumb Code    10  boards.o(i.bsp_board_led_on)
    bsp_board_led_state_get                  0x0001a791   Thumb Code    28  boards.o(i.bsp_board_led_state_get)
    bsp_board_leds_init                      0x0001a7b1   Thumb Code    38  boards.o(i.bsp_board_leds_init)
    bsp_board_leds_off                       0x0001a7dd   Thumb Code    18  boards.o(i.bsp_board_leds_off)
    bsp_board_leds_on                        0x0001a7ef   Thumb Code    18  boards.o(i.bsp_board_leds_on)
    bsp_board_pin_to_button_idx              0x0001a801   Thumb Code    30  boards.o(i.bsp_board_pin_to_button_idx)
    bsp_btn_ble_init                         0x0001a825   Thumb Code    56  bsp_btn_ble.o(i.bsp_btn_ble_init)
    bsp_btn_ble_sleep_mode_prepare           0x0001a861   Thumb Code    30  bsp_btn_ble.o(i.bsp_btn_ble_sleep_mode_prepare)
    bsp_button_is_pressed                    0x0001a911   Thumb Code     4  bsp.o(i.bsp_button_is_pressed)
    bsp_event_handler                        0x0001a915   Thumb Code   130  main.o(i.bsp_event_handler)
    bsp_event_to_button_action_assign        0x0001a9e5   Thumb Code    64  bsp.o(i.bsp_event_to_button_action_assign)
    bsp_indication_set                       0x0001aa29   Thumb Code    20  bsp.o(i.bsp_indication_set)
    bsp_init                                 0x0001aa41   Thumb Code   126  bsp.o(i.bsp_init)
    bsp_wakeup_button_enable                 0x0001ac8d   Thumb Code    16  bsp.o(i.bsp_wakeup_button_enable)
    buffer_is_empty                          0x0001ad21   Thumb Code    16  nrf_log_frontend.o(i.buffer_is_empty)
    gatt_evt_handler                         0x0001b06d   Thumb Code    48  main.o(i.gatt_evt_handler)
    gatt_init                                0x0001b0c1   Thumb Code    38  main.o(i.gatt_init)
    ldo_enable                               0x0001b2b9   Thumb Code    22  main.o(i.ldo_enable)
    main                                     0x0001b4dd   Thumb Code   372  main.o(i.main)
    my_buttons_configure                     0x0001b799   Thumb Code    38  bsp_btn_ble.o(i.my_buttons_configure)
    nrf_atfifo_item_free                     0x0001b85b   Thumb Code    22  nrf_atfifo.o(i.nrf_atfifo_item_free)
    nrf_atfifo_item_get                      0x0001b871   Thumb Code    22  nrf_atfifo.o(i.nrf_atfifo_item_get)
    nrf_balloc_alloc                         0x0001b895   Thumb Code    68  nrf_balloc.o(i.nrf_balloc_alloc)
    nrf_balloc_free                          0x0001b8d9   Thumb Code    48  nrf_balloc.o(i.nrf_balloc_free)
    nrf_balloc_init                          0x0001b909   Thumb Code    48  nrf_balloc.o(i.nrf_balloc_init)
    nrf_ble_gatt_att_mtu_periph_set          0x0001b949   Thumb Code    24  nrf_ble_gatt.o(i.nrf_ble_gatt_att_mtu_periph_set)
    nrf_ble_gatt_init                        0x0001b961   Thumb Code    34  nrf_ble_gatt.o(i.nrf_ble_gatt_init)
    nrf_ble_gatt_on_ble_evt                  0x0001b985   Thumb Code   232  nrf_ble_gatt.o(i.nrf_ble_gatt_on_ble_evt)
    nrf_drv_clock_init                       0x0001bcd1   Thumb Code    64  nrf_drv_clock.o(i.nrf_drv_clock_init)
    nrf_drv_clock_lfclk_release              0x0001bd19   Thumb Code    40  nrf_drv_clock.o(i.nrf_drv_clock_lfclk_release)
    nrf_drv_common_irq_enable                0x0001bd45   Thumb Code    56  nrf_drv_common.o(i.nrf_drv_common_irq_enable)
    nrf_drv_gpiote_clr_task_addr_get         0x0001bd7d   Thumb Code    20  nrf_drv_gpiote.o(i.nrf_drv_gpiote_clr_task_addr_get)
    nrf_drv_gpiote_in_event_enable           0x0001bd95   Thumb Code   156  nrf_drv_gpiote.o(i.nrf_drv_gpiote_in_event_enable)
    nrf_drv_gpiote_in_init                   0x0001be39   Thumb Code   172  nrf_drv_gpiote.o(i.nrf_drv_gpiote_in_init)
    nrf_drv_gpiote_in_is_set                 0x0001bef1   Thumb Code    20  nrf_drv_gpiote.o(i.nrf_drv_gpiote_in_is_set)
    nrf_drv_gpiote_init                      0x0001bf05   Thumb Code    84  nrf_drv_gpiote.o(i.nrf_drv_gpiote_init)
    nrf_drv_gpiote_is_init                   0x0001bf61   Thumb Code    14  nrf_drv_gpiote.o(i.nrf_drv_gpiote_is_init)
    nrf_drv_gpiote_out_init                  0x0001bf75   Thumb Code   170  nrf_drv_gpiote.o(i.nrf_drv_gpiote_out_init)
    nrf_drv_gpiote_out_task_disable          0x0001c02d   Thumb Code    28  nrf_drv_gpiote.o(i.nrf_drv_gpiote_out_task_disable)
    nrf_drv_gpiote_out_task_enable           0x0001c051   Thumb Code    28  nrf_drv_gpiote.o(i.nrf_drv_gpiote_out_task_enable)
    nrf_drv_gpiote_out_task_force            0x0001c075   Thumb Code    32  nrf_drv_gpiote.o(i.nrf_drv_gpiote_out_task_force)
    nrf_drv_gpiote_out_uninit                0x0001c09d   Thumb Code    60  nrf_drv_gpiote.o(i.nrf_drv_gpiote_out_uninit)
    nrf_drv_gpiote_set_task_addr_get         0x0001c0e1   Thumb Code    20  nrf_drv_gpiote.o(i.nrf_drv_gpiote_set_task_addr_get)
    nrf_drv_ppi_channel_alloc                0x0001c109   Thumb Code   100  nrf_drv_ppi.o(i.nrf_drv_ppi_channel_alloc)
    nrf_drv_ppi_channel_assign               0x0001c175   Thumb Code    62  nrf_drv_ppi.o(i.nrf_drv_ppi_channel_assign)
    nrf_drv_ppi_channel_disable              0x0001c1b9   Thumb Code    48  nrf_drv_ppi.o(i.nrf_drv_ppi_channel_disable)
    nrf_drv_ppi_channel_enable               0x0001c1ed   Thumb Code    48  nrf_drv_ppi.o(i.nrf_drv_ppi_channel_enable)
    nrf_drv_ppi_channel_free                 0x0001c221   Thumb Code    56  nrf_drv_ppi.o(i.nrf_drv_ppi_channel_free)
    nrf_drv_ppi_init                         0x0001c261   Thumb Code    18  nrf_drv_ppi.o(i.nrf_drv_ppi_init)
    nrf_drv_timer_clear                      0x0001c279   Thumb Code     8  nrf_drv_timer.o(i.nrf_drv_timer_clear)
    nrf_drv_timer_compare                    0x0001c281   Thumb Code    34  nrf_drv_timer.o(i.nrf_drv_timer_compare)
    nrf_drv_timer_compare_int_disable        0x0001c2b3   Thumb Code    14  nrf_drv_timer.o(i.nrf_drv_timer_compare_int_disable)
    nrf_drv_timer_compare_int_enable         0x0001c2c1   Thumb Code    36  nrf_drv_timer.o(i.nrf_drv_timer_compare_int_enable)
    nrf_drv_timer_disable                    0x0001c2e5   Thumb Code    22  nrf_drv_timer.o(i.nrf_drv_timer_disable)
    nrf_drv_timer_enable                     0x0001c301   Thumb Code    24  nrf_drv_timer.o(i.nrf_drv_timer_enable)
    nrf_drv_timer_extended_compare           0x0001c31d   Thumb Code    42  nrf_drv_timer.o(i.nrf_drv_timer_extended_compare)
    nrf_drv_timer_init                       0x0001c349   Thumb Code   138  nrf_drv_timer.o(i.nrf_drv_timer_init)
    nrf_drv_timer_uninit                     0x0001c3d9   Thumb Code    90  nrf_drv_timer.o(i.nrf_drv_timer_uninit)
    nrf_drv_uart_tx                          0x0001c439   Thumb Code   160  nrf_drv_uart.o(i.nrf_drv_uart_tx)
    nrf_drv_uart_tx_in_progress              0x0001c4dd   Thumb Code    22  nrf_drv_uart.o(i.nrf_drv_uart_tx_in_progress)
    nrf_fprintf                              0x0001c4f9   Thumb Code    26  nrf_fprintf.o(i.nrf_fprintf)
    nrf_fprintf_buffer_flush                 0x0001c513   Thumb Code    24  nrf_fprintf.o(i.nrf_fprintf_buffer_flush)
    nrf_fprintf_fmt                          0x0001c52b   Thumb Code   474  nrf_fprintf_format.o(i.nrf_fprintf_fmt)
    nrf_fstorage_is_busy                     0x0001c705   Thumb Code    70  nrf_fstorage.o(i.nrf_fstorage_is_busy)
    nrf_fstorage_sdh_req_handler             0x0001c755   Thumb Code    18  nrf_fstorage_sd.o(i.nrf_fstorage_sdh_req_handler)
    nrf_fstorage_sdh_state_handler           0x0001c76d   Thumb Code    28  nrf_fstorage_sd.o(i.nrf_fstorage_sdh_state_handler)
    nrf_fstorage_sys_evt_handler             0x0001c78d   Thumb Code   150  nrf_fstorage_sd.o(i.nrf_fstorage_sys_evt_handler)
    nrf_log_backend_add                      0x0001c985   Thumb Code    74  nrf_log_frontend.o(i.nrf_log_backend_add)
    nrf_log_backend_rtt_init                 0x0001c9d7   Thumb Code     4  nrf_log_backend_rtt.o(i.nrf_log_backend_rtt_init)
    nrf_log_backend_serial_put               0x0001c9f5   Thumb Code   210  nrf_log_backend_serial.o(i.nrf_log_backend_serial_put)
    nrf_log_color_id_get                     0x0001cac9   Thumb Code    42  nrf_log_frontend.o(i.nrf_log_color_id_get)
    nrf_log_default_backends_init            0x0001caf9   Thumb Code    22  nrf_log_default_backends.o(i.nrf_log_default_backends_init)
    nrf_log_frontend_dequeue                 0x0001cb15   Thumb Code   488  nrf_log_frontend.o(i.nrf_log_frontend_dequeue)
    nrf_log_frontend_std_0                   0x0001cd05   Thumb Code     8  nrf_log_frontend.o(i.nrf_log_frontend_std_0)
    nrf_log_frontend_std_1                   0x0001cd0d   Thumb Code    14  nrf_log_frontend.o(i.nrf_log_frontend_std_1)
    nrf_log_frontend_std_2                   0x0001cd1b   Thumb Code    16  nrf_log_frontend.o(i.nrf_log_frontend_std_2)
    nrf_log_hexdump_entry_process            0x0001cd2d   Thumb Code   146  nrf_log_str_formatter.o(i.nrf_log_hexdump_entry_process)
    nrf_log_init                             0x0001cdd9   Thumb Code    70  nrf_log_frontend.o(i.nrf_log_init)
    nrf_log_module_cnt_get                   0x0001ce35   Thumb Code    10  nrf_log_frontend.o(i.nrf_log_module_cnt_get)
    nrf_log_module_name_get                  0x0001ce49   Thumb Code    24  nrf_log_frontend.o(i.nrf_log_module_name_get)
    nrf_log_panic                            0x0001ce65   Thumb Code    34  nrf_log_frontend.o(i.nrf_log_panic)
    nrf_log_std_entry_process                0x0001ce8d   Thumb Code   182  nrf_log_str_formatter.o(i.nrf_log_std_entry_process)
    nrf_memobj_alloc                         0x0001cf43   Thumb Code    96  nrf_memobj.o(i.nrf_memobj_alloc)
    nrf_memobj_free                          0x0001cfa3   Thumb Code    50  nrf_memobj.o(i.nrf_memobj_free)
    nrf_memobj_get                           0x0001cfd5   Thumb Code    14  nrf_memobj.o(i.nrf_memobj_get)
    nrf_memobj_pool_init                     0x0001cfe3   Thumb Code     4  nrf_memobj.o(i.nrf_memobj_pool_init)
    nrf_memobj_put                           0x0001cfe7   Thumb Code    34  nrf_memobj.o(i.nrf_memobj_put)
    nrf_memobj_read                          0x0001d009   Thumb Code    12  nrf_memobj.o(i.nrf_memobj_read)
    nrf_memobj_write                         0x0001d015   Thumb Code    12  nrf_memobj.o(i.nrf_memobj_write)
    nrf_sdh_ble_app_ram_start_get            0x0001d055   Thumb Code    16  nrf_sdh_ble.o(i.nrf_sdh_ble_app_ram_start_get)
    nrf_sdh_ble_default_cfg_set              0x0001d069   Thumb Code   306  nrf_sdh_ble.o(i.nrf_sdh_ble_default_cfg_set)
    nrf_sdh_ble_enable                       0x0001d1b9   Thumb Code    96  nrf_sdh_ble.o(i.nrf_sdh_ble_enable)
    nrf_sdh_disable_request                  0x0001d2e1   Thumb Code    54  nrf_sdh.o(i.nrf_sdh_disable_request)
    nrf_sdh_enable_request                   0x0001d31d   Thumb Code    96  nrf_sdh.o(i.nrf_sdh_enable_request)
    nrf_sdh_evts_poll                        0x0001d389   Thumb Code    32  nrf_sdh.o(i.nrf_sdh_evts_poll)
    nrf_sdh_is_enabled                       0x0001d3ad   Thumb Code     6  nrf_sdh.o(i.nrf_sdh_is_enabled)
    nrf_sdh_request_continue                 0x0001d3b9   Thumb Code    22  nrf_sdh.o(i.nrf_sdh_request_continue)
    nrf_section_iter_init                    0x0001d411   Thumb Code    10  nrf_section_iter.o(i.nrf_section_iter_init)
    nrf_section_iter_next                    0x0001d43f   Thumb Code    32  nrf_section_iter.o(i.nrf_section_iter_next)
    nrf_strerror_find                        0x0001d461   Thumb Code    52  nrf_strerror.o(i.nrf_strerror_find)
    nrf_strerror_get                         0x0001d499   Thumb Code    14  nrf_strerror.o(i.nrf_strerror_get)
    pwm_init                                 0x0001d73d   Thumb Code    56  pwm.o(i.pwm_init)
    pwm_ready_tick                           0x0001d779   Thumb Code    82  app_pwm.o(i.pwm_ready_tick)
    pwm_uninit                               0x0001d8ad   Thumb Code    18  pwm.o(i.pwm_uninit)
    pwm_work_short                           0x0001d8c5   Thumb Code    20  pwm.o(i.pwm_work_short)
    sdk_mapped_flags_bulk_update_by_key      0x0001db5d   Thumb Code    68  sdk_mapped_flags.o(i.sdk_mapped_flags_bulk_update_by_key)
    sdk_mapped_flags_first_key_index_get     0x0001dba1   Thumb Code    34  sdk_mapped_flags.o(i.sdk_mapped_flags_first_key_index_get)
    sdk_mapped_flags_key_list_get            0x0001dbd3   Thumb Code    74  sdk_mapped_flags.o(i.sdk_mapped_flags_key_list_get)
    sdk_mapped_flags_update_by_key           0x0001dc1d   Thumb Code    14  sdk_mapped_flags.o(i.sdk_mapped_flags_update_by_key)
    m_pwm_PWM1_timer                         0x0001e40c   Data           8  pwm.o(.constdata)
    PWM1                                     0x0001e414   Data           8  pwm.o(.constdata)
    nrf_log_backend_rtt_api                  0x0001e5d0   Data          12  nrf_log_backend_rtt.o(.constdata)
    m_ram_start                              0x0001e678   Data           4  nrf_sdh_ble.o(.constdata)
    __ctype_table                            0x0001e6a4   Data         129  ctype_o.o(.constdata)
    Region$$Table$$Base                      0x0001ed64   Number         0  anon$$obj.o(Region$$Table)
    Region$$Table$$Limit                     0x0001ed84   Number         0  anon$$obj.o(Region$$Table)
    log_const_data$$Base                     0x0001ed84   Number         0  nrf_ble_gatt.o(log_const_data)
    m_nrf_log_ble_gatt_logs_data_const       0x0001ed84   Data           8  nrf_ble_gatt.o(log_const_data)
    m_nrf_log_clock_logs_data_const          0x0001ed8c   Data           8  nrf_drv_clock.o(log_const_data)
    m_nrf_log_gpiote_logs_data_const         0x0001ed94   Data           8  nrf_drv_gpiote.o(log_const_data)
    m_nrf_log_uart_logs_data_const           0x0001ed9c   Data           8  nrf_drv_uart.o(log_const_data)
    m_nrf_log_ppi_logs_data_const            0x0001eda4   Data           8  nrf_drv_ppi.o(log_const_data)
    m_nrf_log_timer_logs_data_const          0x0001edac   Data           8  nrf_drv_timer.o(log_const_data)
    m_nrf_log_saadc_logs_data_const          0x0001edb4   Data           8  nrf_drv_saadc.o(log_const_data)
    m_nrf_log_balloc_logs_data_const         0x0001edbc   Data           8  nrf_balloc.o(log_const_data)
    m_nrf_log_pwr_mgmt_logs_data_const       0x0001edc4   Data           8  nrf_pwr_mgmt.o(log_const_data)
    m_nrf_log_app_logs_data_const            0x0001edcc   Data           8  nrf_log_frontend.o(log_const_data)
    m_nrf_log_nrf_sdh_logs_data_const        0x0001edd4   Data           8  nrf_sdh.o(log_const_data)
    m_nrf_log_nrf_sdh_ble_logs_data_const    0x0001eddc   Data           8  nrf_sdh_ble.o(log_const_data)
    m_nrf_log_nrf_sdh_soc_logs_data_const    0x0001ede4   Data           8  nrf_sdh_soc.o(log_const_data)
    log_const_data$$Limit                    0x0001edec   Number         0  nrf_sdh_soc.o(log_const_data)
    sdh_ble_observers0$$Base                 0x0001edec   Number         0  ble_conn_state.o(sdh_ble_observers0)
    sdh_ble_observers0$$Limit                0x0001edf4   Number         0  ble_conn_state.o(sdh_ble_observers0)
    sdh_ble_observers1$$Base                 0x0001edf4   Number         0  main.o(sdh_ble_observers1)
    sdh_ble_observers1$$Limit                0x0001ee14   Number         0  ble_conn_params.o(sdh_ble_observers1)
    sdh_ble_observers2$$Base                 0x0001ee14   Number         0  main.o(sdh_ble_observers2)
    sdh_ble_observers2$$Limit                0x0001ee1c   Number         0  main.o(sdh_ble_observers2)
    sdh_ble_observers3$$Base                 0x0001ee1c   Number         0  main.o(sdh_ble_observers3)
    m_req_obs                                0x0001ee24   Data           8  nrf_fstorage_sd.o(sdh_req_observers0)
    sdh_ble_observers3$$Limit                0x0001ee24   Number         0  main.o(sdh_ble_observers3)
    sdh_req_observers0$$Base                 0x0001ee24   Number         0  nrf_fstorage_sd.o(sdh_req_observers0)
    sdh_req_observers0$$Limit                0x0001ee2c   Number         0  nrf_fstorage_sd.o(sdh_req_observers0)
    sdh_soc_observers0$$Base                 0x0001ee2c   Number         0  nrf_drv_clock.o(sdh_soc_observers0)
    sdh_soc_observers0$$Limit                0x0001ee3c   Number         0  nrf_fstorage_sd.o(sdh_soc_observers0)
    sdh_soc_observers1$$Base                 0x0001ee3c   Number         0  main.o(sdh_soc_observers1)
    sdh_soc_observers1$$Limit                0x0001ee44   Number         0  main.o(sdh_soc_observers1)
    sdh_stack_observers0$$Base               0x0001ee44   Number         0  nrf_sdh_ble.o(sdh_stack_observers0)
    sdh_stack_observers0$$Limit              0x0001ee54   Number         0  nrf_sdh_soc.o(sdh_stack_observers0)
    sdh_state_observers0$$Base               0x0001ee54   Number         0  nrf_drv_clock.o(sdh_state_observers0)
    sdh_state_observers0$$Limit              0x0001ee64   Number         0  nrf_fstorage_sd.o(sdh_state_observers0)
    Image$$RW_IRAM1$$Base                    0x200025b8   Number         0  anon$$obj.o ABSOLUTE
    battery_level                            0x200025b9   Data           1  main.o(.data)
    vol                                      0x200025c4   Data           4  main.o(.data)
    m_pwm_ready_counter                      0x20002634   Data           6  app_pwm.o(.data)
    SystemCoreClock                          0x20002694   Data           4  system_nrf52810.o(.data)
    log_dynamic_data$$Base                   0x20002698   Number         0  nrf_ble_gatt.o(log_dynamic_data)
    m_nrf_log_ble_gatt_logs_data_dynamic     0x20002698   Data          12  nrf_ble_gatt.o(log_dynamic_data)
    m_nrf_log_clock_logs_data_dynamic        0x200026a4   Data          12  nrf_drv_clock.o(log_dynamic_data)
    m_nrf_log_gpiote_logs_data_dynamic       0x200026b0   Data          12  nrf_drv_gpiote.o(log_dynamic_data)
    m_nrf_log_uart_logs_data_dynamic         0x200026bc   Data          12  nrf_drv_uart.o(log_dynamic_data)
    m_nrf_log_ppi_logs_data_dynamic          0x200026c8   Data          12  nrf_drv_ppi.o(log_dynamic_data)
    m_nrf_log_timer_logs_data_dynamic        0x200026d4   Data          12  nrf_drv_timer.o(log_dynamic_data)
    m_nrf_log_saadc_logs_data_dynamic        0x200026e0   Data          12  nrf_drv_saadc.o(log_dynamic_data)
    m_nrf_log_balloc_logs_data_dynamic       0x200026ec   Data          12  nrf_balloc.o(log_dynamic_data)
    m_nrf_log_pwr_mgmt_logs_data_dynamic     0x200026f8   Data          12  nrf_pwr_mgmt.o(log_dynamic_data)
    m_nrf_log_app_logs_data_dynamic          0x20002704   Data          12  nrf_log_frontend.o(log_dynamic_data)
    m_nrf_log_nrf_sdh_logs_data_dynamic      0x20002710   Data          12  nrf_sdh.o(log_dynamic_data)
    m_nrf_log_nrf_sdh_ble_logs_data_dynamic  0x2000271c   Data          12  nrf_sdh_ble.o(log_dynamic_data)
    m_nrf_log_nrf_sdh_soc_logs_data_dynamic  0x20002728   Data          12  nrf_sdh_soc.o(log_dynamic_data)
    vol8DispArry                             0x20002734   Data          20  main.o(.bss)
    m_pwm_PWM1_cb                            0x20002940   Data          36  pwm.o(.bss)
    nrf_nvic_state                           0x20002cf4   Data          12  app_util_platform.o(.bss)
    _SEGGER_RTT                              0x200032e8   Data         120  segger_rtt.o(.bss)
    __initial_sp                             0x20003d70   Data           0  arm_startup_nrf52810.o(STACK)



==============================================================================

Memory Map of the image

  Image Entry point : 0x00018201

  Load Region LR_IROM1 (Base: 0x00018000, Size: 0x00006fe0, Max: 0x00018000, ABSOLUTE, COMPRESSED[0x00006ea8])

    Execution Region ER_IROM1 (Base: 0x00018000, Size: 0x00006e64, Max: 0x00018000, ABSOLUTE)

    Base Addr    Size         Type   Attr      Idx    E Section Name        Object

    0x00018000   0x00000200   Data   RO         5366    RESET               arm_startup_nrf52810.o
    0x00018200   0x00000000   Code   RO         5407  * .ARM.Collect$$$$00000000  mc_w.l(entry.o)
    0x00018200   0x00000004   Code   RO         5715    .ARM.Collect$$$$00000001  mc_w.l(entry2.o)
    0x00018204   0x00000004   Code   RO         5718    .ARM.Collect$$$$00000004  mc_w.l(entry5.o)
    0x00018208   0x00000000   Code   RO         5720    .ARM.Collect$$$$00000008  mc_w.l(entry7b.o)
    0x00018208   0x00000000   Code   RO         5722    .ARM.Collect$$$$0000000A  mc_w.l(entry8b.o)
    0x00018208   0x00000008   Code   RO         5723    .ARM.Collect$$$$0000000B  mc_w.l(entry9a.o)
    0x00018210   0x00000000   Code   RO         5725    .ARM.Collect$$$$0000000D  mc_w.l(entry10a.o)
    0x00018210   0x00000000   Code   RO         5727    .ARM.Collect$$$$0000000F  mc_w.l(entry11a.o)
    0x00018210   0x00000004   Code   RO         5716    .ARM.Collect$$$$00002712  mc_w.l(entry2.o)
    0x00018214   0x000000c8   Code   RO         3699    .emb_text           nrf_atfifo.o
    0x000182dc   0x0000009a   Code   RO         4078    .emb_text           nrf_memobj.o
    0x00018376   0x00000002   PAD
    0x00018378   0x0000009a   Code   RO         4661    .emb_text           nrf_log_frontend.o
    0x00018412   0x00000002   PAD
    0x00018414   0x00000024   Code   RO         5367    .text               arm_startup_nrf52810.o
    0x00018438   0x00000062   Code   RO         5410    .text               mc_w.l(uldiv.o)
    0x0001849a   0x00000002   PAD
    0x0001849c   0x00000008   Code   RO         5412    .text               mc_w.l(ctype_o.o)
    0x000184a4   0x00000024   Code   RO         5440    .text               mc_w.l(memcpya.o)
    0x000184c8   0x00000024   Code   RO         5442    .text               mc_w.l(memseta.o)
    0x000184ec   0x0000000e   Code   RO         5444    .text               mc_w.l(strlen.o)
    0x000184fa   0x00000012   Code   RO         5446    .text               mc_w.l(strcpy.o)
    0x0001850c   0x0000001e   Code   RO         5731    .text               mc_w.l(llshl.o)
    0x0001852a   0x00000020   Code   RO         5733    .text               mc_w.l(llushr.o)
    0x0001854a   0x00000002   PAD
    0x0001854c   0x00000024   Code   RO         5748    .text               mc_w.l(init.o)
    0x00018570   0x00000056   Code   RO         5762    .text               mc_w.l(__dczerorl2.o)
    0x000185c6   0x00000040   Code   RO          568    i.All_Screen        oled.o
    0x00018606   0x00000002   PAD
    0x00018608   0x00000174   Code   RO         2227    i.GPIOTE_IRQHandler  nrf_drv_gpiote.o
    0x0001877c   0x0000002a   Code   RO          570    i.I2C_START_OLED    oled.o
    0x000187a6   0x0000002a   Code   RO          571    i.I2C_STOP_OLED     oled.o
    0x000187d0   0x00000078   Code   RO          572    i.I2C_Wait_Ack      oled.o
    0x00018848   0x000000b4   Code   RO          573    i.Init_IC_OLED      oled.o
    0x000188fc   0x00000016   Code   RO         3354    i.NVIC_ClearPendingIRQ  app_timer.o
    0x00018912   0x00000016   Code   RO         3355    i.NVIC_EnableIRQ    app_timer.o
    0x00018928   0x00000016   Code   RO         3356    i.NVIC_SetPendingIRQ  app_timer.o
    0x0001893e   0x00000020   Code   RO         3357    i.NVIC_SetPriority  app_timer.o
    0x0001895e   0x00000002   PAD
    0x00018960   0x00000058   Code   RO         2018    i.POWER_CLOCK_IRQHandler  nrf_drv_clock.o
    0x000189b8   0x00000024   Code   RO         3358    i.RTC1_IRQHandler   app_timer.o
    0x000189dc   0x0000003c   Code   RO          574    i.Reset_IC_OLED     oled.o
    0x00018a18   0x00000148   Code   RO         2947    i.SAADC_IRQHandler  nrf_drv_saadc.o
    0x00018b60   0x00000004   Code   RO         4906    i.SEGGER_RTT_Init   segger_rtt.o
    0x00018b64   0x0000003c   Code   RO         4919    i.SEGGER_RTT_Write  segger_rtt.o
    0x00018ba0   0x0000005c   Code   RO         4920    i.SEGGER_RTT_WriteNoLock  segger_rtt.o
    0x00018bfc   0x00000016   Code   RO         5104    i.SEGGER_RTT_printf  segger_rtt_printf.o
    0x00018c12   0x00000196   Code   RO         5105    i.SEGGER_RTT_vprintf  segger_rtt_printf.o
    0x00018da8   0x00000004   Code   RO         3359    i.SWI0_EGU0_IRQHandler  app_timer.o
    0x00018dac   0x00000004   Code   RO         5154    i.SWI2_IRQHandler   nrf_sdh.o
    0x00018db0   0x00000230   Code   RO         5375    i.SystemInit        system_nrf52810.o
    0x00018fe0   0x00000014   Code   RO         2792    i.TIMER0_IRQHandler  nrf_drv_timer.o
    0x00018ff4   0x00000014   Code   RO         2793    i.TIMER1_IRQHandler  nrf_drv_timer.o
    0x00019008   0x00000010   Code   RO         2471    i.UARTE0_IRQHandler  nrf_drv_uart.o
    0x00019018   0x0000002e   Code   RO          575    i.Write_Command     oled.o
    0x00019046   0x0000002e   Code   RO          576    i.Write_Data        oled.o
    0x00019074   0x0000004c   Code   RO          577    i.Write_IIC_Data_OLED  oled.o
    0x000190c0   0x00000068   Code   RO         4924    i._DoInit           segger_rtt.o
    0x00019128   0x00000016   Code   RO         4925    i._GetAvailWriteSpace  segger_rtt.o
    0x0001913e   0x00000002   PAD
    0x00019140   0x000000c6   Code   RO         5106    i._PrintInt         segger_rtt_printf.o
    0x00019206   0x00000002   PAD
    0x00019208   0x000000d4   Code   RO         5107    i._PrintUnsigned    segger_rtt_printf.o
    0x000192dc   0x0000003e   Code   RO         5108    i._StoreChar        segger_rtt_printf.o
    0x0001931a   0x0000005a   Code   RO         4927    i._WriteBlocking    segger_rtt.o
    0x00019374   0x00000042   Code   RO         4928    i._WriteNoCheck     segger_rtt.o
    0x000193b6   0x0000000e   Code   RO         5756    i.__scatterload_copy  mc_w.l(handlers.o)
    0x000193c4   0x00000002   Code   RO         5757    i.__scatterload_null  mc_w.l(handlers.o)
    0x000193c6   0x0000000e   Code   RO         5758    i.__scatterload_zeroinit  mc_w.l(handlers.o)
    0x000193d4   0x00000024   Code   RO         5155    i.__sd_nvic_app_accessible_irq  nrf_sdh.o
    0x000193f8   0x00000016   Code   RO         5156    i.__sd_nvic_is_app_accessible_priority  nrf_sdh.o
    0x0001940e   0x00000036   Code   RO         1329    i.advertising_buttons_configure  bsp_btn_ble.o
    0x00019444   0x00000006   Code   RO         1206    i.alert_timer_handler  bsp.o
    0x0001944a   0x00000002   PAD
    0x0001944c   0x00000024   Code   RO         3089    i.app_button_enable  app_button.o
    0x00019470   0x00000070   Code   RO         3090    i.app_button_init   app_button.o
    0x000194e0   0x00000078   Code   RO         3190    i.app_error_fault_handler  app_error_weak.o
    0x00019558   0x00000016   Code   RO         3151    i.app_error_handler_bare  app_error.o
    0x0001956e   0x00000016   Code   RO         3231    i.app_fifo_get      app_fifo.o
    0x00019584   0x0000001a   Code   RO         3234    i.app_fifo_put      app_fifo.o
    0x0001959e   0x00000002   PAD
    0x000195a0   0x0000003c   Code   RO         4407    i.app_pwm_busy_check  app_pwm.o
    0x000195dc   0x00000014   Code   RO         4409    i.app_pwm_channel_duty_set  app_pwm.o
    0x000195f0   0x00000078   Code   RO         4411    i.app_pwm_channel_duty_ticks_set  app_pwm.o
    0x00019668   0x000000f8   Code   RO         4412    i.app_pwm_channel_init  app_pwm.o
    0x00019760   0x00000078   Code   RO         4414    i.app_pwm_disable   app_pwm.o
    0x000197d8   0x00000078   Code   RO         4415    i.app_pwm_enable    app_pwm.o
    0x00019850   0x0000018c   Code   RO         4416    i.app_pwm_init      app_pwm.o
    0x000199dc   0x0000002a   Code   RO         4417    i.app_pwm_uninit    app_pwm.o
    0x00019a06   0x00000002   PAD
    0x00019a08   0x00000024   Code   RO         3362    i.app_timer_create  app_timer.o
    0x00019a2c   0x00000054   Code   RO         3363    i.app_timer_init    app_timer.o
    0x00019a80   0x00000088   Code   RO         3366    i.app_timer_start   app_timer.o
    0x00019b08   0x00000020   Code   RO         3367    i.app_timer_stop    app_timer.o
    0x00019b28   0x0000003c   Code   RO         3527    i.app_uart_put      app_uart_fifo.o
    0x00019b64   0x00000048   Code   RO         3586    i.app_util_critical_region_enter  app_util_platform.o
    0x00019bac   0x00000034   Code   RO         3587    i.app_util_critical_region_exit  app_util_platform.o
    0x00019be0   0x0000000c   Code   RO         2634    i.are_app_channels  nrf_drv_ppi.o
    0x00019bec   0x00000182   Code   RO         1447    i.ble_advdata_encode  ble_advdata.o
    0x00019d6e   0x00000068   Code   RO         1448    i.ble_advdata_set   ble_advdata.o
    0x00019dd6   0x00000006   Code   RO         1527    i.ble_advertising_conn_cfg_tag_set  ble_advertising.o
    0x00019ddc   0x00000136   Code   RO         1528    i.ble_advertising_init  ble_advertising.o
    0x00019f12   0x00000068   Code   RO         1530    i.ble_advertising_on_ble_evt  ble_advertising.o
    0x00019f7a   0x00000032   Code   RO         1531    i.ble_advertising_on_sys_evt  ble_advertising.o
    0x00019fac   0x0000003c   Code   RO         1533    i.ble_advertising_restart_without_whitelist  ble_advertising.o
    0x00019fe8   0x000001ca   Code   RO         1534    i.ble_advertising_start  ble_advertising.o
    0x0001a1b2   0x00000002   PAD
    0x0001a1b4   0x00000068   Code   RO         1618    i.ble_conn_params_init  ble_conn_params.o
    0x0001a21c   0x00000060   Code   RO         1449    i.ble_device_addr_encode  ble_advdata.o
    0x0001a27c   0x0000014c   Code   RO            6    i.ble_evt_handler   main.o
    0x0001a3c8   0x00000070   Code   RO         1330    i.ble_evt_handler   bsp_btn_ble.o
    0x0001a438   0x000000fc   Code   RO         1620    i.ble_evt_handler   ble_conn_params.o
    0x0001a534   0x000000f4   Code   RO         1714    i.ble_evt_handler   ble_conn_state.o
    0x0001a628   0x00000064   Code   RO         1968    i.ble_nus_init      ble_nus.o
    0x0001a68c   0x0000008c   Code   RO         1969    i.ble_nus_on_ble_evt  ble_nus.o
    0x0001a718   0x00000008   Code   RO         1840    i.ble_srv_is_notification_enabled  ble_srv_common.o
    0x0001a720   0x0000000c   Code   RO         1097    i.bsp_board_button_idx_to_pin  boards.o
    0x0001a72c   0x00000020   Code   RO         1098    i.bsp_board_button_state_get  boards.o
    0x0001a74c   0x00000024   Code   RO         1101    i.bsp_board_led_invert  boards.o
    0x0001a770   0x00000010   Code   RO         1102    i.bsp_board_led_off  boards.o
    0x0001a780   0x00000010   Code   RO         1103    i.bsp_board_led_on  boards.o
    0x0001a790   0x00000020   Code   RO         1104    i.bsp_board_led_state_get  boards.o
    0x0001a7b0   0x0000002c   Code   RO         1105    i.bsp_board_leds_init  boards.o
    0x0001a7dc   0x00000012   Code   RO         1106    i.bsp_board_leds_off  boards.o
    0x0001a7ee   0x00000012   Code   RO         1107    i.bsp_board_leds_on  boards.o
    0x0001a800   0x00000024   Code   RO         1108    i.bsp_board_pin_to_button_idx  boards.o
    0x0001a824   0x0000003c   Code   RO         1331    i.bsp_btn_ble_init  bsp_btn_ble.o
    0x0001a860   0x0000001e   Code   RO         1332    i.bsp_btn_ble_sleep_mode_prepare  bsp_btn_ble.o
    0x0001a87e   0x00000002   PAD
    0x0001a880   0x00000090   Code   RO         1207    i.bsp_button_event_handler  bsp.o
    0x0001a910   0x00000004   Code   RO         1208    i.bsp_button_is_pressed  bsp.o
    0x0001a914   0x000000d0   Code   RO            7    i.bsp_event_handler  main.o
    0x0001a9e4   0x00000044   Code   RO         1211    i.bsp_event_to_button_action_assign  bsp.o
    0x0001aa28   0x00000018   Code   RO         1212    i.bsp_indication_set  bsp.o
    0x0001aa40   0x00000094   Code   RO         1213    i.bsp_init          bsp.o
    0x0001aad4   0x000001b8   Code   RO         1214    i.bsp_led_indication  bsp.o
    0x0001ac8c   0x00000010   Code   RO         1216    i.bsp_wakeup_button_enable  bsp.o
    0x0001ac9c   0x00000064   Code   RO         4662    i.buf_prealloc      nrf_log_frontend.o
    0x0001ad00   0x0000001e   Code   RO         3856    i.buffer_add        nrf_fprintf_format.o
    0x0001ad1e   0x00000002   PAD
    0x0001ad20   0x00000014   Code   RO         4663    i.buffer_is_empty   nrf_log_frontend.o
    0x0001ad34   0x00000008   Code   RO         1217    i.button_timer_handler  bsp.o
    0x0001ad3c   0x0000001c   Code   RO         2228    i.channel_free      nrf_drv_gpiote.o
    0x0001ad58   0x00000048   Code   RO         2229    i.channel_port_alloc  nrf_drv_gpiote.o
    0x0001ada0   0x00000010   Code   RO         2230    i.channel_port_get  nrf_drv_gpiote.o
    0x0001adb0   0x00000028   Code   RO         2019    i.clock_clk_started_notify  nrf_drv_clock.o
    0x0001add8   0x000000ac   Code   RO         3369    i.compare_reg_update  app_timer.o
    0x0001ae84   0x00000088   Code   RO         1450    i.conn_int_encode   ble_advdata.o
    0x0001af0c   0x00000004   Code   RO            8    i.conn_params_error_handler  main.o
    0x0001af10   0x00000048   Code   RO         1621    i.conn_params_negotiation  ble_conn_params.o
    0x0001af58   0x00000060   Code   RO         3092    i.detection_delay_timeout_handler  app_button.o
    0x0001afb8   0x00000040   Code   RO         3370    i.elapsed_ticks_acquire  app_timer.o
    0x0001aff8   0x0000004e   Code   RO         3963    i.event_send        nrf_fstorage_sd.o
    0x0001b046   0x00000014   Code   RO         3237    i.fifo_get          app_fifo.o
    0x0001b05a   0x00000012   Code   RO         3238    i.fifo_put          app_fifo.o
    0x0001b06c   0x00000054   Code   RO            9    i.gatt_evt_handler  main.o
    0x0001b0c0   0x00000030   Code   RO           10    i.gatt_init         main.o
    0x0001b0f0   0x00000058   Code   RO         3093    i.gpiote_event_handler  app_button.o
    0x0001b148   0x00000014   Code   RO         1622    i.instance_get      ble_conn_params.o
    0x0001b15c   0x000000a6   Code   RO         3857    i.int_print         nrf_fprintf_format.o
    0x0001b202   0x00000042   Code   RO         2794    i.irq_handler       nrf_drv_timer.o
    0x0001b244   0x00000018   Code   RO         2635    i.is_allocated_channel  nrf_drv_ppi.o
    0x0001b25c   0x0000000a   Code   RO         2637    i.is_app_channel    nrf_drv_ppi.o
    0x0001b266   0x00000044   Code   RO         1623    i.is_conn_params_ok  ble_conn_params.o
    0x0001b2aa   0x0000000c   Code   RO         2639    i.is_programmable_app_channel  nrf_drv_ppi.o
    0x0001b2b6   0x00000002   PAD
    0x0001b2b8   0x0000001c   Code   RO           11    i.ldo_enable        main.o
    0x0001b2d4   0x00000030   Code   RO         1218    i.leds_off          bsp.o
    0x0001b304   0x00000014   Code   RO         1219    i.leds_timer_handler  bsp.o
    0x0001b318   0x00000028   Code   RO         2022    i.lfclk_stop        nrf_drv_clock.o
    0x0001b340   0x00000010   Code   RO         1897    i.link_init         nrf_ble_gatt.o
    0x0001b350   0x000000f8   Code   RO         3371    i.list_insertions_handler  app_timer.o
    0x0001b448   0x00000094   Code   RO         4665    i.log_skip          nrf_log_frontend.o
    0x0001b4dc   0x000001ac   Code   RO           12    i.main              main.o
    0x0001b688   0x00000064   Code   RO         1451    i.manuf_specific_data_encode  ble_advdata.o
    0x0001b6ec   0x00000076   Code   RO         4079    i.memobj_op         nrf_memobj.o
    0x0001b762   0x00000002   PAD
    0x0001b764   0x00000034   Code   RO         4666    i.module_idx_get    nrf_log_frontend.o
    0x0001b798   0x00000026   Code   RO         1333    i.my_buttons_configure  bsp_btn_ble.o
    0x0001b7be   0x0000009c   Code   RO         1452    i.name_encode       ble_advdata.o
    0x0001b85a   0x00000016   Code   RO         3705    i.nrf_atfifo_item_free  nrf_atfifo.o
    0x0001b870   0x00000016   Code   RO         3706    i.nrf_atfifo_item_get  nrf_atfifo.o
    0x0001b886   0x0000000e   Code   RO         4667    i.nrf_atomic_flag_set  nrf_log_frontend.o
    0x0001b894   0x00000044   Code   RO         3772    i.nrf_balloc_alloc  nrf_balloc.o
    0x0001b8d8   0x00000030   Code   RO         3773    i.nrf_balloc_free   nrf_balloc.o
    0x0001b908   0x00000030   Code   RO         3774    i.nrf_balloc_init   nrf_balloc.o
    0x0001b938   0x00000010   Code   RO         2231    i.nrf_bitmask_bit_is_set  nrf_drv_gpiote.o
    0x0001b948   0x00000018   Code   RO         1899    i.nrf_ble_gatt_att_mtu_periph_set  nrf_ble_gatt.o
    0x0001b960   0x00000022   Code   RO         1901    i.nrf_ble_gatt_init  nrf_ble_gatt.o
    0x0001b982   0x00000002   PAD
    0x0001b984   0x000000f4   Code   RO         1902    i.nrf_ble_gatt_on_ble_evt  nrf_ble_gatt.o
    0x0001ba78   0x0000000e   Code   RO         2023    i.nrf_clock_event_check  nrf_drv_clock.o
    0x0001ba86   0x00000010   Code   RO         2024    i.nrf_clock_event_clear  nrf_drv_clock.o
    0x0001ba96   0x0000000a   Code   RO          578    i.nrf_delay_ms      oled.o
    0x0001baa0   0x0000008c   Code   RO           13    i.nrf_delay_us      main.o
    0x0001bb2c   0x0000008c   Code   RO          475    i.nrf_delay_us      pwm.o
    0x0001bbb8   0x0000008c   Code   RO          579    i.nrf_delay_us      oled.o
    0x0001bc44   0x0000008c   Code   RO         3372    i.nrf_delay_us      app_timer.o
    0x0001bcd0   0x00000048   Code   RO         2031    i.nrf_drv_clock_init  nrf_drv_clock.o
    0x0001bd18   0x0000002c   Code   RO         2035    i.nrf_drv_clock_lfclk_release  nrf_drv_clock.o
    0x0001bd44   0x00000038   Code   RO         2191    i.nrf_drv_common_irq_enable  nrf_drv_common.o
    0x0001bd7c   0x00000018   Code   RO         2232    i.nrf_drv_gpiote_clr_task_addr_get  nrf_drv_gpiote.o
    0x0001bd94   0x000000a4   Code   RO         2236    i.nrf_drv_gpiote_in_event_enable  nrf_drv_gpiote.o
    0x0001be38   0x000000b8   Code   RO         2237    i.nrf_drv_gpiote_in_init  nrf_drv_gpiote.o
    0x0001bef0   0x00000014   Code   RO         2238    i.nrf_drv_gpiote_in_is_set  nrf_drv_gpiote.o
    0x0001bf04   0x0000005c   Code   RO         2240    i.nrf_drv_gpiote_init  nrf_drv_gpiote.o
    0x0001bf60   0x00000014   Code   RO         2241    i.nrf_drv_gpiote_is_init  nrf_drv_gpiote.o
    0x0001bf74   0x000000b8   Code   RO         2243    i.nrf_drv_gpiote_out_init  nrf_drv_gpiote.o
    0x0001c02c   0x00000024   Code   RO         2246    i.nrf_drv_gpiote_out_task_disable  nrf_drv_gpiote.o
    0x0001c050   0x00000024   Code   RO         2247    i.nrf_drv_gpiote_out_task_enable  nrf_drv_gpiote.o
    0x0001c074   0x00000028   Code   RO         2248    i.nrf_drv_gpiote_out_task_force  nrf_drv_gpiote.o
    0x0001c09c   0x00000044   Code   RO         2251    i.nrf_drv_gpiote_out_uninit  nrf_drv_gpiote.o
    0x0001c0e0   0x00000018   Code   RO         2252    i.nrf_drv_gpiote_set_task_addr_get  nrf_drv_gpiote.o
    0x0001c0f8   0x00000010   Code   RO         2473    i.nrf_drv_is_in_RAM  nrf_drv_uart.o
    0x0001c108   0x0000006c   Code   RO         2640    i.nrf_drv_ppi_channel_alloc  nrf_drv_ppi.o
    0x0001c174   0x00000044   Code   RO         2641    i.nrf_drv_ppi_channel_assign  nrf_drv_ppi.o
    0x0001c1b8   0x00000034   Code   RO         2642    i.nrf_drv_ppi_channel_disable  nrf_drv_ppi.o
    0x0001c1ec   0x00000034   Code   RO         2643    i.nrf_drv_ppi_channel_enable  nrf_drv_ppi.o
    0x0001c220   0x00000040   Code   RO         2645    i.nrf_drv_ppi_channel_free  nrf_drv_ppi.o
    0x0001c260   0x00000018   Code   RO         2652    i.nrf_drv_ppi_init  nrf_drv_ppi.o
    0x0001c278   0x00000008   Code   RO         2796    i.nrf_drv_timer_clear  nrf_drv_timer.o
    0x0001c280   0x00000022   Code   RO         2797    i.nrf_drv_timer_compare  nrf_drv_timer.o
    0x0001c2a2   0x00000010   Code   RO         4418    i.nrf_drv_timer_compare_event_address_get  app_pwm.o
    0x0001c2b2   0x0000000e   Code   RO         2798    i.nrf_drv_timer_compare_int_disable  nrf_drv_timer.o
    0x0001c2c0   0x00000024   Code   RO         2799    i.nrf_drv_timer_compare_int_enable  nrf_drv_timer.o
    0x0001c2e4   0x0000001c   Code   RO         2800    i.nrf_drv_timer_disable  nrf_drv_timer.o
    0x0001c300   0x0000001c   Code   RO         2801    i.nrf_drv_timer_enable  nrf_drv_timer.o
    0x0001c31c   0x0000002a   Code   RO         2802    i.nrf_drv_timer_extended_compare  nrf_drv_timer.o
    0x0001c346   0x00000002   PAD
    0x0001c348   0x00000090   Code   RO         2804    i.nrf_drv_timer_init  nrf_drv_timer.o
    0x0001c3d8   0x00000060   Code   RO         2807    i.nrf_drv_timer_uninit  nrf_drv_timer.o
    0x0001c438   0x000000a4   Code   RO         2482    i.nrf_drv_uart_tx   nrf_drv_uart.o
    0x0001c4dc   0x0000001c   Code   RO         2484    i.nrf_drv_uart_tx_in_progress  nrf_drv_uart.o
    0x0001c4f8   0x0000001a   Code   RO         3813    i.nrf_fprintf       nrf_fprintf.o
    0x0001c512   0x00000018   Code   RO         3814    i.nrf_fprintf_buffer_flush  nrf_fprintf.o
    0x0001c52a   0x000001da   Code   RO         3858    i.nrf_fprintf_fmt   nrf_fprintf_format.o
    0x0001c704   0x00000050   Code   RO         3897    i.nrf_fstorage_is_busy  nrf_fstorage.o
    0x0001c754   0x00000018   Code   RO         3966    i.nrf_fstorage_sdh_req_handler  nrf_fstorage_sd.o
    0x0001c76c   0x00000020   Code   RO         3967    i.nrf_fstorage_sdh_state_handler  nrf_fstorage_sd.o
    0x0001c78c   0x000000a4   Code   RO         3968    i.nrf_fstorage_sys_evt_handler  nrf_fstorage_sd.o
    0x0001c830   0x00000024   Code   RO          580    i.nrf_gpio_cfg      oled.o
    0x0001c854   0x00000024   Code   RO         1110    i.nrf_gpio_cfg      boards.o
    0x0001c878   0x00000024   Code   RO         2255    i.nrf_gpio_cfg      nrf_drv_gpiote.o
    0x0001c89c   0x00000012   Code   RO         2256    i.nrf_gpio_cfg_default  nrf_drv_gpiote.o
    0x0001c8ae   0x00000014   Code   RO          581    i.nrf_gpio_cfg_output  oled.o
    0x0001c8c2   0x00000022   Code   RO         1220    i.nrf_gpio_cfg_sense_set  bsp.o
    0x0001c8e4   0x00000022   Code   RO         2257    i.nrf_gpio_cfg_sense_set  nrf_drv_gpiote.o
    0x0001c906   0x0000000e   Code   RO          582    i.nrf_gpio_pin_clear  oled.o
    0x0001c914   0x0000000e   Code   RO          583    i.nrf_gpio_pin_set  oled.o
    0x0001c922   0x00000016   Code   RO         1111    i.nrf_gpio_pin_write  boards.o
    0x0001c938   0x00000028   Code   RO         2258    i.nrf_gpio_ports_read  nrf_drv_gpiote.o
    0x0001c960   0x00000014   Code   RO         2259    i.nrf_gpiote_event_clear  nrf_drv_gpiote.o
    0x0001c974   0x00000010   Code   RO         2260    i.nrf_gpiote_event_is_set  nrf_drv_gpiote.o
    0x0001c984   0x00000050   Code   RO         4668    i.nrf_log_backend_add  nrf_log_frontend.o
    0x0001c9d4   0x00000002   Code   RO         4530    i.nrf_log_backend_rtt_flush  nrf_log_backend_rtt.o
    0x0001c9d6   0x00000004   Code   RO         4531    i.nrf_log_backend_rtt_init  nrf_log_backend_rtt.o
    0x0001c9da   0x00000002   Code   RO         4532    i.nrf_log_backend_rtt_panic_set  nrf_log_backend_rtt.o
    0x0001c9dc   0x00000018   Code   RO         4533    i.nrf_log_backend_rtt_put  nrf_log_backend_rtt.o
    0x0001c9f4   0x000000d2   Code   RO         4594    i.nrf_log_backend_serial_put  nrf_log_backend_serial.o
    0x0001cac6   0x00000002   PAD
    0x0001cac8   0x00000030   Code   RO         4670    i.nrf_log_color_id_get  nrf_log_frontend.o
    0x0001caf8   0x0000001c   Code   RO         4628    i.nrf_log_default_backends_init  nrf_log_default_backends.o
    0x0001cb14   0x000001f0   Code   RO         4671    i.nrf_log_frontend_dequeue  nrf_log_frontend.o
    0x0001cd04   0x00000008   Code   RO         4673    i.nrf_log_frontend_std_0  nrf_log_frontend.o
    0x0001cd0c   0x0000000e   Code   RO         4674    i.nrf_log_frontend_std_1  nrf_log_frontend.o
    0x0001cd1a   0x00000010   Code   RO         4675    i.nrf_log_frontend_std_2  nrf_log_frontend.o
    0x0001cd2a   0x00000002   PAD
    0x0001cd2c   0x000000ac   Code   RO         4853    i.nrf_log_hexdump_entry_process  nrf_log_str_formatter.o
    0x0001cdd8   0x0000005c   Code   RO         4680    i.nrf_log_init      nrf_log_frontend.o
    0x0001ce34   0x00000014   Code   RO         4681    i.nrf_log_module_cnt_get  nrf_log_frontend.o
    0x0001ce48   0x0000001c   Code   RO         4684    i.nrf_log_module_name_get  nrf_log_frontend.o
    0x0001ce64   0x00000028   Code   RO         4685    i.nrf_log_panic     nrf_log_frontend.o
    0x0001ce8c   0x000000b6   Code   RO         4854    i.nrf_log_std_entry_process  nrf_log_str_formatter.o
    0x0001cf42   0x00000060   Code   RO         4080    i.nrf_memobj_alloc  nrf_memobj.o
    0x0001cfa2   0x00000032   Code   RO         4081    i.nrf_memobj_free   nrf_memobj.o
    0x0001cfd4   0x0000000e   Code   RO         4082    i.nrf_memobj_get    nrf_memobj.o
    0x0001cfe2   0x00000004   Code   RO         4083    i.nrf_memobj_pool_init  nrf_memobj.o
    0x0001cfe6   0x00000022   Code   RO         4084    i.nrf_memobj_put    nrf_memobj.o
    0x0001d008   0x0000000c   Code   RO         4085    i.nrf_memobj_read   nrf_memobj.o
    0x0001d014   0x0000000c   Code   RO         4086    i.nrf_memobj_write  nrf_memobj.o
    0x0001d020   0x00000010   Code   RO         2960    i.nrf_saadc_buffer_init  nrf_drv_saadc.o
    0x0001d030   0x00000010   Code   RO         2962    i.nrf_saadc_event_check  nrf_drv_saadc.o
    0x0001d040   0x00000014   Code   RO         2963    i.nrf_saadc_event_clear  nrf_drv_saadc.o
    0x0001d054   0x00000014   Code   RO         5285    i.nrf_sdh_ble_app_ram_start_get  nrf_sdh_ble.o
    0x0001d068   0x00000150   Code   RO         5286    i.nrf_sdh_ble_default_cfg_set  nrf_sdh_ble.o
    0x0001d1b8   0x000000d8   Code   RO         5287    i.nrf_sdh_ble_enable  nrf_sdh_ble.o
    0x0001d290   0x00000050   Code   RO         5288    i.nrf_sdh_ble_evts_poll  nrf_sdh_ble.o
    0x0001d2e0   0x0000003c   Code   RO         5157    i.nrf_sdh_disable_request  nrf_sdh.o
    0x0001d31c   0x0000006c   Code   RO         5158    i.nrf_sdh_enable_request  nrf_sdh.o
    0x0001d388   0x00000024   Code   RO         5159    i.nrf_sdh_evts_poll  nrf_sdh.o
    0x0001d3ac   0x0000000c   Code   RO         5160    i.nrf_sdh_is_enabled  nrf_sdh.o
    0x0001d3b8   0x0000001c   Code   RO         5162    i.nrf_sdh_request_continue  nrf_sdh.o
    0x0001d3d4   0x0000003c   Code   RO         5335    i.nrf_sdh_soc_evts_poll  nrf_sdh_soc.o
    0x0001d410   0x0000000a   Code   RO         4236    i.nrf_section_iter_init  nrf_section_iter.o
    0x0001d41a   0x00000024   Code   RO         4237    i.nrf_section_iter_item_set  nrf_section_iter.o
    0x0001d43e   0x00000020   Code   RO         4238    i.nrf_section_iter_next  nrf_section_iter.o
    0x0001d45e   0x00000002   PAD
    0x0001d460   0x00000038   Code   RO         4271    i.nrf_strerror_find  nrf_strerror.o
    0x0001d498   0x00000014   Code   RO         4272    i.nrf_strerror_get  nrf_strerror.o
    0x0001d4ac   0x0000000a   Code   RO         2490    i.nrf_uarte_event_check  nrf_drv_uart.o
    0x0001d4b6   0x0000000c   Code   RO         2491    i.nrf_uarte_event_clear  nrf_drv_uart.o
    0x0001d4c2   0x00000002   PAD
    0x0001d4c4   0x00000090   Code   RO           14    i.nus_data_handler  main.o
    0x0001d554   0x00000024   Code   RO           15    i.on_adv_evt        main.o
    0x0001d578   0x0000001c   Code   RO           16    i.on_conn_params_evt  main.o
    0x0001d594   0x00000078   Code   RO         1903    i.on_exchange_mtu_request_evt  nrf_ble_gatt.o
    0x0001d60c   0x00000018   Code   RO         2261    i.pin_in_use_by_port  nrf_drv_gpiote.o
    0x0001d624   0x00000018   Code   RO         2262    i.pin_in_use_by_te  nrf_drv_gpiote.o
    0x0001d63c   0x0000003c   Code   RO         4855    i.postfix_process   nrf_log_str_formatter.o
    0x0001d678   0x0000005c   Code   RO         4856    i.prefix_process    nrf_log_str_formatter.o
    0x0001d6d4   0x00000068   Code   RO         4419    i.pwm_dealloc       app_pwm.o
    0x0001d73c   0x0000003c   Code   RO          476    i.pwm_init          pwm.o
    0x0001d778   0x0000005c   Code   RO         4420    i.pwm_ready_tick    app_pwm.o
    0x0001d7d4   0x000000d8   Code   RO         4421    i.pwm_transition    app_pwm.o
    0x0001d8ac   0x00000018   Code   RO          477    i.pwm_uninit        pwm.o
    0x0001d8c4   0x00000018   Code   RO          479    i.pwm_work_short    pwm.o
    0x0001d8dc   0x00000098   Code   RO         3969    i.queue_process     nrf_fstorage_sd.o
    0x0001d974   0x0000003c   Code   RO         3373    i.rtc1_stop         app_timer.o
    0x0001d9b0   0x000000a2   Code   RO         1971    i.rx_char_add       ble_nus.o
    0x0001da52   0x00000018   Code   RO         2492    i.rx_done_event     nrf_drv_uart.o
    0x0001da6a   0x00000042   Code   RO         5165    i.sd_nvic_SetPriority  nrf_sdh.o
    0x0001daac   0x00000054   Code   RO         2038    i.sd_state_evt_handler  nrf_drv_clock.o
    0x0001db00   0x00000030   Code   RO         5166    i.sdh_request_observer_notify  nrf_sdh.o
    0x0001db30   0x0000002c   Code   RO         5167    i.sdh_state_observer_notify  nrf_sdh.o
    0x0001db5c   0x00000044   Code   RO         4342    i.sdk_mapped_flags_bulk_update_by_key  sdk_mapped_flags.o
    0x0001dba0   0x00000022   Code   RO         4343    i.sdk_mapped_flags_first_key_index_get  sdk_mapped_flags.o
    0x0001dbc2   0x00000010   Code   RO         4344    i.sdk_mapped_flags_get_by_index  sdk_mapped_flags.o
    0x0001dbd2   0x0000004a   Code   RO         4347    i.sdk_mapped_flags_key_list_get  sdk_mapped_flags.o
    0x0001dc1c   0x0000000e   Code   RO         4349    i.sdk_mapped_flags_update_by_key  sdk_mapped_flags.o
    0x0001dc2a   0x00000002   PAD
    0x0001dc2c   0x00000010   Code   RO         1624    i.send_error_evt    ble_conn_params.o
    0x0001dc3c   0x0000002a   Code   RO         4534    i.serial_tx         nrf_log_backend_rtt.o
    0x0001dc66   0x00000002   PAD
    0x0001dc68   0x00000088   Code   RO         1453    i.service_data_encode  ble_advdata.o
    0x0001dcf0   0x00000028   Code   RO           17    i.sleep_mode_enter  main.o
    0x0001dd18   0x0000000a   Code   RO         2039    i.soc_evt_handler   nrf_drv_clock.o
    0x0001dd22   0x00000002   PAD
    0x0001dd24   0x00000038   Code   RO         5168    i.softdevice_evt_irq_disable  nrf_sdh.o
    0x0001dd5c   0x00000050   Code   RO         5169    i.softdevices_evt_irq_enable  nrf_sdh.o
    0x0001ddac   0x00000090   Code   RO         4687    i.std_n             nrf_log_frontend.o
    0x0001de3c   0x00000080   Code   RO         3374    i.timer_list_handler  app_timer.o
    0x0001debc   0x0000003c   Code   RO         3375    i.timer_list_insert  app_timer.o
    0x0001def8   0x00000060   Code   RO         3376    i.timer_list_remove  app_timer.o
    0x0001df58   0x00000048   Code   RO         3377    i.timer_stop_op_schedule  app_timer.o
    0x0001dfa0   0x00000074   Code   RO         3378    i.timer_timeouts_check  app_timer.o
    0x0001e014   0x000000da   Code   RO         1972    i.tx_char_add       ble_nus.o
    0x0001e0ee   0x000000f8   Code   RO         2493    i.uarte_irq_handler  nrf_drv_uart.o
    0x0001e1e6   0x0000000a   Code   RO         1454    i.uint16_encode     ble_advdata.o
    0x0001e1f0   0x000000b4   Code   RO         3859    i.unsigned_print    nrf_fprintf_format.o
    0x0001e2a4   0x00000068   Code   RO         1625    i.update_timeout_handler  ble_conn_params.o
    0x0001e30c   0x00000030   Code   RO         3379    i.user_op_alloc     app_timer.o
    0x0001e33c   0x00000030   Code   RO         1455    i.uuid_list_encode  ble_advdata.o
    0x0001e36c   0x0000009e   Code   RO         1456    i.uuid_list_sized_encode  ble_advdata.o
    0x0001e40a   0x00000002   PAD
    0x0001e40c   0x00000008   Data   RO          481    .constdata          pwm.o
    0x0001e414   0x0000001c   Data   RO          482    .constdata          pwm.o
    0x0001e430   0x00000008   Data   RO         1112    .constdata          boards.o
    0x0001e438   0x0000002c   Data   RO         1225    .constdata          bsp.o
    0x0001e464   0x0000000e   Data   RO         1904    .constdata          nrf_ble_gatt.o
    0x0001e472   0x00000002   PAD
    0x0001e474   0x00000020   Data   RO         1973    .constdata          ble_nus.o
    0x0001e494   0x00000004   Data   RO         2264    .constdata          nrf_drv_gpiote.o
    0x0001e498   0x00000008   Data   RO         3095    .constdata          app_button.o
    0x0001e4a0   0x00000010   Data   RO         3860    .constdata          nrf_fprintf_format.o
    0x0001e4b0   0x00000010   Data   RO         3978    .constdata          nrf_fstorage_sd.o
    0x0001e4c0   0x00000104   Data   RO         4273    .constdata          nrf_strerror.o
    0x0001e5c4   0x0000000c   Data   RO         4423    .constdata          app_pwm.o
    0x0001e5d0   0x0000000c   Data   RO         4536    .constdata          nrf_log_backend_rtt.o
    0x0001e5dc   0x00000014   Data   RO         4690    .constdata          nrf_log_frontend.o
    0x0001e5f0   0x00000010   Data   RO         5109    .constdata          segger_rtt_printf.o
    0x0001e600   0x00000010   Data   RO         5170    .constdata          nrf_sdh.o
    0x0001e610   0x00000028   Data   RO         5171    .constdata          nrf_sdh.o
    0x0001e638   0x00000010   Data   RO         5172    .constdata          nrf_sdh.o
    0x0001e648   0x00000010   Data   RO         5173    .constdata          nrf_sdh.o
    0x0001e658   0x00000020   Data   RO         5289    .constdata          nrf_sdh_ble.o
    0x0001e678   0x00000010   Data   RO         5290    .constdata          nrf_sdh_ble.o
    0x0001e688   0x00000010   Data   RO         5336    .constdata          nrf_sdh_soc.o
    0x0001e698   0x0000000c   Data   RO         5337    .constdata          nrf_sdh_soc.o
    0x0001e6a4   0x00000081   Data   RO         5413    .constdata          mc_w.l(ctype_o.o)
    0x0001e725   0x00000003   PAD
    0x0001e728   0x00000004   Data   RO         5414    .constdata          mc_w.l(ctype_o.o)
    0x0001e72c   0x00000086   Data   RO         1905    .conststring        nrf_ble_gatt.o
    0x0001e7b2   0x00000002   PAD
    0x0001e7b4   0x00000307   Data   RO         4274    .conststring        nrf_strerror.o
    0x0001eabb   0x00000001   PAD
    0x0001eabc   0x00000066   Data   RO         4857    .conststring        nrf_log_str_formatter.o
    0x0001eb22   0x00000002   PAD
    0x0001eb24   0x000001cf   Data   RO         5291    .conststring        nrf_sdh_ble.o
    0x0001ecf3   0x00000001   PAD
    0x0001ecf4   0x00000009   Data   RO         1906    .conststrlit        nrf_ble_gatt.o
    0x0001ecfd   0x00000003   PAD
    0x0001ed00   0x00000006   Data   RO         2045    .conststrlit        nrf_drv_clock.o
    0x0001ed06   0x00000002   PAD
    0x0001ed08   0x00000007   Data   RO         2268    .conststrlit        nrf_drv_gpiote.o
    0x0001ed0f   0x00000001   PAD
    0x0001ed10   0x00000005   Data   RO         2495    .conststrlit        nrf_drv_uart.o
    0x0001ed15   0x00000003   PAD
    0x0001ed18   0x00000004   Data   RO         2668    .conststrlit        nrf_drv_ppi.o
    0x0001ed1c   0x00000006   Data   RO         2810    .conststrlit        nrf_drv_timer.o
    0x0001ed22   0x00000002   PAD
    0x0001ed24   0x00000006   Data   RO         2974    .conststrlit        nrf_drv_saadc.o
    0x0001ed2a   0x00000002   PAD
    0x0001ed2c   0x00000007   Data   RO         3775    .conststrlit        nrf_balloc.o
    0x0001ed33   0x00000001   PAD
    0x0001ed34   0x00000009   Data   RO         4172    .conststrlit        nrf_pwr_mgmt.o
    0x0001ed3d   0x00000003   PAD
    0x0001ed40   0x00000004   Data   RO         4692    .conststrlit        nrf_log_frontend.o
    0x0001ed44   0x00000008   Data   RO         5174    .conststrlit        nrf_sdh.o
    0x0001ed4c   0x0000000c   Data   RO         5292    .conststrlit        nrf_sdh_ble.o
    0x0001ed58   0x0000000c   Data   RO         5338    .conststrlit        nrf_sdh_soc.o
    0x0001ed64   0x00000020   Data   RO         5754    Region$$Table       anon$$obj.o
    0x0001ed84   0x00000008   Data   RO         1907    log_const_data      nrf_ble_gatt.o
    0x0001ed8c   0x00000008   Data   RO         2046    log_const_data      nrf_drv_clock.o
    0x0001ed94   0x00000008   Data   RO         2269    log_const_data      nrf_drv_gpiote.o
    0x0001ed9c   0x00000008   Data   RO         2496    log_const_data      nrf_drv_uart.o
    0x0001eda4   0x00000008   Data   RO         2670    log_const_data      nrf_drv_ppi.o
    0x0001edac   0x00000008   Data   RO         2811    log_const_data      nrf_drv_timer.o
    0x0001edb4   0x00000008   Data   RO         2975    log_const_data      nrf_drv_saadc.o
    0x0001edbc   0x00000008   Data   RO         3776    log_const_data      nrf_balloc.o
    0x0001edc4   0x00000008   Data   RO         4174    log_const_data      nrf_pwr_mgmt.o
    0x0001edcc   0x00000008   Data   RO         4696    log_const_data      nrf_log_frontend.o
    0x0001edd4   0x00000008   Data   RO         5176    log_const_data      nrf_sdh.o
    0x0001eddc   0x00000008   Data   RO         5293    log_const_data      nrf_sdh_ble.o
    0x0001ede4   0x00000008   Data   RO         5339    log_const_data      nrf_sdh_soc.o
    0x0001edec   0x00000008   Data   RO         1717    sdh_ble_observers0  ble_conn_state.o
    0x0001edf4   0x00000010   Data   RO           21    sdh_ble_observers1  main.o
    0x0001ee04   0x00000008   Data   RO         1335    sdh_ble_observers1  bsp_btn_ble.o
    0x0001ee0c   0x00000008   Data   RO         1628    sdh_ble_observers1  ble_conn_params.o
    0x0001ee14   0x00000008   Data   RO           22    sdh_ble_observers2  main.o
    0x0001ee1c   0x00000008   Data   RO           23    sdh_ble_observers3  main.o
    0x0001ee24   0x00000008   Data   RO         3981    sdh_req_observers0  nrf_fstorage_sd.o
    0x0001ee2c   0x00000008   Data   RO         2048    sdh_soc_observers0  nrf_drv_clock.o
    0x0001ee34   0x00000008   Data   RO         3982    sdh_soc_observers0  nrf_fstorage_sd.o
    0x0001ee3c   0x00000008   Data   RO           24    sdh_soc_observers1  main.o
    0x0001ee44   0x00000008   Data   RO         5295    sdh_stack_observers0  nrf_sdh_ble.o
    0x0001ee4c   0x00000008   Data   RO         5341    sdh_stack_observers0  nrf_sdh_soc.o
    0x0001ee54   0x00000008   Data   RO         2049    sdh_state_observers0  nrf_drv_clock.o
    0x0001ee5c   0x00000008   Data   RO         3983    sdh_state_observers0  nrf_fstorage_sd.o


    Execution Region RW_IRAM1 (Base: 0x200025b8, Size: 0x000017b8, Max: 0x00003a48, ABSOLUTE, COMPRESSED[0x00000044])

    Base Addr    Size         Type   Attr      Idx    E Section Name        Object

    0x200025b8   0x00000010   Data   RW           20    .data               main.o
    0x200025c8   0x00000010   Data   RW         1226    .data               bsp.o
    0x200025d8   0x00000008   Data   RW         1334    .data               bsp_btn_ble.o
    0x200025e0   0x00000008   Data   RW         1627    .data               ble_conn_params.o
    0x200025e8   0x00000008   Data   RW         2669    .data               nrf_drv_ppi.o
    0x200025f0   0x00000014   Data   RW         3096    .data               app_button.o
    0x20002604   0x00000014   Data   RW         3381    .data               app_timer.o
    0x20002618   0x00000010   Data   RW         3531    .data               app_uart_fifo.o
    0x20002628   0x00000008   Data   RW         3980    .data               nrf_fstorage_sd.o
    0x20002630   0x0000000a   Data   RW         4424    .data               app_pwm.o
    0x2000263a   0x00000002   PAD
    0x2000263c   0x0000000c   Data   RW         4629    .data               nrf_log_default_backends.o
    0x20002648   0x00000008   Data   RW         4694    .data               nrf_log_frontend.o
    0x20002650   0x00000008   Data   RW         4695    .data               nrf_log_frontend.o
    0x20002658   0x00000038   Data   RW         4858    .data               nrf_log_str_formatter.o
    0x20002690   0x00000003   Data   RW         5175    .data               nrf_sdh.o
    0x20002693   0x00000001   PAD
    0x20002694   0x00000004   Data   RW         5376    .data               system_nrf52810.o
    0x20002698   0x0000000c   Data   RW         1908    log_dynamic_data    nrf_ble_gatt.o
    0x200026a4   0x0000000c   Data   RW         2047    log_dynamic_data    nrf_drv_clock.o
    0x200026b0   0x0000000c   Data   RW         2270    log_dynamic_data    nrf_drv_gpiote.o
    0x200026bc   0x0000000c   Data   RW         2497    log_dynamic_data    nrf_drv_uart.o
    0x200026c8   0x0000000c   Data   RW         2671    log_dynamic_data    nrf_drv_ppi.o
    0x200026d4   0x0000000c   Data   RW         2812    log_dynamic_data    nrf_drv_timer.o
    0x200026e0   0x0000000c   Data   RW         2976    log_dynamic_data    nrf_drv_saadc.o
    0x200026ec   0x0000000c   Data   RW         3777    log_dynamic_data    nrf_balloc.o
    0x200026f8   0x0000000c   Data   RW         4175    log_dynamic_data    nrf_pwr_mgmt.o
    0x20002704   0x0000000c   Data   RW         4697    log_dynamic_data    nrf_log_frontend.o
    0x20002710   0x0000000c   Data   RW         5177    log_dynamic_data    nrf_sdh.o
    0x2000271c   0x0000000c   Data   RW         5294    log_dynamic_data    nrf_sdh_ble.o
    0x20002728   0x0000000c   Data   RW         5340    log_dynamic_data    nrf_sdh_soc.o
    0x20002734   0x0000020c   Zero   RW           19    .bss                main.o
    0x20002940   0x00000024   Zero   RW          480    .bss                pwm.o
    0x20002964   0x00000020   Zero   RW         1221    .bss                bsp.o
    0x20002984   0x00000020   Zero   RW         1222    .bss                bsp.o
    0x200029a4   0x0000000c   Zero   RW         1223    .bss                bsp.o
    0x200029b0   0x00000020   Zero   RW         1224    .bss                bsp.o
    0x200029d0   0x00000050   Zero   RW         1626    .bss                ble_conn_params.o
    0x20002a20   0x000000b8   Zero   RW         1716    .bss                ble_conn_state.o
    0x20002ad8   0x00000014   Zero   RW         2040    .bss                nrf_drv_clock.o
    0x20002aec   0x00000058   Zero   RW         2263    .bss                nrf_drv_gpiote.o
    0x20002b44   0x0000001c   Zero   RW         2494    .bss                nrf_drv_uart.o
    0x20002b60   0x00000018   Zero   RW         2808    .bss                nrf_drv_timer.o
    0x20002b78   0x00000030   Zero   RW         2965    .bss                nrf_drv_saadc.o
    0x20002ba8   0x00000020   Zero   RW         3094    .bss                app_button.o
    0x20002bc8   0x0000010c   Zero   RW         3380    .bss                app_timer.o
    0x20002cd4   0x00000020   Zero   RW         3529    .bss                app_uart_fifo.o
    0x20002cf4   0x0000000c   Zero   RW         3592    .bss                app_util_platform.o
    0x20002d00   0x000000a0   Zero   RW         3976    .bss                nrf_fstorage_sd.o
    0x20002da0   0x00000010   Zero   RW         3977    .bss                nrf_fstorage_sd.o
    0x20002db0   0x00000018   Zero   RW         4422    .bss                app_pwm.o
    0x20002dc8   0x00000040   Zero   RW         4535    .bss                nrf_log_backend_rtt.o
    0x20002e08   0x000000c0   Zero   RW         4688    .bss                nrf_log_frontend.o
    0x20002ec8   0x00000420   Zero   RW         4689    .bss                nrf_log_frontend.o
    0x200032e8   0x00000288   Zero   RW         4929    .bss                segger_rtt.o
    0x20003570   0x00000800   Zero   RW         5364    STACK               arm_startup_nrf52810.o


==============================================================================

Image component sizes


      Code (inc. data)   RO Data    RW Data    ZI Data      Debug   Object Name

         0          0          0          0          0      26892   adc.o
       332         34          8         20         32      10098   app_button.o
        22          0          0          0          0       2125   app_error.o
       120         40          0          0          0      28169   app_error_weak.o
        86          0          0          0          0       4046   app_fifo.o
      1554         74         12         10         24      29204   app_pwm.o
      1630        122          0         20        268      43571   app_timer.o
        60          8          0         16         32       9411   app_uart_fifo.o
       124         14          0          0         12       9026   app_util_platform.o
        36          8        512          0       2048        920   arm_startup_nrf52810.o
      1330          0          0          0          0      42435   ble_advdata.o
       988          6          0          0          0      18400   ble_advertising.o
       636         44          8          8         80      12095   ble_conn_params.o
       244          6          8          0        184       3195   ble_conn_state.o
       620         10         32          0          0       6512   ble_nus.o
         8          0          0          0          0       1462   ble_srv_common.o
       318         42          8          0          0      12856   boards.o
       960         84         44         16        108      19311   bsp.o
       294         10          8          8          0      43475   bsp_btn_ble.o
      1520        316         40         16        524     135192   main.o
       244          0          0          0          0       4897   nrf_atfifo.o
       164          0         15         12          0       3881   nrf_balloc.o
       438         26        165         12          0      14482   nrf_ble_gatt.o
       408         40         30         12         20      40855   nrf_drv_clock.o
        56          0          0          0          0      26791   nrf_drv_common.o
      1608        138         19         12         88      33945   nrf_drv_gpiote.o
       426         40         12         20          0      14782   nrf_drv_ppi.o
       380         22         14         12         48      13163   nrf_drv_saadc.o
       536         42         14         12         24      21135   nrf_drv_timer.o
       518         18         13         12         28      17930   nrf_drv_uart.o
        50          0          0          0          0       3537   nrf_fprintf.o
       850          4         16          0          0       4694   nrf_fprintf_format.o
        80         10          0          0          0        847   nrf_fstorage.o
       450         36         40          8        176      10907   nrf_fstorage_sd.o
        74          8         12          0         64       5433   nrf_log_backend_rtt.o
       210          0          0          0          0      10363   nrf_log_backend_serial.o
        28          6          0         12          0       3302   nrf_log_default_backends.o
      1474         88         32         28       1248      29831   nrf_log_frontend.o
       506         66        102         56          0       5000   nrf_log_str_formatter.o
       494          0          0          0          0      12295   nrf_memobj.o
         0          0         17         12          0       7365   nrf_pwr_mgmt.o
       600         60        104         15          0      47663   nrf_sdh.o
       652        160        539         12          0       5729   nrf_sdh_ble.o
        60          4         56         12          0       2628   nrf_sdh_soc.o
        78          0          0          0          0       2692   nrf_section_iter.o
        76         10       1035          0          0       2643   nrf_strerror.o
       910         30          0          0          0      13893   oled.o
       248         22         36          0         36      20305   pwm.o
       206          0          0          0          0       4910   sdk_mapped_flags.o
       438         40          0          0        648       9244   segger_rtt.o
       900          6         16          0          0       5537   segger_rtt_printf.o
       560         60          0          4          0       2747   system_nrf52810.o

    ----------------------------------------------------------------------
     24652       1754       3024        380       5692     861821   Object Totals
         0          0         32          0          0          0   (incl. Generated)
        48          0         25          3          0          0   (incl. Padding)

    ----------------------------------------------------------------------

      Code (inc. data)   RO Data    RW Data    ZI Data      Debug   Library Member Name

        86          0          0          0          0          0   __dczerorl2.o
         8          4        133          0          0         68   ctype_o.o
         0          0          0          0          0          0   entry.o
         0          0          0          0          0          0   entry10a.o
         0          0          0          0          0          0   entry11a.o
         8          4          0          0          0          0   entry2.o
         4          0          0          0          0          0   entry5.o
         0          0          0          0          0          0   entry7b.o
         0          0          0          0          0          0   entry8b.o
         8          4          0          0          0          0   entry9a.o
        30          0          0          0          0          0   handlers.o
        36          8          0          0          0         68   init.o
        30          0          0          0          0         68   llshl.o
        32          0          0          0          0         68   llushr.o
        36          0          0          0          0         68   memcpya.o
        36          0          0          0          0        108   memseta.o
        18          0          0          0          0         68   strcpy.o
        14          0          0          0          0         68   strlen.o
        98          0          0          0          0         92   uldiv.o

    ----------------------------------------------------------------------
       448         20        136          0          0        676   Library Totals
         4          0          3          0          0          0   (incl. Padding)

    ----------------------------------------------------------------------

      Code (inc. data)   RO Data    RW Data    ZI Data      Debug   Library Name

       444         20        133          0          0        676   mc_w.l

    ----------------------------------------------------------------------
       448         20        136          0          0        676   Library Totals

    ----------------------------------------------------------------------

==============================================================================


      Code (inc. data)   RO Data    RW Data    ZI Data      Debug   

     25100       1774       3160        380       5692     846713   Grand Totals
     25100       1774       3160         68       5692     846713   ELF Image Totals (compressed)
     25100       1774       3160         68          0          0   ROM Totals

==============================================================================

    Total RO  Size (Code + RO Data)                28260 (  27.60kB)
    Total RW  Size (RW Data + ZI Data)              6072 (   5.93kB)
    Total ROM Size (Code + RO Data + RW Data)      28328 (  27.66kB)

==============================================================================

