Component: ARM Compiler 5.06 update 3 (build 300) Tool: armlink [4d35c9]

==============================================================================

Section Cross References

    main.o(i.app_error_fault_handler) refers to boards.o(i.bsp_board_leds_on) for bsp_board_leds_on
    main.o(i.app_error_fault_handler) refers to app_error.o(i.app_error_save_and_stop) for app_error_save_and_stop
    main.o(i.bsp_evt_handler) refers to memcpya.o(.text) for __aeabi_memcpy4
    main.o(i.bsp_evt_handler) refers to nrf_drv_pwm.o(i.nrf_drv_pwm_uninit) for nrf_drv_pwm_uninit
    main.o(i.bsp_evt_handler) refers to main.o(.constdata) for .constdata
    main.o(i.bsp_evt_handler) refers to main.o(.data) for .data
    main.o(i.demo1) refers to nrf_log_frontend.o(i.nrf_log_frontend_std_0) for nrf_log_frontend_std_0
    main.o(i.demo1) refers to nrf_drv_pwm.o(i.nrf_drv_pwm_init) for nrf_drv_pwm_init
    main.o(i.demo1) refers to app_error.o(i.app_error_handler_bare) for app_error_handler_bare
    main.o(i.demo1) refers to nrf_drv_pwm.o(i.nrf_drv_pwm_simple_playback) for nrf_drv_pwm_simple_playback
    main.o(i.demo1) refers to nrf_log_frontend.o(log_dynamic_data) for m_nrf_log_app_logs_data_dynamic
    main.o(i.demo1) refers to main.o(.constdata) for .constdata
    main.o(i.demo1) refers to main.o(i.demo1_handler) for demo1_handler
    main.o(i.demo1) refers to main.o(.data) for .data
    main.o(i.demo1_handler) refers to main.o(.data) for .data
    main.o(i.demo2) refers to nrf_log_frontend.o(i.nrf_log_frontend_std_0) for nrf_log_frontend_std_0
    main.o(i.demo2) refers to nrf_drv_pwm.o(i.nrf_drv_pwm_init) for nrf_drv_pwm_init
    main.o(i.demo2) refers to app_error.o(i.app_error_handler_bare) for app_error_handler_bare
    main.o(i.demo2) refers to nrf_drv_pwm.o(i.nrf_drv_pwm_complex_playback) for nrf_drv_pwm_complex_playback
    main.o(i.demo2) refers to nrf_log_frontend.o(log_dynamic_data) for m_nrf_log_app_logs_data_dynamic
    main.o(i.demo2) refers to main.o(.constdata) for .constdata
    main.o(i.demo2) refers to main.o(.data) for .data
    main.o(i.demo2) refers to main.o(.bss) for .bss
    main.o(i.demo3) refers to nrf_log_frontend.o(i.nrf_log_frontend_std_0) for nrf_log_frontend_std_0
    main.o(i.demo3) refers to nrf_drv_pwm.o(i.nrf_drv_pwm_init) for nrf_drv_pwm_init
    main.o(i.demo3) refers to app_error.o(i.app_error_handler_bare) for app_error_handler_bare
    main.o(i.demo3) refers to nrf_drv_pwm.o(i.nrf_drv_pwm_simple_playback) for nrf_drv_pwm_simple_playback
    main.o(i.demo3) refers to nrf_log_frontend.o(log_dynamic_data) for m_nrf_log_app_logs_data_dynamic
    main.o(i.demo3) refers to main.o(.constdata) for .constdata
    main.o(i.demo3) refers to main.o(.data) for .data
    main.o(i.demo4) refers to nrf_log_frontend.o(i.nrf_log_frontend_std_0) for nrf_log_frontend_std_0
    main.o(i.demo4) refers to nrf_drv_pwm.o(i.nrf_drv_pwm_init) for nrf_drv_pwm_init
    main.o(i.demo4) refers to app_error.o(i.app_error_handler_bare) for app_error_handler_bare
    main.o(i.demo4) refers to nrf_drv_pwm.o(i.nrf_drv_pwm_simple_playback) for nrf_drv_pwm_simple_playback
    main.o(i.demo4) refers to nrf_drv_pwm.o(i.nrf_drv_pwm_complex_playback) for nrf_drv_pwm_complex_playback
    main.o(i.demo4) refers to nrf_log_frontend.o(log_dynamic_data) for m_nrf_log_app_logs_data_dynamic
    main.o(i.demo4) refers to main.o(.constdata) for .constdata
    main.o(i.demo4) refers to main.o(.data) for .data
    main.o(i.demo4) refers to main.o(.bss) for .bss
    main.o(i.demo5) refers to nrf_log_frontend.o(i.nrf_log_frontend_std_0) for nrf_log_frontend_std_0
    main.o(i.demo5) refers to nrf_drv_pwm.o(i.nrf_drv_pwm_init) for nrf_drv_pwm_init
    main.o(i.demo5) refers to app_error.o(i.app_error_handler_bare) for app_error_handler_bare
    main.o(i.demo5) refers to nrf_drv_pwm.o(i.nrf_drv_pwm_simple_playback) for nrf_drv_pwm_simple_playback
    main.o(i.demo5) refers to nrf_log_frontend.o(log_dynamic_data) for m_nrf_log_app_logs_data_dynamic
    main.o(i.demo5) refers to main.o(.constdata) for .constdata
    main.o(i.demo5) refers to main.o(.data) for .data
    main.o(i.main) refers to nrf_drv_clock.o(i.nrf_drv_clock_init) for nrf_drv_clock_init
    main.o(i.main) refers to app_error.o(i.app_error_handler_bare) for app_error_handler_bare
    main.o(i.main) refers to nrf_drv_clock.o(i.nrf_drv_clock_lfclk_request) for nrf_drv_clock_lfclk_request
    main.o(i.main) refers to app_timer.o(i.app_timer_init) for app_timer_init
    main.o(i.main) refers to bsp.o(i.bsp_init) for bsp_init
    main.o(i.main) refers to bsp.o(i.bsp_buttons_enable) for bsp_buttons_enable
    main.o(i.main) refers to nrf_log_frontend.o(i.nrf_log_init) for nrf_log_init
    main.o(i.main) refers to nrf_log_default_backends.o(i.nrf_log_default_backends_init) for nrf_log_default_backends_init
    main.o(i.main) refers to nrf_log_frontend.o(i.nrf_log_frontend_std_0) for nrf_log_frontend_std_0
[...]
    i.RTC1_IRQHandler                        0x0000074c   Section        0  app_timer.o(i.RTC1_IRQHandler)
    i.SWI0_EGU0_IRQHandler                   0x00000770   Section        0  app_timer.o(i.SWI0_EGU0_IRQHandler)
    i.SystemInit                             0x00000774   Section        0  system_nrf52.o(i.SystemInit)
    i.UARTE0_UART0_IRQHandler                0x00000a70   Section        0  nrf_drv_uart.o(i.UARTE0_UART0_IRQHandler)
    i.__scatterload_copy                     0x00000a8c   Section       14  handlers.o(i.__scatterload_copy)
    i.__scatterload_null                     0x00000a9a   Section        2  handlers.o(i.__scatterload_null)
    i.__scatterload_zeroinit                 0x00000a9c   Section       14  handlers.o(i.__scatterload_zeroinit)
    i.alert_timer_handler                    0x00000aaa   Section        0  bsp.o(i.alert_timer_handler)
    alert_timer_handler                      0x00000aab   Thumb Code     6  bsp.o(i.alert_timer_handler)
    i.app_button_enable                      0x00000ab0   Section        0  app_button.o(i.app_button_enable)
    i.app_button_init                        0x00000ad4   Section        0  app_button.o(i.app_button_init)
    i.app_error_fault_handler                0x00000b44   Section        0  main.o(i.app_error_fault_handler)
    i.app_error_handler_bare                 0x00000b5e   Section        0  app_error.o(i.app_error_handler_bare)
    i.app_error_save_and_stop                0x00000b74   Section        0  app_error.o(i.app_error_save_and_stop)
    i.app_timer_create                       0x00000bd8   Section        0  app_timer.o(i.app_timer_create)
    i.app_timer_init                         0x00000bfc   Section        0  app_timer.o(i.app_timer_init)
    i.app_timer_start                        0x00000c50   Section        0  app_timer.o(i.app_timer_start)
    i.app_timer_stop                         0x00000cd0   Section        0  app_timer.o(i.app_timer_stop)
    i.app_util_critical_region_enter         0x00000cf0   Section        0  app_util_platform.o(i.app_util_critical_region_enter)
    i.app_util_critical_region_exit          0x00000cf4   Section        0  app_util_platform.o(i.app_util_critical_region_exit)
    i.app_util_disable_irq                   0x00000cf8   Section        0  app_util_platform.o(i.app_util_disable_irq)
    i.app_util_enable_irq                    0x00000d08   Section        0  app_util_platform.o(i.app_util_enable_irq)
    i.apply_config                           0x00000d1c   Section        0  nrf_drv_uart.o(i.apply_config)
    apply_config                             0x00000d1d   Thumb Code   180  nrf_drv_uart.o(i.apply_config)
    i.bsp_board_led_invert                   0x00000dd4   Section        0  boards.o(i.bsp_board_led_invert)
    i.bsp_board_led_off                      0x00000df8   Section        0  boards.o(i.bsp_board_led_off)
    i.bsp_board_led_on                       0x00000e08   Section        0  boards.o(i.bsp_board_led_on)
    i.bsp_board_led_state_get                0x00000e18   Section        0  boards.o(i.bsp_board_led_state_get)
    i.bsp_board_leds_init                    0x00000e38   Section        0  boards.o(i.bsp_board_leds_init)
    i.bsp_board_leds_off                     0x00000e64   Section        0  boards.o(i.bsp_board_leds_off)
    i.bsp_board_leds_on                      0x00000e76   Section        0  boards.o(i.bsp_board_leds_on)
    i.bsp_board_pin_to_button_idx            0x00000e88   Section        0  boards.o(i.bsp_board_pin_to_button_idx)
    i.bsp_button_event_handler               0x00000eac   Section        0  bsp.o(i.bsp_button_event_handler)
    bsp_button_event_handler                 0x00000ead   Thumb Code   132  bsp.o(i.bsp_button_event_handler)
    i.bsp_buttons_enable                     0x00000f3c   Section        0  bsp.o(i.bsp_buttons_enable)
    i.bsp_event_to_button_action_assign      0x00000f40   Section        0  bsp.o(i.bsp_event_to_button_action_assign)
    i.bsp_evt_handler                        0x00000f84   Section        0  main.o(i.bsp_evt_handler)
    bsp_evt_handler                          0x00000f85   Thumb Code   110  main.o(i.bsp_evt_handler)
    i.bsp_init                               0x00000ffc   Section        0  bsp.o(i.bsp_init)
    i.bsp_led_indication                     0x00001090   Section        0  bsp.o(i.bsp_led_indication)
    bsp_led_indication                       0x00001091   Thumb Code   432  bsp.o(i.bsp_led_indication)
    i.buf_prealloc                           0x00001248   Section        0  nrf_log_frontend.o(i.buf_prealloc)
    buf_prealloc                             0x00001249   Thumb Code    92  nrf_log_frontend.o(i.buf_prealloc)
    i.buffer_add                             0x000012a8   Section        0  nrf_fprintf_format.o(i.buffer_add)
    buffer_add                               0x000012a9   Thumb Code    30  nrf_fprintf_format.o(i.buffer_add)
    i.buffer_is_empty                        0x000012c8   Section        0  nrf_log_frontend.o(i.buffer_is_empty)
    i.button_timer_handler                   0x000012dc   Section        0  bsp.o(i.button_timer_handler)
    button_timer_handler                     0x000012dd   Thumb Code     8  bsp.o(i.button_timer_handler)
    i.channel_free                           0x000012e4   Section        0  nrf_drv_gpiote.o(i.channel_free)
    channel_free                             0x000012e5   Thumb Code    22  nrf_drv_gpiote.o(i.channel_free)
    i.channel_port_alloc                     0x00001300   Section        0  nrf_drv_gpiote.o(i.channel_port_alloc)
    channel_port_alloc                       0x00001301   Thumb Code    66  nrf_drv_gpiote.o(i.channel_port_alloc)
    i.channel_port_get                       0x00001348   Section        0  nrf_drv_gpiote.o(i.channel_port_get)
    channel_port_get                         0x00001349   Thumb Code    10  nrf_drv_gpiote.o(i.channel_port_get)
    i.clock_clk_started_notify               0x00001358   Section        0  nrf_drv_clock.o(i.clock_clk_started_notify)
    clock_clk_started_notify                 0x00001359   Thumb Code    34  nrf_drv_clock.o(i.clock_clk_started_notify)
    i.compare_reg_update                     0x00001380   Section        0  app_timer.o(i.compare_reg_update)
    compare_reg_update                       0x00001381   Thumb Code   160  app_timer.o(i.compare_reg_update)
    i.configure_pins                         0x0000142c   Section        0  nrf_drv_pwm.o(i.configure_pins)
    configure_pins                           0x0000142d   Thumb Code   102  nrf_drv_pwm.o(i.configure_pins)
    i.demo1                                  0x00001494   Section        0  main.o(i.demo1)
    demo1                                    0x00001495   Thumb Code    86  main.o(i.demo1)
    i.demo1_handler                          0x00001504   Section        0  main.o(i.demo1_handler)
    demo1_handler                            0x00001505   Thumb Code    78  main.o(i.demo1_handler)
    i.demo2                                  0x00001558   Section        0  main.o(i.demo2)
    demo2                                    0x00001559   Thumb Code   132  main.o(i.demo2)
    i.demo3                                  0x000015f4   Section        0  main.o(i.demo3)
    demo3                                    0x000015f5   Thumb Code    88  main.o(i.demo3)
    i.demo4                                  0x00001660   Section        0  main.o(i.demo4)
    demo4                                    0x00001661   Thumb Code   350  main.o(i.demo4)
    i.demo5                                  0x000017d8   Section        0  main.o(i.demo5)
    demo5                                    0x000017d9   Thumb Code    88  main.o(i.demo5)
    i.detection_delay_timeout_handler        0x00001844   Section        0  app_button.o(i.detection_delay_timeout_handler)
    detection_delay_timeout_handler          0x00001845   Thumb Code    92  app_button.o(i.detection_delay_timeout_handler)
    i.elapsed_ticks_acquire                  0x000018a4   Section        0  app_timer.o(i.elapsed_ticks_acquire)
    elapsed_ticks_acquire                    0x000018a5   Thumb Code    58  app_timer.o(i.elapsed_ticks_acquire)
    i.gpiote_event_handler                   0x000018e4   Section        0  app_button.o(i.gpiote_event_handler)
    gpiote_event_handler                     0x000018e5   Thumb Code    78  app_button.o(i.gpiote_event_handler)
    i.int_print                              0x0000193c   Section        0  nrf_fprintf_format.o(i.int_print)
    int_print                                0x0000193d   Thumb Code   166  nrf_fprintf_format.o(i.int_print)
    i.interrupts_enable                      0x000019e4   Section        0  nrf_drv_uart.o(i.interrupts_enable)
    interrupts_enable                        0x000019e5   Thumb Code   106  nrf_drv_uart.o(i.interrupts_enable)
    i.irq_handler                            0x00001a5c   Section        0  nrf_drv_pwm.o(i.irq_handler)
    irq_handler                              0x00001a5d   Thumb Code   156  nrf_drv_pwm.o(i.irq_handler)
    i.item_enqueue                           0x00001af8   Section        0  nrf_drv_clock.o(i.item_enqueue)
    item_enqueue                             0x00001af9   Thumb Code    22  nrf_drv_clock.o(i.item_enqueue)
    i.leds_off                               0x00001b10   Section        0  bsp.o(i.leds_off)
    leds_off                                 0x00001b11   Thumb Code    42  bsp.o(i.leds_off)
    i.leds_timer_handler                     0x00001b40   Section        0  bsp.o(i.leds_timer_handler)
    leds_timer_handler                       0x00001b41   Thumb Code    16  bsp.o(i.leds_timer_handler)
    i.list_insertions_handler                0x00001b54   Section        0  app_timer.o(i.list_insertions_handler)
    list_insertions_handler                  0x00001b55   Thumb Code   234  app_timer.o(i.list_insertions_handler)
    i.log_skip                               0x00001c4c   Section        0  nrf_log_frontend.o(i.log_skip)
    log_skip                                 0x00001c4d   Thumb Code   138  nrf_log_frontend.o(i.log_skip)
    i.main                                   0x00001ce0   Section        0  main.o(i.main)
    i.memobj_op                              0x00001d5c   Section        0  nrf_memobj.o(i.memobj_op)
    memobj_op                                0x00001d5d   Thumb Code   118  nrf_memobj.o(i.memobj_op)
    i.module_idx_get                         0x00001dd4   Section        0  nrf_log_frontend.o(i.module_idx_get)
    module_idx_get                           0x00001dd5   Thumb Code    48  nrf_log_frontend.o(i.module_idx_get)
    i.nrf_atomic_flag_set                    0x00001e08   Section        0  nrf_log_frontend.o(i.nrf_atomic_flag_set)
    nrf_atomic_flag_set                      0x00001e09   Thumb Code    14  nrf_log_frontend.o(i.nrf_atomic_flag_set)
    i.nrf_balloc_alloc                       0x00001e16   Section        0  nrf_balloc.o(i.nrf_balloc_alloc)
    i.nrf_balloc_free                        0x00001e54   Section        0  nrf_balloc.o(i.nrf_balloc_free)
    i.nrf_balloc_init                        0x00001e7e   Section        0  nrf_balloc.o(i.nrf_balloc_init)
    i.nrf_bitmask_bit_is_set                 0x00001eae   Section        0  nrf_drv_gpiote.o(i.nrf_bitmask_bit_is_set)
    nrf_bitmask_bit_is_set                   0x00001eaf   Thumb Code    16  nrf_drv_gpiote.o(i.nrf_bitmask_bit_is_set)
    i.nrf_clock_event_check                  0x00001ebe   Section        0  nrf_drv_clock.o(i.nrf_clock_event_check)
    nrf_clock_event_check                    0x00001ebf   Thumb Code    14  nrf_drv_clock.o(i.nrf_clock_event_check)
    i.nrf_clock_event_clear                  0x00001ecc   Section        0  nrf_drv_clock.o(i.nrf_clock_event_clear)
    nrf_clock_event_clear                    0x00001ecd   Thumb Code    16  nrf_drv_clock.o(i.nrf_clock_event_clear)
    i.nrf_delay_us                           0x00001edc   Section        0  app_timer.o(i.nrf_delay_us)
    nrf_delay_us                             0x00001edd   Thumb Code   132  app_timer.o(i.nrf_delay_us)
    i.nrf_drv_clock_init                     0x00001f68   Section        0  nrf_drv_clock.o(i.nrf_drv_clock_init)
    i.nrf_drv_clock_lfclk_request            0x00001fac   Section        0  nrf_drv_clock.o(i.nrf_drv_clock_lfclk_request)
    i.nrf_drv_common_irq_disable             0x0000200c   Section        0  nrf_drv_uart.o(i.nrf_drv_common_irq_disable)
    nrf_drv_common_irq_disable               0x0000200d   Thumb Code    22  nrf_drv_uart.o(i.nrf_drv_common_irq_disable)
    i.nrf_drv_common_irq_enable              0x00002022   Section        0  nrf_drv_common.o(i.nrf_drv_common_irq_enable)
    i.nrf_drv_get_IRQn                       0x0000205a   Section        0  nrf_drv_uart.o(i.nrf_drv_get_IRQn)
    nrf_drv_get_IRQn                         0x0000205b   Thumb Code     6  nrf_drv_uart.o(i.nrf_drv_get_IRQn)
    i.nrf_drv_gpiote_in_event_enable         0x00002060   Section        0  nrf_drv_gpiote.o(i.nrf_drv_gpiote_in_event_enable)
    i.nrf_drv_gpiote_in_init                 0x00002104   Section        0  nrf_drv_gpiote.o(i.nrf_drv_gpiote_in_init)
    i.nrf_drv_gpiote_in_is_set               0x000021bc   Section        0  nrf_drv_gpiote.o(i.nrf_drv_gpiote_in_is_set)
    i.nrf_drv_gpiote_init                    0x000021d0   Section        0  nrf_drv_gpiote.o(i.nrf_drv_gpiote_init)
    i.nrf_drv_gpiote_is_init                 0x0000222c   Section        0  nrf_drv_gpiote.o(i.nrf_drv_gpiote_is_init)
    i.nrf_drv_is_in_RAM                      0x00002240   Section        0  nrf_drv_uart.o(i.nrf_drv_is_in_RAM)
    nrf_drv_is_in_RAM                        0x00002241   Thumb Code    16  nrf_drv_uart.o(i.nrf_drv_is_in_RAM)
    i.nrf_drv_pwm_complex_playback           0x00002250   Section        0  nrf_drv_pwm.o(i.nrf_drv_pwm_complex_playback)
    i.nrf_drv_pwm_init                       0x000022ac   Section        0  nrf_drv_pwm.o(i.nrf_drv_pwm_init)
    i.nrf_drv_pwm_simple_playback            0x0000234c   Section        0  nrf_drv_pwm.o(i.nrf_drv_pwm_simple_playback)
    i.nrf_drv_pwm_uninit                     0x000023bc   Section        0  nrf_drv_pwm.o(i.nrf_drv_pwm_uninit)
    i.nrf_drv_uart_init                      0x000023f0   Section        0  nrf_drv_uart.o(i.nrf_drv_uart_init)
    i.nrf_drv_uart_tx                        0x00002458   Section        0  nrf_drv_uart.o(i.nrf_drv_uart_tx)
    i.nrf_drv_uart_tx_in_progress            0x00002564   Section        0  nrf_drv_uart.o(i.nrf_drv_uart_tx_in_progress)
    i.nrf_drv_uart_uninit                    0x0000257c   Section        0  nrf_drv_uart.o(i.nrf_drv_uart_uninit)
    i.nrf_fprintf                            0x000025d0   Section        0  nrf_fprintf.o(i.nrf_fprintf)
    i.nrf_fprintf_buffer_flush               0x000025ea   Section        0  nrf_fprintf.o(i.nrf_fprintf_buffer_flush)
    i.nrf_fprintf_fmt                        0x00002602   Section        0  nrf_fprintf_format.o(i.nrf_fprintf_fmt)
    i.nrf_gpio_cfg                           0x000027dc   Section        0  boards.o(i.nrf_gpio_cfg)
    nrf_gpio_cfg                             0x000027dd   Thumb Code    36  boards.o(i.nrf_gpio_cfg)
    i.nrf_gpio_cfg                           0x00002800   Section        0  nrf_drv_gpiote.o(i.nrf_gpio_cfg)
    nrf_gpio_cfg                             0x00002801   Thumb Code    36  nrf_drv_gpiote.o(i.nrf_gpio_cfg)
    i.nrf_gpio_cfg                           0x00002824   Section        0  nrf_drv_uart.o(i.nrf_gpio_cfg)
    nrf_gpio_cfg                             0x00002825   Thumb Code    36  nrf_drv_uart.o(i.nrf_gpio_cfg)
    i.nrf_gpio_cfg_default                   0x00002848   Section        0  nrf_drv_uart.o(i.nrf_gpio_cfg_default)
    nrf_gpio_cfg_default                     0x00002849   Thumb Code    18  nrf_drv_uart.o(i.nrf_gpio_cfg_default)
    i.nrf_gpio_cfg_input                     0x0000285a   Section        0  nrf_drv_uart.o(i.nrf_gpio_cfg_input)
    nrf_gpio_cfg_input                       0x0000285b   Thumb Code    18  nrf_drv_uart.o(i.nrf_gpio_cfg_input)
    i.nrf_gpio_cfg_output                    0x0000286c   Section        0  nrf_drv_uart.o(i.nrf_gpio_cfg_output)
    nrf_gpio_cfg_output                      0x0000286d   Thumb Code    20  nrf_drv_uart.o(i.nrf_gpio_cfg_output)
    i.nrf_gpio_cfg_sense_set                 0x00002880   Section        0  nrf_drv_gpiote.o(i.nrf_gpio_cfg_sense_set)
    nrf_gpio_cfg_sense_set                   0x00002881   Thumb Code    34  nrf_drv_gpiote.o(i.nrf_gpio_cfg_sense_set)
    i.nrf_gpio_pin_write                     0x000028a2   Section        0  boards.o(i.nrf_gpio_pin_write)
    nrf_gpio_pin_write                       0x000028a3   Thumb Code    22  boards.o(i.nrf_gpio_pin_write)
    i.nrf_gpio_ports_read                    0x000028b8   Section        0  nrf_drv_gpiote.o(i.nrf_gpio_ports_read)
    nrf_gpio_ports_read                      0x000028b9   Thumb Code    34  nrf_drv_gpiote.o(i.nrf_gpio_ports_read)
    i.nrf_gpiote_event_clear                 0x000028e0   Section        0  nrf_drv_gpiote.o(i.nrf_gpiote_event_clear)
    nrf_gpiote_event_clear                   0x000028e1   Thumb Code    16  nrf_drv_gpiote.o(i.nrf_gpiote_event_clear)
    i.nrf_gpiote_event_is_set                0x000028f4   Section        0  nrf_drv_gpiote.o(i.nrf_gpiote_event_is_set)
    nrf_gpiote_event_is_set                  0x000028f5   Thumb Code    12  nrf_drv_gpiote.o(i.nrf_gpiote_event_is_set)
    i.nrf_log_backend_add                    0x00002904   Section        0  nrf_log_frontend.o(i.nrf_log_backend_add)
    i.nrf_log_backend_serial_put             0x00002954   Section        0  nrf_log_backend_serial.o(i.nrf_log_backend_serial_put)
    i.nrf_log_backend_uart_flush             0x00002a26   Section        0  nrf_log_backend_uart.o(i.nrf_log_backend_uart_flush)
    nrf_log_backend_uart_flush               0x00002a27   Thumb Code     2  nrf_log_backend_uart.o(i.nrf_log_backend_uart_flush)
    i.nrf_log_backend_uart_init              0x00002a28   Section        0  nrf_log_backend_uart.o(i.nrf_log_backend_uart_init)
    i.nrf_log_backend_uart_panic_set         0x00002a30   Section        0  nrf_log_backend_uart.o(i.nrf_log_backend_uart_panic_set)
    nrf_log_backend_uart_panic_set           0x00002a31   Thumb Code    18  nrf_log_backend_uart.o(i.nrf_log_backend_uart_panic_set)
    i.nrf_log_backend_uart_put               0x00002a48   Section        0  nrf_log_backend_uart.o(i.nrf_log_backend_uart_put)
    nrf_log_backend_uart_put                 0x00002a49   Thumb Code    16  nrf_log_backend_uart.o(i.nrf_log_backend_uart_put)
    i.nrf_log_color_id_get                   0x00002a60   Section        0  nrf_log_frontend.o(i.nrf_log_color_id_get)
    i.nrf_log_default_backends_init          0x00002a90   Section        0  nrf_log_default_backends.o(i.nrf_log_default_backends_init)
    i.nrf_log_frontend_dequeue               0x00002aac   Section        0  nrf_log_frontend.o(i.nrf_log_frontend_dequeue)
    i.nrf_log_frontend_std_0                 0x00002c90   Section        0  nrf_log_frontend.o(i.nrf_log_frontend_std_0)
    i.nrf_log_hexdump_entry_process          0x00002c98   Section        0  nrf_log_str_formatter.o(i.nrf_log_hexdump_entry_process)
    i.nrf_log_init                           0x00002d44   Section        0  nrf_log_frontend.o(i.nrf_log_init)
    i.nrf_log_module_cnt_get                 0x00002da0   Section        0  nrf_log_frontend.o(i.nrf_log_module_cnt_get)
    i.nrf_log_module_name_get                0x00002db4   Section        0  nrf_log_frontend.o(i.nrf_log_module_name_get)
    i.nrf_log_std_entry_process              0x00002dd0   Section        0  nrf_log_str_formatter.o(i.nrf_log_std_entry_process)
    i.nrf_memobj_alloc                       0x00002e86   Section        0  nrf_memobj.o(i.nrf_memobj_alloc)
    i.nrf_memobj_free                        0x00002ee6   Section        0  nrf_memobj.o(i.nrf_memobj_free)
    i.nrf_memobj_get                         0x00002f18   Section        0  nrf_memobj.o(i.nrf_memobj_get)
    i.nrf_memobj_pool_init                   0x00002f26   Section        0  nrf_memobj.o(i.nrf_memobj_pool_init)
    i.nrf_memobj_put                         0x00002f2a   Section        0  nrf_memobj.o(i.nrf_memobj_put)
    i.nrf_memobj_read                        0x00002f4c   Section        0  nrf_memobj.o(i.nrf_memobj_read)
    i.nrf_memobj_write                       0x00002f58   Section        0  nrf_memobj.o(i.nrf_memobj_write)
    i.nrf_pwm_event_check                    0x00002f64   Section        0  nrf_drv_pwm.o(i.nrf_pwm_event_check)
    nrf_pwm_event_check                      0x00002f65   Thumb Code    10  nrf_drv_pwm.o(i.nrf_pwm_event_check)
    i.nrf_pwm_event_clear                    0x00002f6e   Section        0  nrf_drv_pwm.o(i.nrf_pwm_event_clear)
    nrf_pwm_event_clear                      0x00002f6f   Thumb Code    12  nrf_drv_pwm.o(i.nrf_pwm_event_clear)
    i.nrf_pwm_sequence_set                   0x00002f7a   Section        0  nrf_drv_pwm.o(i.nrf_pwm_sequence_set)
    nrf_pwm_sequence_set                     0x00002f7b   Thumb Code    30  nrf_drv_pwm.o(i.nrf_pwm_sequence_set)
    i.nrf_uart_event_check                   0x00002f98   Section        0  nrf_drv_uart.o(i.nrf_uart_event_check)
    nrf_uart_event_check                     0x00002f99   Thumb Code    10  nrf_drv_uart.o(i.nrf_uart_event_check)
    i.nrf_uart_event_clear                   0x00002fa2   Section        0  nrf_drv_uart.o(i.nrf_uart_event_clear)
    nrf_uart_event_clear                     0x00002fa3   Thumb Code    12  nrf_drv_uart.o(i.nrf_uart_event_clear)
    i.nrf_uart_int_enable_check              0x00002fae   Section        0  nrf_drv_uart.o(i.nrf_uart_int_enable_check)
    nrf_uart_int_enable_check                0x00002faf   Thumb Code    12  nrf_drv_uart.o(i.nrf_uart_int_enable_check)
    i.nrf_uarte_event_check                  0x00002fba   Section        0  nrf_drv_uart.o(i.nrf_uarte_event_check)
    nrf_uarte_event_check                    0x00002fbb   Thumb Code    10  nrf_drv_uart.o(i.nrf_uarte_event_check)
    i.nrf_uarte_event_clear                  0x00002fc4   Section        0  nrf_drv_uart.o(i.nrf_uarte_event_clear)
    nrf_uarte_event_clear                    0x00002fc5   Thumb Code    12  nrf_drv_uart.o(i.nrf_uarte_event_clear)
    i.pin_in_use_by_port                     0x00002fd0   Section        0  nrf_drv_gpiote.o(i.pin_in_use_by_port)
    pin_in_use_by_port                       0x00002fd1   Thumb Code    20  nrf_drv_gpiote.o(i.pin_in_use_by_port)
    i.pin_in_use_by_te                       0x00002fe8   Section        0  nrf_drv_gpiote.o(i.pin_in_use_by_te)
    pin_in_use_by_te                         0x00002fe9   Thumb Code    20  nrf_drv_gpiote.o(i.pin_in_use_by_te)
    i.pins_to_default                        0x00003000   Section        0  nrf_drv_uart.o(i.pins_to_default)
    pins_to_default                          0x00003001   Thumb Code   114  nrf_drv_uart.o(i.pins_to_default)
    i.postfix_process                        0x00003078   Section        0  nrf_log_str_formatter.o(i.postfix_process)
    postfix_process                          0x00003079   Thumb Code    48  nrf_log_str_formatter.o(i.postfix_process)
    i.prefix_process                         0x000030b4   Section        0  nrf_log_str_formatter.o(i.prefix_process)
    prefix_process                           0x000030b5   Thumb Code    72  nrf_log_str_formatter.o(i.prefix_process)
    i.rtc1_stop                              0x00003110   Section        0  app_timer.o(i.rtc1_stop)
    rtc1_stop                                0x00003111   Thumb Code    52  app_timer.o(i.rtc1_stop)
    i.rx_byte                                0x0000314c   Section        0  nrf_drv_uart.o(i.rx_byte)
    rx_byte                                  0x0000314d   Thumb Code    50  nrf_drv_uart.o(i.rx_byte)
    i.rx_done_event                          0x0000317e   Section        0  nrf_drv_uart.o(i.rx_done_event)
    rx_done_event                            0x0000317f   Thumb Code    24  nrf_drv_uart.o(i.rx_done_event)
    i.serial_tx                              0x00003198   Section        0  nrf_log_backend_uart.o(i.serial_tx)
    serial_tx                                0x00003199   Thumb Code    36  nrf_log_backend_uart.o(i.serial_tx)
    i.start_playback                         0x000031c0   Section        0  nrf_drv_pwm.o(i.start_playback)
    start_playback                           0x000031c1   Thumb Code    76  nrf_drv_pwm.o(i.start_playback)
    i.std_n                                  0x0000320c   Section        0  nrf_log_frontend.o(i.std_n)
    std_n                                    0x0000320d   Thumb Code   140  nrf_log_frontend.o(i.std_n)
    i.timer_list_handler                     0x0000329c   Section        0  app_timer.o(i.timer_list_handler)
    timer_list_handler                       0x0000329d   Thumb Code   122  app_timer.o(i.timer_list_handler)
    i.timer_list_insert                      0x0000331c   Section        0  app_timer.o(i.timer_list_insert)
    timer_list_insert                        0x0000331d   Thumb Code    56  app_timer.o(i.timer_list_insert)
    i.timer_list_remove                      0x00003358   Section        0  app_timer.o(i.timer_list_remove)
    timer_list_remove                        0x00003359   Thumb Code    88  app_timer.o(i.timer_list_remove)
    i.timer_stop_op_schedule                 0x000033b8   Section        0  app_timer.o(i.timer_stop_op_schedule)
    timer_stop_op_schedule                   0x000033b9   Thumb Code    60  app_timer.o(i.timer_stop_op_schedule)
    i.timer_timeouts_check                   0x000033f8   Section        0  app_timer.o(i.timer_timeouts_check)
    timer_timeouts_check                     0x000033f9   Thumb Code   106  app_timer.o(i.timer_timeouts_check)
    i.tx_byte                                0x0000346c   Section        0  nrf_drv_uart.o(i.tx_byte)
    tx_byte                                  0x0000346d   Thumb Code    32  nrf_drv_uart.o(i.tx_byte)
    i.tx_done_event                          0x0000348c   Section        0  nrf_drv_uart.o(i.tx_done_event)
    tx_done_event                            0x0000348d   Thumb Code    28  nrf_drv_uart.o(i.tx_done_event)
    i.uart_evt_handler                       0x000034a8   Section        0  nrf_log_backend_uart.o(i.uart_evt_handler)
    uart_evt_handler                         0x000034a9   Thumb Code     8  nrf_log_backend_uart.o(i.uart_evt_handler)
    i.uart_init                              0x000034b4   Section        0  nrf_log_backend_uart.o(i.uart_init)
    uart_init                                0x000034b5   Thumb Code    66  nrf_log_backend_uart.o(i.uart_init)
    i.uart_irq_handler                       0x00003504   Section        0  nrf_drv_uart.o(i.uart_irq_handler)
    uart_irq_handler                         0x00003505   Thumb Code   286  nrf_drv_uart.o(i.uart_irq_handler)
    i.uarte_irq_handler                      0x00003622   Section        0  nrf_drv_uart.o(i.uarte_irq_handler)
    uarte_irq_handler                        0x00003623   Thumb Code   240  nrf_drv_uart.o(i.uarte_irq_handler)
    i.unsigned_print                         0x00003714   Section        0  nrf_fprintf_format.o(i.unsigned_print)
    unsigned_print                           0x00003715   Thumb Code   176  nrf_fprintf_format.o(i.unsigned_print)
    i.user_op_alloc                          0x000037c8   Section        0  app_timer.o(i.user_op_alloc)
    user_op_alloc                            0x000037c9   Thumb Code    42  app_timer.o(i.user_op_alloc)
    .constdata                               0x000037f8   Section      240  main.o(.constdata)
    m_demo1_seq                              0x000037f8   Data          16  main.o(.constdata)
    .constdata                               0x000038e8   Section        8  boards.o(.constdata)
    m_board_led_list                         0x000038e8   Data           4  boards.o(.constdata)
    m_board_btn_list                         0x000038ec   Data           4  boards.o(.constdata)
    .constdata                               0x000038f0   Section       44  bsp.o(.constdata)
    m_leds_timer_id                          0x000038f0   Data           4  bsp.o(.constdata)
    m_alert_timer_id                         0x000038f4   Data           4  bsp.o(.constdata)
    m_button_timer_id                        0x000038f8   Data           4  bsp.o(.constdata)
    app_buttons                              0x000038fc   Data          32  bsp.o(.constdata)
    .constdata                               0x0000391c   Section        4  nrf_drv_gpiote.o(.constdata)
    .constdata                               0x00003920   Section        8  app_button.o(.constdata)
    m_detection_delay_timer_id               0x00003920   Data           4  app_button.o(.constdata)
    .constdata                               0x00003928   Section       16  nrf_fprintf_format.o(.constdata)
    _aV2C                                    0x00003928   Data          16  nrf_fprintf_format.o(.constdata)
    .constdata                               0x00003938   Section       12  nrf_log_backend_uart.o(.constdata)
    .constdata                               0x00003944   Section       32  nrf_log_backend_uart.o(.constdata)
    .constdata                               0x00003964   Section       20  nrf_log_frontend.o(.constdata)
    mempool                                  0x00003964   Data          20  nrf_log_frontend.o(.constdata)
    .constdata                               0x00003978   Section      129  ctype_o.o(.constdata)
    .constdata                               0x000039fc   Section        4  ctype_o.o(.constdata)
    table                                    0x000039fc   Data           4  ctype_o.o(.constdata)
    .conststring                             0x00003a00   Section      102  nrf_log_str_formatter.o(.conststring)
    .conststrlit                             0x00003a68   Section        6  nrf_drv_clock.o(.conststrlit)
    .conststrlit                             0x00003a70   Section        7  nrf_drv_gpiote.o(.conststrlit)
    .conststrlit                             0x00003a78   Section        4  nrf_drv_pwm.o(.conststrlit)
    .conststrlit                             0x00003a7c   Section        5  nrf_drv_uart.o(.conststrlit)
    .conststrlit                             0x00003a84   Section        7  nrf_balloc.o(.conststrlit)
    .conststrlit                             0x00003a8c   Section        4  nrf_log_frontend.o(.conststrlit)
    log_const_data                           0x00003ab0   Section        8  nrf_drv_clock.o(log_const_data)
    __tagsym$$used                           0x00003ab0   Number         0  nrf_drv_clock.o(log_const_data)
    log_const_data                           0x00003ab8   Section        8  nrf_drv_gpiote.o(log_const_data)
    __tagsym$$used                           0x00003ab8   Number         0  nrf_drv_gpiote.o(log_const_data)
    log_const_data                           0x00003ac0   Section        8  nrf_drv_pwm.o(log_const_data)
    __tagsym$$used                           0x00003ac0   Number         0  nrf_drv_pwm.o(log_const_data)
    log_const_data                           0x00003ac8   Section        8  nrf_drv_uart.o(log_const_data)
    __tagsym$$used                           0x00003ac8   Number         0  nrf_drv_uart.o(log_const_data)
    log_const_data                           0x00003ad0   Section        8  nrf_balloc.o(log_const_data)
    __tagsym$$used                           0x00003ad0   Number         0  nrf_balloc.o(log_const_data)
    log_const_data                           0x00003ad8   Section        8  nrf_log_frontend.o(log_const_data)
    __tagsym$$used                           0x00003ad8   Number         0  nrf_log_frontend.o(log_const_data)
    .data                                    0x20000000   Section       36  main.o(.data)
    m_used                                   0x20000000   Data           1  main.o(.data)
    demo_idx                                 0x20000001   Data           1  main.o(.data)
    m_demo1_phase                            0x20000002   Data           1  main.o(.data)
    m_pwm0                                   0x20000004   Data           8  main.o(.data)
    m_pwm1                                   0x2000000c   Data           8  main.o(.data)
    m_pwm2                                   0x20000014   Data           8  main.o(.data)
    m_demo1_seq_values                       0x2000001c   Data           8  main.o(.data)
    .data                                    0x20000024   Section       12  main.o(.data)
    seq1_values                              0x20000024   Data          12  main.o(.data)
    .data                                    0x20000030   Section       12  main.o(.data)
    seq_values                               0x20000030   Data          12  main.o(.data)
    .data                                    0x2000003c   Section       16  main.o(.data)
    pwm0_seq_values                          0x2000003c   Data          16  main.o(.data)
    .data                                    0x2000004c   Section        4  main.o(.data)
    stay_off_values                          0x2000004c   Data           4  main.o(.data)
    .data                                    0x20000050   Section       32  main.o(.data)
    seq_values                               0x20000050   Data          32  main.o(.data)
    .data                                    0x20000070   Section       16  bsp.o(.data)
    m_stable_state                           0x20000070   Data           1  bsp.o(.data)
    m_leds_clear                             0x20000071   Data           1  bsp.o(.data)
    m_alert_on                               0x20000072   Data           1  bsp.o(.data)
    current_long_push_pin_no                 0x20000073   Data           1  bsp.o(.data)
    m_indication_type                        0x20000074   Data           4  bsp.o(.data)
    m_registered_callback                    0x20000078   Data           4  bsp.o(.data)
    release_event_at_push                    0x2000007c   Data           4  bsp.o(.data)
    .data                                    0x20000080   Section       20  app_button.o(.data)
    m_button_count                           0x20000080   Data           1  app_button.o(.data)
    mp_buttons                               0x20000084   Data           4  app_button.o(.data)
    m_detection_delay                        0x20000088   Data           4  app_button.o(.data)
    m_pin_state                              0x2000008c   Data           4  app_button.o(.data)
    m_pin_transition                         0x20000090   Data           4  app_button.o(.data)
    .data                                    0x20000094   Section       20  app_timer.o(.data)
    m_ticks_elapsed_q_read_ind               0x20000094   Data           1  app_timer.o(.data)
    m_ticks_elapsed_q_write_ind              0x20000095   Data           1  app_timer.o(.data)
    m_rtc1_running                           0x20000096   Data           1  app_timer.o(.data)
    m_rtc1_reset                             0x20000097   Data           1  app_timer.o(.data)
    mp_timer_id_head                         0x20000098   Data           4  app_timer.o(.data)
    m_ticks_latest                           0x2000009c   Data           4  app_timer.o(.data)
    m_ticks_elapsed                          0x200000a0   Data           8  app_timer.o(.data)
    .data                                    0x200000a8   Section        4  app_util_platform.o(.data)
    m_in_critical_region                     0x200000a8   Data           4  app_util_platform.o(.data)
    .data                                    0x200000ac   Section       12  nrf_log_backend_uart.o(.data)
    m_xfer_done                              0x200000ac   Data           1  nrf_log_backend_uart.o(.data)
    m_async_mode                             0x200000ad   Data           1  nrf_log_backend_uart.o(.data)
    .data                                    0x200000b8   Section       12  nrf_log_default_backends.o(.data)
    uart_log_backend                         0x200000b8   Data          12  nrf_log_default_backends.o(.data)
    .data                                    0x200000c4   Section        8  nrf_log_frontend.o(.data)
    mempool_nrf_balloc_pool_stack            0x200000c4   Data           8  nrf_log_frontend.o(.data)
    .data                                    0x200000cc   Section        8  nrf_log_frontend.o(.data)
    mempool_nrf_balloc_cb                    0x200000cc   Data           8  nrf_log_frontend.o(.data)
    .data                                    0x200000d4   Section       56  nrf_log_str_formatter.o(.data)
    severity_names                           0x200000d4   Data          20  nrf_log_str_formatter.o(.data)
    m_colors                                 0x200000e8   Data          36  nrf_log_str_formatter.o(.data)
    .data                                    0x2000010c   Section        4  system_nrf52.o(.data)
    __tagsym$$used                           0x2000010c   Number         0  system_nrf52.o(.data)
    log_dynamic_data                         0x20000110   Section       12  nrf_drv_clock.o(log_dynamic_data)
    __tagsym$$used                           0x20000110   Number         0  nrf_drv_clock.o(log_dynamic_data)
    log_dynamic_data                         0x2000011c   Section       12  nrf_drv_gpiote.o(log_dynamic_data)
    __tagsym$$used                           0x2000011c   Number         0  nrf_drv_gpiote.o(log_dynamic_data)
    log_dynamic_data                         0x20000128   Section       12  nrf_drv_pwm.o(log_dynamic_data)
    __tagsym$$used                           0x20000128   Number         0  nrf_drv_pwm.o(log_dynamic_data)
    log_dynamic_data                         0x20000134   Section       12  nrf_drv_uart.o(log_dynamic_data)
    __tagsym$$used                           0x20000134   Number         0  nrf_drv_uart.o(log_dynamic_data)
    log_dynamic_data                         0x20000140   Section       12  nrf_balloc.o(log_dynamic_data)
    __tagsym$$used                           0x20000140   Number         0  nrf_balloc.o(log_dynamic_data)
    log_dynamic_data                         0x2000014c   Section       12  nrf_log_frontend.o(log_dynamic_data)
    __tagsym$$used                           0x2000014c   Number         0  nrf_log_frontend.o(log_dynamic_data)
    .bss                                     0x20000158   Section      250  main.o(.bss)
    seq0_values                              0x20000158   Data          50  main.o(.bss)
    fade_in_out_values                       0x2000018a   Data         200  main.o(.bss)
    .bss                                     0x20000254   Section       32  bsp.o(.bss)
    m_leds_timer_id_data                     0x20000254   Data          32  bsp.o(.bss)
    .bss                                     0x20000274   Section       32  bsp.o(.bss)
    m_alert_timer_id_data                    0x20000274   Data          32  bsp.o(.bss)
    .bss                                     0x20000294   Section       12  bsp.o(.bss)
    m_events_list                            0x20000294   Data          12  bsp.o(.bss)
    .bss                                     0x200002a0   Section       32  bsp.o(.bss)
    m_button_timer_id_data                   0x200002a0   Data          32  bsp.o(.bss)
    .bss                                     0x200002c0   Section       20  nrf_drv_clock.o(.bss)
    m_clock_cb                               0x200002c0   Data          20  nrf_drv_clock.o(.bss)
    .bss                                     0x200002d4   Section       88  nrf_drv_gpiote.o(.bss)
    m_cb                                     0x200002d4   Data          88  nrf_drv_gpiote.o(.bss)
    .bss                                     0x2000032c   Section       24  nrf_drv_pwm.o(.bss)
    m_cb                                     0x2000032c   Data          24  nrf_drv_pwm.o(.bss)
    .bss                                     0x20000344   Section       32  nrf_drv_uart.o(.bss)
    m_cb                                     0x20000344   Data          32  nrf_drv_uart.o(.bss)
    .bss                                     0x20000364   Section       32  app_button.o(.bss)
    m_detection_delay_timer_id_data          0x20000364   Data          32  app_button.o(.bss)
    .bss                                     0x20000384   Section       32  app_error.o(.bss)
    m_error_data                             0x20000384   Data          32  app_error.o(.bss)
    .bss                                     0x200003a4   Section      268  app_timer.o(.bss)
    m_op_queue                               0x200003a4   Data         268  app_timer.o(.bss)
    .bss                                     0x200004b0   Section       64  nrf_log_backend_uart.o(.bss)
    m_string_buff                            0x200004b0   Data          64  nrf_log_backend_uart.o(.bss)
    .bss                                     0x200004f0   Section      192  nrf_log_frontend.o(.bss)
    mempool_nrf_balloc_pool_mem              0x200004f0   Data         192  nrf_log_frontend.o(.bss)
    .bss                                     0x200005b0   Section     1056  nrf_log_frontend.o(.bss)
    m_log_data                               0x200005b0   Data        1056  nrf_log_frontend.o(.bss)
    STACK                                    0x200009d0   Section     8192  arm_startup_nrf52.o(STACK)

    Global Symbols

    Symbol Name                              Value     Ov Type        Size  Object(Section)

    BuildAttributes$$THM_ISAv4$E$P$D$K$B$S$7EM$VFPi3$EXTD16$VFPS$VFMA$PE$A:L22UL41UL21$X:L11$S22US41US21$IEEE1$IW$USESV6$~STKCKD$USESV7$~SHL$OSPACE$EBA8$MICROLIB$REQ8$PRES8$EABIv2 0x00000000   Number         0  anon$$obj.o ABSOLUTE
    __ARM_use_no_argv                        0x00000000   Number         0  main.o ABSOLUTE
    __Vectors                                0x00000000   Data           4  arm_startup_nrf52.o(RESET)
    __use_no_errno                           0x00000000   Number         0  useno.o ABSOLUTE
    __use_no_exception_handling              0x00000000   Number         0  useno.o ABSOLUTE
    __use_no_fp                              0x00000000   Number         0  useno.o ABSOLUTE
    __use_no_heap                            0x00000000   Number         0  useno.o ABSOLUTE
    __use_no_heap_region                     0x00000000   Number         0  useno.o ABSOLUTE
    __use_no_semihosting                     0x00000000   Number         0  useno.o ABSOLUTE
    __use_no_semihosting_swi                 0x00000000   Number         0  useno.o ABSOLUTE
    __use_no_signal_handling                 0x00000000   Number         0  useno.o ABSOLUTE
    __cpp_initialize__aeabi_                  - Undefined Weak Reference
    __cxa_finalize                            - Undefined Weak Reference
    _clock_init                               - Undefined Weak Reference
    _microlib_exit                            - Undefined Weak Reference
    __Vectors_End                            0x00000200   Data           0  arm_startup_nrf52.o(RESET)
    __Vectors_Size                           0x00000200   Number         0  arm_startup_nrf52.o ABSOLUTE
    __main                                   0x00000201   Thumb Code     0  entry.o(.ARM.Collect$$$$00000000)
    _main_stk                                0x00000201   Thumb Code     0  entry2.o(.ARM.Collect$$$$00000001)
    _main_scatterload                        0x00000205   Thumb Code     0  entry5.o(.ARM.Collect$$$$00000004)
    __main_after_scatterload                 0x00000209   Thumb Code     0  entry5.o(.ARM.Collect$$$$00000004)
    _main_clock                              0x00000209   Thumb Code     0  entry7b.o(.ARM.Collect$$$$00000008)
    _main_cpp_init                           0x00000209   Thumb Code     0  entry8b.o(.ARM.Collect$$$$0000000A)
    _main_init                               0x00000209   Thumb Code     0  entry9a.o(.ARM.Collect$$$$0000000B)
    __rt_final_cpp                           0x00000211   Thumb Code     0  entry10a.o(.ARM.Collect$$$$0000000D)
    __rt_final_exit                          0x00000211   Thumb Code     0  entry11a.o(.ARM.Collect$$$$0000000F)
    __asm___12_nrf_memobj_c_9bb9f865__nrf_atomic_internal_mov 0x00000215   Thumb Code    24  nrf_memobj.o(.emb_text)
    __asm___12_nrf_memobj_c_9bb9f865__nrf_atomic_internal_orr 0x0000022d   Thumb Code    26  nrf_memobj.o(.emb_text)
    __asm___12_nrf_memobj_c_9bb9f865__nrf_atomic_internal_and 0x00000247   Thumb Code    26  nrf_memobj.o(.emb_text)
    __asm___12_nrf_memobj_c_9bb9f865__nrf_atomic_internal_eor 0x00000261   Thumb Code    26  nrf_memobj.o(.emb_text)
    __asm___12_nrf_memobj_c_9bb9f865__nrf_atomic_internal_add 0x0000027b   Thumb Code    26  nrf_memobj.o(.emb_text)
    __asm___12_nrf_memobj_c_9bb9f865__nrf_atomic_internal_sub 0x00000295   Thumb Code    26  nrf_memobj.o(.emb_text)
    __asm___18_nrf_log_frontend_c_bc460776__nrf_atomic_internal_mov 0x000002b1   Thumb Code    24  nrf_log_frontend.o(.emb_text)
    __asm___18_nrf_log_frontend_c_bc460776__nrf_atomic_internal_orr 0x000002c9   Thumb Code    26  nrf_log_frontend.o(.emb_text)
    __asm___18_nrf_log_frontend_c_bc460776__nrf_atomic_internal_and 0x000002e3   Thumb Code    26  nrf_log_frontend.o(.emb_text)
    __asm___18_nrf_log_frontend_c_bc460776__nrf_atomic_internal_eor 0x000002fd   Thumb Code    26  nrf_log_frontend.o(.emb_text)
    __asm___18_nrf_log_frontend_c_bc460776__nrf_atomic_internal_add 0x00000317   Thumb Code    26  nrf_log_frontend.o(.emb_text)
    __asm___18_nrf_log_frontend_c_bc460776__nrf_atomic_internal_sub 0x00000331   Thumb Code    26  nrf_log_frontend.o(.emb_text)
    Reset_Handler                            0x0000034d   Thumb Code     8  arm_startup_nrf52.o(.text)
    NMI_Handler                              0x00000355   Thumb Code     2  arm_startup_nrf52.o(.text)
    HardFault_Handler                        0x00000357   Thumb Code     2  arm_startup_nrf52.o(.text)
    MemoryManagement_Handler                 0x00000359   Thumb Code     2  arm_startup_nrf52.o(.text)
    BusFault_Handler                         0x0000035b   Thumb Code     2  arm_startup_nrf52.o(.text)
    UsageFault_Handler                       0x0000035d   Thumb Code     2  arm_startup_nrf52.o(.text)
    SVC_Handler                              0x0000035f   Thumb Code     2  arm_startup_nrf52.o(.text)
    DebugMon_Handler                         0x00000361   Thumb Code     2  arm_startup_nrf52.o(.text)
    PendSV_Handler                           0x00000363   Thumb Code     2  arm_startup_nrf52.o(.text)
    SysTick_Handler                          0x00000365   Thumb Code     2  arm_startup_nrf52.o(.text)
    CCM_AAR_IRQHandler                       0x00000367   Thumb Code     0  arm_startup_nrf52.o(.text)
    COMP_LPCOMP_IRQHandler                   0x00000367   Thumb Code     0  arm_startup_nrf52.o(.text)
    ECB_IRQHandler                           0x00000367   Thumb Code     0  arm_startup_nrf52.o(.text)
    FPU_IRQHandler                           0x00000367   Thumb Code     0  arm_startup_nrf52.o(.text)
    I2S_IRQHandler                           0x00000367   Thumb Code     0  arm_startup_nrf52.o(.text)
    MWU_IRQHandler                           0x00000367   Thumb Code     0  arm_startup_nrf52.o(.text)
    NFCT_IRQHandler                          0x00000367   Thumb Code     0  arm_startup_nrf52.o(.text)
    PDM_IRQHandler                           0x00000367   Thumb Code     0  arm_startup_nrf52.o(.text)
    QDEC_IRQHandler                          0x00000367   Thumb Code     0  arm_startup_nrf52.o(.text)
    RADIO_IRQHandler                         0x00000367   Thumb Code     0  arm_startup_nrf52.o(.text)
    RNG_IRQHandler                           0x00000367   Thumb Code     0  arm_startup_nrf52.o(.text)
    RTC0_IRQHandler                          0x00000367   Thumb Code     0  arm_startup_nrf52.o(.text)
    RTC2_IRQHandler                          0x00000367   Thumb Code     0  arm_startup_nrf52.o(.text)
    SAADC_IRQHandler                         0x00000367   Thumb Code     0  arm_startup_nrf52.o(.text)
    SPIM0_SPIS0_TWIM0_TWIS0_SPI0_TWI0_IRQHandler 0x00000367   Thumb Code     0  arm_startup_nrf52.o(.text)
    SPIM1_SPIS1_TWIM1_TWIS1_SPI1_TWI1_IRQHandler 0x00000367   Thumb Code     0  arm_startup_nrf52.o(.text)
    SPIM2_SPIS2_SPI2_IRQHandler              0x00000367   Thumb Code     0  arm_startup_nrf52.o(.text)
    SWI1_EGU1_IRQHandler                     0x00000367   Thumb Code     0  arm_startup_nrf52.o(.text)
    SWI2_EGU2_IRQHandler                     0x00000367   Thumb Code     0  arm_startup_nrf52.o(.text)
    SWI3_EGU3_IRQHandler                     0x00000367   Thumb Code     0  arm_startup_nrf52.o(.text)
    SWI4_EGU4_IRQHandler                     0x00000367   Thumb Code     0  arm_startup_nrf52.o(.text)
    SWI5_EGU5_IRQHandler                     0x00000367   Thumb Code     0  arm_startup_nrf52.o(.text)
    TEMP_IRQHandler                          0x00000367   Thumb Code     0  arm_startup_nrf52.o(.text)
    TIMER0_IRQHandler                        0x00000367   Thumb Code     0  arm_startup_nrf52.o(.text)
    TIMER1_IRQHandler                        0x00000367   Thumb Code     0  arm_startup_nrf52.o(.text)
    TIMER2_IRQHandler                        0x00000367   Thumb Code     0  arm_startup_nrf52.o(.text)
    TIMER3_IRQHandler                        0x00000367   Thumb Code     0  arm_startup_nrf52.o(.text)
    TIMER4_IRQHandler                        0x00000367   Thumb Code     0  arm_startup_nrf52.o(.text)
    WDT_IRQHandler                           0x00000367   Thumb Code     0  arm_startup_nrf52.o(.text)
    __aeabi_uldivmod                         0x00000371   Thumb Code    98  uldiv.o(.text)
    __rt_ctype_table                         0x000003d5   Thumb Code     4  ctype_o.o(.text)
    __aeabi_memcpy                           0x000003dd   Thumb Code    36  memcpya.o(.text)
    __aeabi_memcpy4                          0x000003dd   Thumb Code     0  memcpya.o(.text)
    __aeabi_memcpy8                          0x000003dd   Thumb Code     0  memcpya.o(.text)
    __aeabi_memset                           0x00000401   Thumb Code    14  memseta.o(.text)
    __aeabi_memset4                          0x00000401   Thumb Code     0  memseta.o(.text)
    __aeabi_memset8                          0x00000401   Thumb Code     0  memseta.o(.text)
    __aeabi_memclr                           0x0000040f   Thumb Code     4  memseta.o(.text)
    __aeabi_memclr4                          0x0000040f   Thumb Code     0  memseta.o(.text)
    __aeabi_memclr8                          0x0000040f   Thumb Code     0  memseta.o(.text)
    _memset$wrapper                          0x00000413   Thumb Code    18  memseta.o(.text)
    strlen                                   0x00000425   Thumb Code    14  strlen.o(.text)
    __aeabi_llsl                             0x00000433   Thumb Code    30  llshl.o(.text)
    _ll_shift_l                              0x00000433   Thumb Code     0  llshl.o(.text)
    __aeabi_llsr                             0x00000451   Thumb Code    32  llushr.o(.text)
    _ll_ushift_r                             0x00000451   Thumb Code     0  llushr.o(.text)
    __scatterload                            0x00000471   Thumb Code    28  init.o(.text)
    __scatterload_rt2                        0x00000471   Thumb Code     0  init.o(.text)
    __decompress                             0x00000495   Thumb Code     0  __dczerorl2.o(.text)
    __decompress1                            0x00000495   Thumb Code    86  __dczerorl2.o(.text)
    GPIOTE_IRQHandler                        0x000004ed   Thumb Code   362  nrf_drv_gpiote.o(i.GPIOTE_IRQHandler)
    POWER_CLOCK_IRQHandler                   0x000006c5   Thumb Code    84  nrf_drv_clock.o(i.POWER_CLOCK_IRQHandler)
    PWM0_IRQHandler                          0x0000071d   Thumb Code     8  nrf_drv_pwm.o(i.PWM0_IRQHandler)
    PWM1_IRQHandler                          0x0000072d   Thumb Code     8  nrf_drv_pwm.o(i.PWM1_IRQHandler)
    PWM2_IRQHandler                          0x0000073d   Thumb Code     8  nrf_drv_pwm.o(i.PWM2_IRQHandler)
    RTC1_IRQHandler                          0x0000074d   Thumb Code    32  app_timer.o(i.RTC1_IRQHandler)
    SWI0_EGU0_IRQHandler                     0x00000771   Thumb Code     4  app_timer.o(i.SWI0_EGU0_IRQHandler)
    SystemInit                               0x00000775   Thumb Code   700  system_nrf52.o(i.SystemInit)
    UARTE0_UART0_IRQHandler                  0x00000a71   Thumb Code    20  nrf_drv_uart.o(i.UARTE0_UART0_IRQHandler)
    __scatterload_copy                       0x00000a8d   Thumb Code    14  handlers.o(i.__scatterload_copy)
    __scatterload_null                       0x00000a9b   Thumb Code     2  handlers.o(i.__scatterload_null)
    __scatterload_zeroinit                   0x00000a9d   Thumb Code    14  handlers.o(i.__scatterload_zeroinit)
    app_button_enable                        0x00000ab1   Thumb Code    32  app_button.o(i.app_button_enable)
    app_button_init                          0x00000ad5   Thumb Code    96  app_button.o(i.app_button_init)
    app_error_fault_handler                  0x00000b45   Thumb Code    26  main.o(i.app_error_fault_handler)
    app_error_handler_bare                   0x00000b5f   Thumb Code    22  app_error.o(i.app_error_handler_bare)
    app_error_save_and_stop                  0x00000b75   Thumb Code    96  app_error.o(i.app_error_save_and_stop)
    app_timer_create                         0x00000bd9   Thumb Code    32  app_timer.o(i.app_timer_create)
    app_timer_init                           0x00000bfd   Thumb Code    70  app_timer.o(i.app_timer_init)
    app_timer_start                          0x00000c51   Thumb Code   120  app_timer.o(i.app_timer_start)
    app_timer_stop                           0x00000cd1   Thumb Code    26  app_timer.o(i.app_timer_stop)
    app_util_critical_region_enter           0x00000cf1   Thumb Code     4  app_util_platform.o(i.app_util_critical_region_enter)
    app_util_critical_region_exit            0x00000cf5   Thumb Code     4  app_util_platform.o(i.app_util_critical_region_exit)
    app_util_disable_irq                     0x00000cf9   Thumb Code    12  app_util_platform.o(i.app_util_disable_irq)
    app_util_enable_irq                      0x00000d09   Thumb Code    14  app_util_platform.o(i.app_util_enable_irq)
    bsp_board_led_invert                     0x00000dd5   Thumb Code    32  boards.o(i.bsp_board_led_invert)
    bsp_board_led_off                        0x00000df9   Thumb Code    10  boards.o(i.bsp_board_led_off)
    bsp_board_led_on                         0x00000e09   Thumb Code    10  boards.o(i.bsp_board_led_on)
    bsp_board_led_state_get                  0x00000e19   Thumb Code    28  boards.o(i.bsp_board_led_state_get)
    bsp_board_leds_init                      0x00000e39   Thumb Code    38  boards.o(i.bsp_board_leds_init)
    bsp_board_leds_off                       0x00000e65   Thumb Code    18  boards.o(i.bsp_board_leds_off)
    bsp_board_leds_on                        0x00000e77   Thumb Code    18  boards.o(i.bsp_board_leds_on)
    bsp_board_pin_to_button_idx              0x00000e89   Thumb Code    30  boards.o(i.bsp_board_pin_to_button_idx)
    bsp_buttons_enable                       0x00000f3d   Thumb Code     4  bsp.o(i.bsp_buttons_enable)
    bsp_event_to_button_action_assign        0x00000f41   Thumb Code    64  bsp.o(i.bsp_event_to_button_action_assign)
    bsp_init                                 0x00000ffd   Thumb Code   126  bsp.o(i.bsp_init)
    buffer_is_empty                          0x000012c9   Thumb Code    16  nrf_log_frontend.o(i.buffer_is_empty)
    main                                     0x00001ce1   Thumb Code   102  main.o(i.main)
    nrf_balloc_alloc                         0x00001e17   Thumb Code    62  nrf_balloc.o(i.nrf_balloc_alloc)
    nrf_balloc_free                          0x00001e55   Thumb Code    42  nrf_balloc.o(i.nrf_balloc_free)
    nrf_balloc_init                          0x00001e7f   Thumb Code    48  nrf_balloc.o(i.nrf_balloc_init)
    nrf_drv_clock_init                       0x00001f69   Thumb Code    58  nrf_drv_clock.o(i.nrf_drv_clock_init)
    nrf_drv_clock_lfclk_request              0x00001fad   Thumb Code    86  nrf_drv_clock.o(i.nrf_drv_clock_lfclk_request)
    nrf_drv_common_irq_enable                0x00002023   Thumb Code    56  nrf_drv_common.o(i.nrf_drv_common_irq_enable)
    nrf_drv_gpiote_in_event_enable           0x00002061   Thumb Code   156  nrf_drv_gpiote.o(i.nrf_drv_gpiote_in_event_enable)
    nrf_drv_gpiote_in_init                   0x00002105   Thumb Code   172  nrf_drv_gpiote.o(i.nrf_drv_gpiote_in_init)
    nrf_drv_gpiote_in_is_set                 0x000021bd   Thumb Code    20  nrf_drv_gpiote.o(i.nrf_drv_gpiote_in_is_set)
    nrf_drv_gpiote_init                      0x000021d1   Thumb Code    84  nrf_drv_gpiote.o(i.nrf_drv_gpiote_init)
    nrf_drv_gpiote_is_init                   0x0000222d   Thumb Code    14  nrf_drv_gpiote.o(i.nrf_drv_gpiote_is_init)
    nrf_drv_pwm_complex_playback             0x00002251   Thumb Code    86  nrf_drv_pwm.o(i.nrf_drv_pwm_complex_playback)
    nrf_drv_pwm_init                         0x000022ad   Thumb Code   154  nrf_drv_pwm.o(i.nrf_drv_pwm_init)
    nrf_drv_pwm_simple_playback              0x0000234d   Thumb Code   106  nrf_drv_pwm.o(i.nrf_drv_pwm_simple_playback)
    nrf_drv_pwm_uninit                       0x000023bd   Thumb Code    48  nrf_drv_pwm.o(i.nrf_drv_pwm_uninit)
    nrf_drv_uart_init                        0x000023f1   Thumb Code    98  nrf_drv_uart.o(i.nrf_drv_uart_init)
    nrf_drv_uart_tx                          0x00002459   Thumb Code   262  nrf_drv_uart.o(i.nrf_drv_uart_tx)
    nrf_drv_uart_tx_in_progress              0x00002565   Thumb Code    18  nrf_drv_uart.o(i.nrf_drv_uart_tx_in_progress)
    nrf_drv_uart_uninit                      0x0000257d   Thumb Code    74  nrf_drv_uart.o(i.nrf_drv_uart_uninit)
    nrf_fprintf                              0x000025d1   Thumb Code    26  nrf_fprintf.o(i.nrf_fprintf)
    nrf_fprintf_buffer_flush                 0x000025eb   Thumb Code    24  nrf_fprintf.o(i.nrf_fprintf_buffer_flush)
    nrf_fprintf_fmt                          0x00002603   Thumb Code   474  nrf_fprintf_format.o(i.nrf_fprintf_fmt)
    nrf_log_backend_add                      0x00002905   Thumb Code    74  nrf_log_frontend.o(i.nrf_log_backend_add)
    nrf_log_backend_serial_put               0x00002955   Thumb Code   210  nrf_log_backend_serial.o(i.nrf_log_backend_serial_put)
    nrf_log_backend_uart_init                0x00002a29   Thumb Code     6  nrf_log_backend_uart.o(i.nrf_log_backend_uart_init)
    nrf_log_color_id_get                     0x00002a61   Thumb Code    42  nrf_log_frontend.o(i.nrf_log_color_id_get)
    nrf_log_default_backends_init            0x00002a91   Thumb Code    22  nrf_log_default_backends.o(i.nrf_log_default_backends_init)
    nrf_log_frontend_dequeue                 0x00002aad   Thumb Code   476  nrf_log_frontend.o(i.nrf_log_frontend_dequeue)
    nrf_log_frontend_std_0                   0x00002c91   Thumb Code     8  nrf_log_frontend.o(i.nrf_log_frontend_std_0)
    nrf_log_hexdump_entry_process            0x00002c99   Thumb Code   146  nrf_log_str_formatter.o(i.nrf_log_hexdump_entry_process)
    nrf_log_init                             0x00002d45   Thumb Code    70  nrf_log_frontend.o(i.nrf_log_init)
    nrf_log_module_cnt_get                   0x00002da1   Thumb Code    10  nrf_log_frontend.o(i.nrf_log_module_cnt_get)
    nrf_log_module_name_get                  0x00002db5   Thumb Code    24  nrf_log_frontend.o(i.nrf_log_module_name_get)
    nrf_log_std_entry_process                0x00002dd1   Thumb Code   182  nrf_log_str_formatter.o(i.nrf_log_std_entry_process)
    nrf_memobj_alloc                         0x00002e87   Thumb Code    96  nrf_memobj.o(i.nrf_memobj_alloc)
    nrf_memobj_free                          0x00002ee7   Thumb Code    50  nrf_memobj.o(i.nrf_memobj_free)
    nrf_memobj_get                           0x00002f19   Thumb Code    14  nrf_memobj.o(i.nrf_memobj_get)
    nrf_memobj_pool_init                     0x00002f27   Thumb Code     4  nrf_memobj.o(i.nrf_memobj_pool_init)
    nrf_memobj_put                           0x00002f2b   Thumb Code    34  nrf_memobj.o(i.nrf_memobj_put)
    nrf_memobj_read                          0x00002f4d   Thumb Code    12  nrf_memobj.o(i.nrf_memobj_read)
    nrf_memobj_write                         0x00002f59   Thumb Code    12  nrf_memobj.o(i.nrf_memobj_write)
    nrf_log_backend_uart_api                 0x00003938   Data          12  nrf_log_backend_uart.o(.constdata)
    __ctype_table                            0x00003978   Data         129  ctype_o.o(.constdata)
    Region$$Table$$Base                      0x00003a90   Number         0  anon$$obj.o(Region$$Table)
    Region$$Table$$Limit                     0x00003ab0   Number         0  anon$$obj.o(Region$$Table)
    log_const_data$$Base                     0x00003ab0   Number         0  nrf_drv_clock.o(log_const_data)
    m_nrf_log_clock_logs_data_const          0x00003ab0   Data           8  nrf_drv_clock.o(log_const_data)
    m_nrf_log_gpiote_logs_data_const         0x00003ab8   Data           8  nrf_drv_gpiote.o(log_const_data)
    m_nrf_log_pwm_logs_data_const            0x00003ac0   Data           8  nrf_drv_pwm.o(log_const_data)
    m_nrf_log_uart_logs_data_const           0x00003ac8   Data           8  nrf_drv_uart.o(log_const_data)
    m_nrf_log_balloc_logs_data_const         0x00003ad0   Data           8  nrf_balloc.o(log_const_data)
    m_nrf_log_app_logs_data_const            0x00003ad8   Data           8  nrf_log_frontend.o(log_const_data)
    log_const_data$$Limit                    0x00003ae0   Number         0  nrf_log_frontend.o(log_const_data)
    m_uart                                   0x200000b0   Data           8  nrf_log_backend_uart.o(.data)
    SystemCoreClock                          0x2000010c   Data           4  system_nrf52.o(.data)
    log_dynamic_data$$Base                   0x20000110   Number         0  nrf_drv_clock.o(log_dynamic_data)
    m_nrf_log_clock_logs_data_dynamic        0x20000110   Data          12  nrf_drv_clock.o(log_dynamic_data)
    m_nrf_log_gpiote_logs_data_dynamic       0x2000011c   Data          12  nrf_drv_gpiote.o(log_dynamic_data)
    m_nrf_log_pwm_logs_data_dynamic          0x20000128   Data          12  nrf_drv_pwm.o(log_dynamic_data)
    m_nrf_log_uart_logs_data_dynamic         0x20000134   Data          12  nrf_drv_uart.o(log_dynamic_data)
    m_nrf_log_balloc_logs_data_dynamic       0x20000140   Data          12  nrf_balloc.o(log_dynamic_data)
    m_nrf_log_app_logs_data_dynamic          0x2000014c   Data          12  nrf_log_frontend.o(log_dynamic_data)
    __initial_sp                             0x200029d0   Data           0  arm_startup_nrf52.o(STACK)



==============================================================================

Memory Map of the image

  Image Entry point : 0x00000201

  Load Region LR_IROM1 (Base: 0x00000000, Size: 0x00003c38, Max: 0x00080000, ABSOLUTE, COMPRESSED[0x00003b34])

    Execution Region ER_IROM1 (Base: 0x00000000, Size: 0x00003ae0, Max: 0x00080000, ABSOLUTE)

    Base Addr    Size         Type   Attr      Idx    E Section Name        Object

    0x00000000   0x00000200   Data   RO         2889    RESET               arm_startup_nrf52.o
    0x00000200   0x00000000   Code   RO         2930  * .ARM.Collect$$$$00000000  mc_w.l(entry.o)
    0x00000200   0x00000004   Code   RO         2980    .ARM.Collect$$$$00000001  mc_w.l(entry2.o)
    0x00000204   0x00000004   Code   RO         2983    .ARM.Collect$$$$00000004  mc_w.l(entry5.o)
    0x00000208   0x00000000   Code   RO         2985    .ARM.Collect$$$$00000008  mc_w.l(entry7b.o)
    0x00000208   0x00000000   Code   RO         2987    .ARM.Collect$$$$0000000A  mc_w.l(entry8b.o)
    0x00000208   0x00000008   Code   RO         2988    .ARM.Collect$$$$0000000B  mc_w.l(entry9a.o)
    0x00000210   0x00000000   Code   RO         2990    .ARM.Collect$$$$0000000D  mc_w.l(entry10a.o)
    0x00000210   0x00000000   Code   RO         2992    .ARM.Collect$$$$0000000F  mc_w.l(entry11a.o)
    0x00000210   0x00000004   Code   RO         2981    .ARM.Collect$$$$00002712  mc_w.l(entry2.o)
    0x00000214   0x0000009a   Code   RO         2016    .emb_text           nrf_memobj.o
    0x000002ae   0x00000002   PAD
    0x000002b0   0x0000009a   Code   RO         2297    .emb_text           nrf_log_frontend.o
    0x0000034a   0x00000002   PAD
    0x0000034c   0x00000024   Code   RO         2890    .text               arm_startup_nrf52.o
    0x00000370   0x00000062   Code   RO         2938    .text               mc_w.l(uldiv.o)
    0x000003d2   0x00000002   PAD
    0x000003d4   0x00000008   Code   RO         2940    .text               mc_w.l(ctype_o.o)
    0x000003dc   0x00000024   Code   RO         2968    .text               mc_w.l(memcpya.o)
    0x00000400   0x00000024   Code   RO         2970    .text               mc_w.l(memseta.o)
    0x00000424   0x0000000e   Code   RO         2972    .text               mc_w.l(strlen.o)
    0x00000432   0x0000001e   Code   RO         2995    .text               mc_w.l(llshl.o)
    0x00000450   0x00000020   Code   RO         2997    .text               mc_w.l(llushr.o)
    0x00000470   0x00000024   Code   RO         3000    .text               mc_w.l(init.o)
    0x00000494   0x00000056   Code   RO         3010    .text               mc_w.l(__dczerorl2.o)
    0x000004ea   0x00000002   PAD
    0x000004ec   0x00000174   Code   RO          732    i.GPIOTE_IRQHandler  nrf_drv_gpiote.o
    0x00000660   0x00000016   Code   RO         1634    i.NVIC_ClearPendingIRQ  app_timer.o
    0x00000676   0x00000016   Code   RO         1635    i.NVIC_EnableIRQ    app_timer.o
    0x0000068c   0x00000016   Code   RO         1636    i.NVIC_SetPendingIRQ  app_timer.o
    0x000006a2   0x00000020   Code   RO         1637    i.NVIC_SetPriority  app_timer.o
    0x000006c2   0x00000002   PAD
    0x000006c4   0x00000058   Code   RO          516    i.POWER_CLOCK_IRQHandler  nrf_drv_clock.o
    0x0000071c   0x00000010   Code   RO          979    i.PWM0_IRQHandler   nrf_drv_pwm.o
    0x0000072c   0x00000010   Code   RO          980    i.PWM1_IRQHandler   nrf_drv_pwm.o
    0x0000073c   0x00000010   Code   RO          981    i.PWM2_IRQHandler   nrf_drv_pwm.o
    0x0000074c   0x00000024   Code   RO         1638    i.RTC1_IRQHandler   app_timer.o
    0x00000770   0x00000004   Code   RO         1639    i.SWI0_EGU0_IRQHandler  app_timer.o
    0x00000774   0x000002fc   Code   RO         2898    i.SystemInit        system_nrf52.o
    0x00000a70   0x0000001c   Code   RO         1108    i.UARTE0_UART0_IRQHandler  nrf_drv_uart.o
    0x00000a8c   0x0000000e   Code   RO         3004    i.__scatterload_copy  mc_w.l(handlers.o)
    0x00000a9a   0x00000002   Code   RO         3005    i.__scatterload_null  mc_w.l(handlers.o)
    0x00000a9c   0x0000000e   Code   RO         3006    i.__scatterload_zeroinit  mc_w.l(handlers.o)
    0x00000aaa   0x00000006   Code   RO          357    i.alert_timer_handler  bsp.o
    0x00000ab0   0x00000024   Code   RO         1454    i.app_button_enable  app_button.o
    0x00000ad4   0x00000070   Code   RO         1455    i.app_button_init   app_button.o
    0x00000b44   0x0000001a   Code   RO            4    i.app_error_fault_handler  main.o
    0x00000b5e   0x00000016   Code   RO         1516    i.app_error_handler_bare  app_error.o
    0x00000b74   0x00000064   Code   RO         1517    i.app_error_save_and_stop  app_error.o
    0x00000bd8   0x00000024   Code   RO         1642    i.app_timer_create  app_timer.o
    0x00000bfc   0x00000054   Code   RO         1643    i.app_timer_init    app_timer.o
    0x00000c50   0x00000080   Code   RO         1646    i.app_timer_start   app_timer.o
    0x00000cd0   0x00000020   Code   RO         1647    i.app_timer_stop    app_timer.o
    0x00000cf0   0x00000004   Code   RO         1803    i.app_util_critical_region_enter  app_util_platform.o
    0x00000cf4   0x00000004   Code   RO         1804    i.app_util_critical_region_exit  app_util_platform.o
    0x00000cf8   0x00000010   Code   RO         1805    i.app_util_disable_irq  app_util_platform.o
    0x00000d08   0x00000014   Code   RO         1806    i.app_util_enable_irq  app_util_platform.o
    0x00000d1c   0x000000b8   Code   RO         1109    i.apply_config      nrf_drv_uart.o
    0x00000dd4   0x00000024   Code   RO          249    i.bsp_board_led_invert  boards.o
    0x00000df8   0x00000010   Code   RO          250    i.bsp_board_led_off  boards.o
    0x00000e08   0x00000010   Code   RO          251    i.bsp_board_led_on  boards.o
    0x00000e18   0x00000020   Code   RO          252    i.bsp_board_led_state_get  boards.o
    0x00000e38   0x0000002c   Code   RO          253    i.bsp_board_leds_init  boards.o
    0x00000e64   0x00000012   Code   RO          254    i.bsp_board_leds_off  boards.o
    0x00000e76   0x00000012   Code   RO          255    i.bsp_board_leds_on  boards.o
    0x00000e88   0x00000024   Code   RO          256    i.bsp_board_pin_to_button_idx  boards.o
    0x00000eac   0x00000090   Code   RO          358    i.bsp_button_event_handler  bsp.o
    0x00000f3c   0x00000004   Code   RO          361    i.bsp_buttons_enable  bsp.o
    0x00000f40   0x00000044   Code   RO          362    i.bsp_event_to_button_action_assign  bsp.o
    0x00000f84   0x00000078   Code   RO            5    i.bsp_evt_handler   main.o
    0x00000ffc   0x00000094   Code   RO          364    i.bsp_init          bsp.o
    0x00001090   0x000001b8   Code   RO          365    i.bsp_led_indication  bsp.o
    0x00001248   0x00000060   Code   RO         2298    i.buf_prealloc      nrf_log_frontend.o
    0x000012a8   0x0000001e   Code   RO         1976    i.buffer_add        nrf_fprintf_format.o
    0x000012c6   0x00000002   PAD
    0x000012c8   0x00000014   Code   RO         2299    i.buffer_is_empty   nrf_log_frontend.o
    0x000012dc   0x00000008   Code   RO          368    i.button_timer_handler  bsp.o
    0x000012e4   0x0000001c   Code   RO          733    i.channel_free      nrf_drv_gpiote.o
    0x00001300   0x00000048   Code   RO          734    i.channel_port_alloc  nrf_drv_gpiote.o
    0x00001348   0x00000010   Code   RO          735    i.channel_port_get  nrf_drv_gpiote.o
    0x00001358   0x00000028   Code   RO          517    i.clock_clk_started_notify  nrf_drv_clock.o
    0x00001380   0x000000ac   Code   RO         1649    i.compare_reg_update  app_timer.o
    0x0000142c   0x00000066   Code   RO          982    i.configure_pins    nrf_drv_pwm.o
    0x00001492   0x00000002   PAD
    0x00001494   0x00000070   Code   RO            6    i.demo1             main.o
    0x00001504   0x00000054   Code   RO            7    i.demo1_handler     main.o
    0x00001558   0x0000009c   Code   RO            8    i.demo2             main.o
    0x000015f4   0x0000006c   Code   RO            9    i.demo3             main.o
    0x00001660   0x00000178   Code   RO           10    i.demo4             main.o
    0x000017d8   0x0000006c   Code   RO           11    i.demo5             main.o
    0x00001844   0x00000060   Code   RO         1457    i.detection_delay_timeout_handler  app_button.o
    0x000018a4   0x00000040   Code   RO         1650    i.elapsed_ticks_acquire  app_timer.o
    0x000018e4   0x00000058   Code   RO         1458    i.gpiote_event_handler  app_button.o
    0x0000193c   0x000000a6   Code   RO         1977    i.int_print         nrf_fprintf_format.o
    0x000019e2   0x00000002   PAD
    0x000019e4   0x00000078   Code   RO         1110    i.interrupts_enable  nrf_drv_uart.o
    0x00001a5c   0x0000009c   Code   RO          983    i.irq_handler       nrf_drv_pwm.o
    0x00001af8   0x00000016   Code   RO          519    i.item_enqueue      nrf_drv_clock.o
    0x00001b0e   0x00000002   PAD
    0x00001b10   0x00000030   Code   RO          369    i.leds_off          bsp.o
    0x00001b40   0x00000014   Code   RO          370    i.leds_timer_handler  bsp.o
    0x00001b54   0x000000f8   Code   RO         1651    i.list_insertions_handler  app_timer.o
    0x00001c4c   0x00000094   Code   RO         2301    i.log_skip          nrf_log_frontend.o
    0x00001ce0   0x0000007c   Code   RO           12    i.main              main.o
    0x00001d5c   0x00000076   Code   RO         2017    i.memobj_op         nrf_memobj.o
    0x00001dd2   0x00000002   PAD
    0x00001dd4   0x00000034   Code   RO         2302    i.module_idx_get    nrf_log_frontend.o
    0x00001e08   0x0000000e   Code   RO         2303    i.nrf_atomic_flag_set  nrf_log_frontend.o
    0x00001e16   0x0000003e   Code   RO         1892    i.nrf_balloc_alloc  nrf_balloc.o
    0x00001e54   0x0000002a   Code   RO         1893    i.nrf_balloc_free   nrf_balloc.o
    0x00001e7e   0x00000030   Code   RO         1894    i.nrf_balloc_init   nrf_balloc.o
    0x00001eae   0x00000010   Code   RO          736    i.nrf_bitmask_bit_is_set  nrf_drv_gpiote.o
    0x00001ebe   0x0000000e   Code   RO          521    i.nrf_clock_event_check  nrf_drv_clock.o
    0x00001ecc   0x00000010   Code   RO          522    i.nrf_clock_event_clear  nrf_drv_clock.o
    0x00001edc   0x0000008c   Code   RO         1652    i.nrf_delay_us      app_timer.o
    0x00001f68   0x00000044   Code   RO          529    i.nrf_drv_clock_init  nrf_drv_clock.o
    0x00001fac   0x00000060   Code   RO          534    i.nrf_drv_clock_lfclk_request  nrf_drv_clock.o
    0x0000200c   0x00000016   Code   RO         1111    i.nrf_drv_common_irq_disable  nrf_drv_uart.o
    0x00002022   0x00000038   Code   RO          686    i.nrf_drv_common_irq_enable  nrf_drv_common.o
    0x0000205a   0x00000006   Code   RO         1112    i.nrf_drv_get_IRQn  nrf_drv_uart.o
    0x00002060   0x000000a4   Code   RO          741    i.nrf_drv_gpiote_in_event_enable  nrf_drv_gpiote.o
    0x00002104   0x000000b8   Code   RO          742    i.nrf_drv_gpiote_in_init  nrf_drv_gpiote.o
    0x000021bc   0x00000014   Code   RO          743    i.nrf_drv_gpiote_in_is_set  nrf_drv_gpiote.o
    0x000021d0   0x0000005c   Code   RO          745    i.nrf_drv_gpiote_init  nrf_drv_gpiote.o
    0x0000222c   0x00000014   Code   RO          746    i.nrf_drv_gpiote_is_init  nrf_drv_gpiote.o
    0x00002240   0x00000010   Code   RO         1113    i.nrf_drv_is_in_RAM  nrf_drv_uart.o
    0x00002250   0x0000005c   Code   RO          984    i.nrf_drv_pwm_complex_playback  nrf_drv_pwm.o
    0x000022ac   0x000000a0   Code   RO          985    i.nrf_drv_pwm_init  nrf_drv_pwm.o
    0x0000234c   0x00000070   Code   RO          987    i.nrf_drv_pwm_simple_playback  nrf_drv_pwm.o
    0x000023bc   0x00000034   Code   RO          989    i.nrf_drv_pwm_uninit  nrf_drv_pwm.o
    0x000023f0   0x00000068   Code   RO         1115    i.nrf_drv_uart_init  nrf_drv_uart.o
    0x00002458   0x0000010c   Code   RO         1123    i.nrf_drv_uart_tx   nrf_drv_uart.o
    0x00002564   0x00000018   Code   RO         1125    i.nrf_drv_uart_tx_in_progress  nrf_drv_uart.o
    0x0000257c   0x00000054   Code   RO         1126    i.nrf_drv_uart_uninit  nrf_drv_uart.o
    0x000025d0   0x0000001a   Code   RO         1933    i.nrf_fprintf       nrf_fprintf.o
    0x000025ea   0x00000018   Code   RO         1934    i.nrf_fprintf_buffer_flush  nrf_fprintf.o
    0x00002602   0x000001da   Code   RO         1978    i.nrf_fprintf_fmt   nrf_fprintf_format.o
    0x000027dc   0x00000024   Code   RO          258    i.nrf_gpio_cfg      boards.o
    0x00002800   0x00000024   Code   RO          760    i.nrf_gpio_cfg      nrf_drv_gpiote.o
    0x00002824   0x00000024   Code   RO         1127    i.nrf_gpio_cfg      nrf_drv_uart.o
    0x00002848   0x00000012   Code   RO         1128    i.nrf_gpio_cfg_default  nrf_drv_uart.o
    0x0000285a   0x00000012   Code   RO         1129    i.nrf_gpio_cfg_input  nrf_drv_uart.o
    0x0000286c   0x00000014   Code   RO         1130    i.nrf_gpio_cfg_output  nrf_drv_uart.o
    0x00002880   0x00000022   Code   RO          762    i.nrf_gpio_cfg_sense_set  nrf_drv_gpiote.o
    0x000028a2   0x00000016   Code   RO          259    i.nrf_gpio_pin_write  boards.o
    0x000028b8   0x00000028   Code   RO          763    i.nrf_gpio_ports_read  nrf_drv_gpiote.o
    0x000028e0   0x00000014   Code   RO          764    i.nrf_gpiote_event_clear  nrf_drv_gpiote.o
    0x000028f4   0x00000010   Code   RO          765    i.nrf_gpiote_event_is_set  nrf_drv_gpiote.o
    0x00002904   0x00000050   Code   RO         2304    i.nrf_log_backend_add  nrf_log_frontend.o
    0x00002954   0x000000d2   Code   RO         2152    i.nrf_log_backend_serial_put  nrf_log_backend_serial.o
    0x00002a26   0x00000002   Code   RO         2192    i.nrf_log_backend_uart_flush  nrf_log_backend_uart.o
    0x00002a28   0x00000006   Code   RO         2193    i.nrf_log_backend_uart_init  nrf_log_backend_uart.o
    0x00002a2e   0x00000002   PAD
    0x00002a30   0x00000018   Code   RO         2194    i.nrf_log_backend_uart_panic_set  nrf_log_backend_uart.o
    0x00002a48   0x00000018   Code   RO         2195    i.nrf_log_backend_uart_put  nrf_log_backend_uart.o
    0x00002a60   0x00000030   Code   RO         2306    i.nrf_log_color_id_get  nrf_log_frontend.o
    0x00002a90   0x0000001c   Code   RO         2264    i.nrf_log_default_backends_init  nrf_log_default_backends.o
    0x00002aac   0x000001e4   Code   RO         2307    i.nrf_log_frontend_dequeue  nrf_log_frontend.o
    0x00002c90   0x00000008   Code   RO         2309    i.nrf_log_frontend_std_0  nrf_log_frontend.o
    0x00002c98   0x000000ac   Code   RO         2489    i.nrf_log_hexdump_entry_process  nrf_log_str_formatter.o
    0x00002d44   0x0000005c   Code   RO         2316    i.nrf_log_init      nrf_log_frontend.o
    0x00002da0   0x00000014   Code   RO         2317    i.nrf_log_module_cnt_get  nrf_log_frontend.o
    0x00002db4   0x0000001c   Code   RO         2320    i.nrf_log_module_name_get  nrf_log_frontend.o
    0x00002dd0   0x000000b6   Code   RO         2490    i.nrf_log_std_entry_process  nrf_log_str_formatter.o
    0x00002e86   0x00000060   Code   RO         2018    i.nrf_memobj_alloc  nrf_memobj.o
    0x00002ee6   0x00000032   Code   RO         2019    i.nrf_memobj_free   nrf_memobj.o
    0x00002f18   0x0000000e   Code   RO         2020    i.nrf_memobj_get    nrf_memobj.o
    0x00002f26   0x00000004   Code   RO         2021    i.nrf_memobj_pool_init  nrf_memobj.o
    0x00002f2a   0x00000022   Code   RO         2022    i.nrf_memobj_put    nrf_memobj.o
    0x00002f4c   0x0000000c   Code   RO         2023    i.nrf_memobj_read   nrf_memobj.o
    0x00002f58   0x0000000c   Code   RO         2024    i.nrf_memobj_write  nrf_memobj.o
    0x00002f64   0x0000000a   Code   RO          990    i.nrf_pwm_event_check  nrf_drv_pwm.o
    0x00002f6e   0x0000000c   Code   RO          991    i.nrf_pwm_event_clear  nrf_drv_pwm.o
    0x00002f7a   0x0000001e   Code   RO          992    i.nrf_pwm_sequence_set  nrf_drv_pwm.o
    0x00002f98   0x0000000a   Code   RO         1131    i.nrf_uart_event_check  nrf_drv_uart.o
    0x00002fa2   0x0000000c   Code   RO         1132    i.nrf_uart_event_clear  nrf_drv_uart.o
    0x00002fae   0x0000000c   Code   RO         1133    i.nrf_uart_int_enable_check  nrf_drv_uart.o
    0x00002fba   0x0000000a   Code   RO         1134    i.nrf_uarte_event_check  nrf_drv_uart.o
    0x00002fc4   0x0000000c   Code   RO         1135    i.nrf_uarte_event_clear  nrf_drv_uart.o
    0x00002fd0   0x00000018   Code   RO          766    i.pin_in_use_by_port  nrf_drv_gpiote.o
    0x00002fe8   0x00000018   Code   RO          767    i.pin_in_use_by_te  nrf_drv_gpiote.o
    0x00003000   0x00000078   Code   RO         1136    i.pins_to_default   nrf_drv_uart.o
    0x00003078   0x0000003c   Code   RO         2491    i.postfix_process   nrf_log_str_formatter.o
    0x000030b4   0x0000005c   Code   RO         2492    i.prefix_process    nrf_log_str_formatter.o
    0x00003110   0x0000003c   Code   RO         1653    i.rtc1_stop         app_timer.o
    0x0000314c   0x00000032   Code   RO         1137    i.rx_byte           nrf_drv_uart.o
    0x0000317e   0x00000018   Code   RO         1138    i.rx_done_event     nrf_drv_uart.o
    0x00003196   0x00000002   PAD
    0x00003198   0x00000028   Code   RO         2196    i.serial_tx         nrf_log_backend_uart.o
    0x000031c0   0x0000004c   Code   RO          993    i.start_playback    nrf_drv_pwm.o
    0x0000320c   0x00000090   Code   RO         2323    i.std_n             nrf_log_frontend.o
    0x0000329c   0x00000080   Code   RO         1654    i.timer_list_handler  app_timer.o
    0x0000331c   0x0000003c   Code   RO         1655    i.timer_list_insert  app_timer.o
    0x00003358   0x00000060   Code   RO         1656    i.timer_list_remove  app_timer.o
    0x000033b8   0x00000040   Code   RO         1657    i.timer_stop_op_schedule  app_timer.o
    0x000033f8   0x00000074   Code   RO         1658    i.timer_timeouts_check  app_timer.o
    0x0000346c   0x00000020   Code   RO         1140    i.tx_byte           nrf_drv_uart.o
    0x0000348c   0x0000001c   Code   RO         1141    i.tx_done_event     nrf_drv_uart.o
    0x000034a8   0x0000000c   Code   RO         2197    i.uart_evt_handler  nrf_log_backend_uart.o
    0x000034b4   0x00000050   Code   RO         2198    i.uart_init         nrf_log_backend_uart.o
    0x00003504   0x0000011e   Code   RO         1142    i.uart_irq_handler  nrf_drv_uart.o
    0x00003622   0x000000f0   Code   RO         1143    i.uarte_irq_handler  nrf_drv_uart.o
    0x00003712   0x00000002   PAD
    0x00003714   0x000000b4   Code   RO         1979    i.unsigned_print    nrf_fprintf_format.o
    0x000037c8   0x00000030   Code   RO         1659    i.user_op_alloc     app_timer.o
    0x000037f8   0x000000f0   Data   RO           14    .constdata          main.o
    0x000038e8   0x00000008   Data   RO          260    .constdata          boards.o
    0x000038f0   0x0000002c   Data   RO          376    .constdata          bsp.o
    0x0000391c   0x00000004   Data   RO          769    .constdata          nrf_drv_gpiote.o
    0x00003920   0x00000008   Data   RO         1460    .constdata          app_button.o
    0x00003928   0x00000010   Data   RO         1980    .constdata          nrf_fprintf_format.o
    0x00003938   0x0000000c   Data   RO         2200    .constdata          nrf_log_backend_uart.o
    0x00003944   0x00000020   Data   RO         2201    .constdata          nrf_log_backend_uart.o
    0x00003964   0x00000014   Data   RO         2326    .constdata          nrf_log_frontend.o
    0x00003978   0x00000081   Data   RO         2941    .constdata          mc_w.l(ctype_o.o)
    0x000039f9   0x00000003   PAD
    0x000039fc   0x00000004   Data   RO         2942    .constdata          mc_w.l(ctype_o.o)
    0x00003a00   0x00000066   Data   RO         2493    .conststring        nrf_log_str_formatter.o
    0x00003a66   0x00000002   PAD
    0x00003a68   0x00000006   Data   RO          541    .conststrlit        nrf_drv_clock.o
    0x00003a6e   0x00000002   PAD
    0x00003a70   0x00000007   Data   RO          773    .conststrlit        nrf_drv_gpiote.o
    0x00003a77   0x00000001   PAD
    0x00003a78   0x00000004   Data   RO         1000    .conststrlit        nrf_drv_pwm.o
    0x00003a7c   0x00000005   Data   RO         1145    .conststrlit        nrf_drv_uart.o
    0x00003a81   0x00000003   PAD
    0x00003a84   0x00000007   Data   RO         1895    .conststrlit        nrf_balloc.o
    0x00003a8b   0x00000001   PAD
    0x00003a8c   0x00000004   Data   RO         2328    .conststrlit        nrf_log_frontend.o
    0x00003a90   0x00000020   Data   RO         3002    Region$$Table       anon$$obj.o
    0x00003ab0   0x00000008   Data   RO          542    log_const_data      nrf_drv_clock.o
    0x00003ab8   0x00000008   Data   RO          774    log_const_data      nrf_drv_gpiote.o
    0x00003ac0   0x00000008   Data   RO         1001    log_const_data      nrf_drv_pwm.o
    0x00003ac8   0x00000008   Data   RO         1146    log_const_data      nrf_drv_uart.o
    0x00003ad0   0x00000008   Data   RO         1896    log_const_data      nrf_balloc.o
    0x00003ad8   0x00000008   Data   RO         2332    log_const_data      nrf_log_frontend.o


    Execution Region RW_IRAM1 (Base: 0x20000000, Size: 0x000029d0, Max: 0x00010000, ABSOLUTE, COMPRESSED[0x00000054])

    Base Addr    Size         Type   Attr      Idx    E Section Name        Object

    0x20000000   0x00000024   Data   RW           15    .data               main.o
    0x20000024   0x0000000c   Data   RW           16    .data               main.o
    0x20000030   0x0000000c   Data   RW           17    .data               main.o
    0x2000003c   0x00000010   Data   RW           18    .data               main.o
    0x2000004c   0x00000004   Data   RW           19    .data               main.o
    0x20000050   0x00000020   Data   RW           20    .data               main.o
    0x20000070   0x00000010   Data   RW          377    .data               bsp.o
    0x20000080   0x00000014   Data   RW         1461    .data               app_button.o
    0x20000094   0x00000014   Data   RW         1661    .data               app_timer.o
    0x200000a8   0x00000004   Data   RW         1809    .data               app_util_platform.o
    0x200000ac   0x0000000c   Data   RW         2202    .data               nrf_log_backend_uart.o
    0x200000b8   0x0000000c   Data   RW         2265    .data               nrf_log_default_backends.o
    0x200000c4   0x00000008   Data   RW         2330    .data               nrf_log_frontend.o
    0x200000cc   0x00000008   Data   RW         2331    .data               nrf_log_frontend.o
    0x200000d4   0x00000038   Data   RW         2494    .data               nrf_log_str_formatter.o
    0x2000010c   0x00000004   Data   RW         2899    .data               system_nrf52.o
    0x20000110   0x0000000c   Data   RW          543    log_dynamic_data    nrf_drv_clock.o
    0x2000011c   0x0000000c   Data   RW          775    log_dynamic_data    nrf_drv_gpiote.o
    0x20000128   0x0000000c   Data   RW         1002    log_dynamic_data    nrf_drv_pwm.o
    0x20000134   0x0000000c   Data   RW         1147    log_dynamic_data    nrf_drv_uart.o
    0x20000140   0x0000000c   Data   RW         1897    log_dynamic_data    nrf_balloc.o
    0x2000014c   0x0000000c   Data   RW         2333    log_dynamic_data    nrf_log_frontend.o
    0x20000158   0x000000fa   Zero   RW           13    .bss                main.o
    0x20000252   0x00000002   PAD
    0x20000254   0x00000020   Zero   RW          372    .bss                bsp.o
    0x20000274   0x00000020   Zero   RW          373    .bss                bsp.o
    0x20000294   0x0000000c   Zero   RW          374    .bss                bsp.o
    0x200002a0   0x00000020   Zero   RW          375    .bss                bsp.o
    0x200002c0   0x00000014   Zero   RW          536    .bss                nrf_drv_clock.o
    0x200002d4   0x00000058   Zero   RW          768    .bss                nrf_drv_gpiote.o
    0x2000032c   0x00000018   Zero   RW          994    .bss                nrf_drv_pwm.o
    0x20000344   0x00000020   Zero   RW         1144    .bss                nrf_drv_uart.o
    0x20000364   0x00000020   Zero   RW         1459    .bss                app_button.o
    0x20000384   0x00000020   Zero   RW         1518    .bss                app_error.o
    0x200003a4   0x0000010c   Zero   RW         1660    .bss                app_timer.o
    0x200004b0   0x00000040   Zero   RW         2199    .bss                nrf_log_backend_uart.o
    0x200004f0   0x000000c0   Zero   RW         2324    .bss                nrf_log_frontend.o
    0x200005b0   0x00000420   Zero   RW         2325    .bss                nrf_log_frontend.o
    0x200009d0   0x00002000   Zero   RW         2887    STACK               arm_startup_nrf52.o


==============================================================================

Image component sizes


      Code (inc. data)   RO Data    RW Data    ZI Data      Debug   Object Name

       332         34          8         20         32      10518   app_button.o
       122          4          0          0         32       3927   app_error.o
         0          0          0          0          0      26607   app_error_weak.o
      1614        122          0         20        268      48395   app_timer.o
        44         10          0          4          0       3548   app_util_platform.o
        36          8        512          0       8192        956   arm_startup_nrf52.o
       274         32          8          0          0      12273   boards.o
       886         80         44         16        108      13788   bsp.o
      1214        154        240        112        250      69733   main.o
       152          0         15         12          0       4037   nrf_balloc.o
       344         30         14         12         20      20964   nrf_drv_clock.o
        56          0          0          0          0      27591   nrf_drv_common.o
      1178         84         19         12         88      29578   nrf_drv_gpiote.o
       850         46         12         12         24      53354   nrf_drv_pwm.o
      1784         60         13         12         32      41802   nrf_drv_uart.o
        50          0          0          0          0       3669   nrf_fprintf.o
       850          4         16          0          0       5650   nrf_fprintf_format.o
       210          0          0          0          0      11287   nrf_log_backend_serial.o
       188         36         44         12         64      12726   nrf_log_backend_uart.o
        28          6          0         12          0       3335   nrf_log_default_backends.o
      1388         82         32         28       1248      29145   nrf_log_frontend.o
       506         66        102         56          0       5800   nrf_log_str_formatter.o
       494          0          0          0          0      12035   nrf_memobj.o
         0          0          0          0          0       1472   nrf_nvic.o
       764         64          0          4          0       3059   system_nrf52.o

    ----------------------------------------------------------------------
     13386        922       1120        344      10360     455249   Object Totals
         0          0         32          0          0          0   (incl. Generated)
        22          0          9          0          2          0   (incl. Padding)

    ----------------------------------------------------------------------

      Code (inc. data)   RO Data    RW Data    ZI Data      Debug   Library Member Name

        86          0          0          0          0          0   __dczerorl2.o
         8          4        133          0          0         68   ctype_o.o
         0          0          0          0          0          0   entry.o
         0          0          0          0          0          0   entry10a.o
         0          0          0          0          0          0   entry11a.o
         8          4          0          0          0          0   entry2.o
         4          0          0          0          0          0   entry5.o
         0          0          0          0          0          0   entry7b.o
         0          0          0          0          0          0   entry8b.o
         8          4          0          0          0          0   entry9a.o
        30          0          0          0          0          0   handlers.o
        36          8          0          0          0         68   init.o
        30          0          0          0          0         68   llshl.o
        32          0          0          0          0         68   llushr.o
        36          0          0          0          0         68   memcpya.o
        36          0          0          0          0        108   memseta.o
        14          0          0          0          0         68   strlen.o
        98          0          0          0          0         92   uldiv.o

    ----------------------------------------------------------------------
       430         20        136          0          0        608   Library Totals
         4          0          3          0          0          0   (incl. Padding)

    ----------------------------------------------------------------------

      Code (inc. data)   RO Data    RW Data    ZI Data      Debug   Library Name

       426         20        133          0          0        608   mc_w.l

    ----------------------------------------------------------------------
       430         20        136          0          0        608   Library Totals

    ----------------------------------------------------------------------

==============================================================================


      Code (inc. data)   RO Data    RW Data    ZI Data      Debug   

     13816        942       1256        344      10360     439685   Grand Totals
     13816        942       1256         84      10360     439685   ELF Image Totals (compressed)
     13816        942       1256         84          0          0   ROM Totals

==============================================================================

    Total RO  Size (Code + RO Data)                15072 (  14.72kB)
    Total RW  Size (RW Data + ZI Data)             10704 (  10.45kB)
    Total ROM Size (Code + RO Data + RW Data)      15156 (  14.80kB)

==============================================================================

