<html>
<body>
<pre>
<h1>µVision Build Log</h1>
<h2>Tool Versions:</h2>
IDE-Version: ¦ÌVision V5.21.1.0
Copyright (C) 2016 ARM Ltd and ARM Germany GmbH. All rights reserved.
License Information: zhu wentao, UESTC, LIC=----
 
Tool Versions:
Toolchain:       MDK-Lite  Version: 5.21a
Toolchain Path:  C:\Keil_v5\ARM\ARMCC\Bin
C Compiler:      Armcc.exe V5.06 update 3 (build 300)
Assembler:       Armasm.exe V5.06 update 3 (build 300)
Linker/Locator:  ArmLink.exe V5.06 update 3 (build 300)
Library Manager: ArmAr.exe V5.06 update 3 (build 300)
Hex Converter:   FromElf.exe V5.06 update 3 (build 300)
CPU DLL:         
Dialog DLL:      
Target DLL:      Segger\JL2CM3.dll V2.99.23.0
Dialog DLL:      TCM.DLL V1.14.14.0
 
<h2>Project:</h2>
E:\È«ÐÂÒ©ºÐ\µÍÅä°æ_52810\mediaBox\nRF5_SDK_14.2.0_17b948a\nRF5_SDK_14.2.0_17b948a\examples\peripheral\pwm_library\pca10040\blank\arm5_no_packs\pwm_library_pca10040.uvprojx
Project File Date:  11/15/2017

<h2>Output:</h2>
*** Using Compiler 'V5.06 update 3 (build 300)', folder: 'C:\Keil_v5\ARM\ARMCC\Bin'
Build target 'nrf52832_xxaa'
compiling boards.c...
compiling nrf_drv_common.c...
compiling main.c...
compiling nrf_drv_gpiote.c...
compiling nrf_drv_ppi.c...
compiling nrf_drv_timer.c...
compiling nrf_nvic.c...
compiling nrf_soc.c...
compiling app_error_weak.c...
compiling app_error.c...
compiling app_pwm.c...
compiling app_util_platform.c...
compiling nrf_assert.c...
compiling nrf_balloc.c...
compiling nrf_memobj.c...
compiling nrf_strerror.c...
assembling arm_startup_nrf52.s...
compiling nrf_log_frontend.c...
compiling system_nrf52.c...
linking...
Program Size: Code=4844 RO-data=596 RW-data=28 ZI-data=8380  
FromELF: creating hex file...
".\_build\nrf52832_xxaa.axf" - 0 Error(s), 0 Warning(s).

<h2>Software Packages used:</h2>

Package Vendor: ARM
                http://www.keil.com/pack/ARM.CMSIS.4.5.0.pack
                ARM::CMSIS:CORE:4.3.0
                CMSIS (Cortex Microcontroller Software Interface Standard)
   * Component: CORE Version: 4.3.0

Package Vendor: NordicSemiconductor
                http://developer.nordicsemi.com/nRF5_SDK/pieces/nRF_DeviceFamilyPack/NordicSemiconductor.nRF_DeviceFamilyPack.8.15.0.pack
                NordicSemiconductor::Device:Startup:8.15.0
                Nordic Semiconductor nRF ARM devices Device Family Pack.
   * Component: Startup Version: 8.15.0

<h2>Collection of Component include folders:</h2>
  E:\È«ÐÂÒ©ºÐ\µÍÅä°æ_52810\mediaBox\nRF5_SDK_14.2.0_17b948a\nRF5_SDK_14.2.0_17b948a\examples\peripheral\pwm_library\pca10040\blank\arm5_no_packs\RTE
  C:\Keil_v5\ARM\PACK\ARM\CMSIS\4.5.0\CMSIS\Include
  C:\Keil_v5\ARM\PACK\NordicSemiconductor\nRF_DeviceFamilyPack\8.15.0\Device\Include
  C:\Keil_v5\ARM\PACK\NordicSemiconductor\nRF_DeviceFamilyPack\8.15.2\Device\Include

<h2>Collection of Component Files used:</h2>

   * Component: ARM::CMSIS:CORE:4.3.0

   * Component: NordicSemiconductor::Device:Startup:8.15.0
      Source file:   Device\Source\arm\arm_startup_nrf52.s
      Source file:   Device\Source\system_nrf52.c
      Include file:  Device\Include\system_nrf52.h
Build Time Elapsed:  00:00:24
</pre>
</body>
</html>
